Archive member included to satisfy reference by file (symbol)

c:/progra~2/gnuarm~1/102021~1.10/bin/../lib/gcc/arm-none-eabi/10.3.1/thumb/v7-m/nofp\libgcc.a(_arm_muldf3.o)
                              CMakeFiles/uarttest.elf.dir/InverseKinematics/Src/InverseKinematics.c.obj (__aeabi_dmul)
c:/progra~2/gnuarm~1/102021~1.10/bin/../lib/gcc/arm-none-eabi/10.3.1/thumb/v7-m/nofp\libgcc.a(_arm_addsubdf3.o)
                              CMakeFiles/uarttest.elf.dir/HexaPod/Src/HexaPod.c.obj (__aeabi_dsub)
c:/progra~2/gnuarm~1/102021~1.10/bin/../lib/gcc/arm-none-eabi/10.3.1/thumb/v7-m/nofp\libgcc.a(_arm_muldivdf3.o)
                              CMakeFiles/uarttest.elf.dir/InverseKinematics/Src/InverseKinematics.c.obj (__aeabi_ddiv)
c:/progra~2/gnuarm~1/102021~1.10/bin/../lib/gcc/arm-none-eabi/10.3.1/thumb/v7-m/nofp\libgcc.a(_arm_fixunsdfsi.o)
                              CMakeFiles/uarttest.elf.dir/Servo/Src/Servo.c.obj (__aeabi_d2uiz)
c:/progra~2/gnuarm~1/102021~1.10/bin/../lib/gcc/arm-none-eabi/10.3.1/../../../../arm-none-eabi/lib/thumb/v7-m/nofp\libg.a(lib_a-errno.o)
                              CMakeFiles/uarttest.elf.dir/Core/Src/syscalls.c.obj (__errno)
c:/progra~2/gnuarm~1/102021~1.10/bin/../lib/gcc/arm-none-eabi/10.3.1/../../../../arm-none-eabi/lib/thumb/v7-m/nofp\libg.a(lib_a-exit.o)
                              c:/progra~2/gnuarm~1/102021~1.10/bin/../lib/gcc/arm-none-eabi/10.3.1/../../../../arm-none-eabi/lib/thumb/v7-m/nofp/crt0.o (exit)
c:/progra~2/gnuarm~1/102021~1.10/bin/../lib/gcc/arm-none-eabi/10.3.1/../../../../arm-none-eabi/lib/thumb/v7-m/nofp\libg.a(lib_a-impure.o)
                              c:/progra~2/gnuarm~1/102021~1.10/bin/../lib/gcc/arm-none-eabi/10.3.1/../../../../arm-none-eabi/lib/thumb/v7-m/nofp\libg.a(lib_a-exit.o) (_global_impure_ptr)
c:/progra~2/gnuarm~1/102021~1.10/bin/../lib/gcc/arm-none-eabi/10.3.1/../../../../arm-none-eabi/lib/thumb/v7-m/nofp\libg.a(lib_a-init.o)
                              c:/progra~2/gnuarm~1/102021~1.10/bin/../lib/gcc/arm-none-eabi/10.3.1/../../../../arm-none-eabi/lib/thumb/v7-m/nofp/crt0.o (__libc_init_array)
c:/progra~2/gnuarm~1/102021~1.10/bin/../lib/gcc/arm-none-eabi/10.3.1/../../../../arm-none-eabi/lib/thumb/v7-m/nofp\libg.a(lib_a-memset.o)
                              c:/progra~2/gnuarm~1/102021~1.10/bin/../lib/gcc/arm-none-eabi/10.3.1/../../../../arm-none-eabi/lib/thumb/v7-m/nofp/crt0.o (memset)
c:/progra~2/gnuarm~1/102021~1.10/bin/../lib/gcc/arm-none-eabi/10.3.1/../../../../arm-none-eabi/lib/thumb/v7-m/nofp\libg.a(lib_a-__call_atexit.o)
                              c:/progra~2/gnuarm~1/102021~1.10/bin/../lib/gcc/arm-none-eabi/10.3.1/../../../../arm-none-eabi/lib/thumb/v7-m/nofp\libg.a(lib_a-exit.o) (__call_exitprocs)
c:/progra~2/gnuarm~1/102021~1.10/bin/../lib/gcc/arm-none-eabi/10.3.1/../../../../arm-none-eabi/lib/thumb/v7-m/nofp\libg.a(lib_a-atexit.o)
                              c:/progra~2/gnuarm~1/102021~1.10/bin/../lib/gcc/arm-none-eabi/10.3.1/../../../../arm-none-eabi/lib/thumb/v7-m/nofp\libg.a(lib_a-__call_atexit.o) (atexit)
c:/progra~2/gnuarm~1/102021~1.10/bin/../lib/gcc/arm-none-eabi/10.3.1/../../../../arm-none-eabi/lib/thumb/v7-m/nofp\libg.a(lib_a-fini.o)
                              c:/progra~2/gnuarm~1/102021~1.10/bin/../lib/gcc/arm-none-eabi/10.3.1/../../../../arm-none-eabi/lib/thumb/v7-m/nofp\libg.a(lib_a-__call_atexit.o) (__libc_fini_array)
c:/progra~2/gnuarm~1/102021~1.10/bin/../lib/gcc/arm-none-eabi/10.3.1/../../../../arm-none-eabi/lib/thumb/v7-m/nofp\libg.a(lib_a-lock.o)
                              c:/progra~2/gnuarm~1/102021~1.10/bin/../lib/gcc/arm-none-eabi/10.3.1/../../../../arm-none-eabi/lib/thumb/v7-m/nofp\libg.a(lib_a-__call_atexit.o) (__retarget_lock_acquire_recursive)
c:/progra~2/gnuarm~1/102021~1.10/bin/../lib/gcc/arm-none-eabi/10.3.1/../../../../arm-none-eabi/lib/thumb/v7-m/nofp\libg.a(lib_a-__atexit.o)
                              c:/progra~2/gnuarm~1/102021~1.10/bin/../lib/gcc/arm-none-eabi/10.3.1/../../../../arm-none-eabi/lib/thumb/v7-m/nofp\libg.a(lib_a-atexit.o) (__register_exitproc)
c:/progra~2/gnuarm~1/102021~1.10/bin/../lib/gcc/arm-none-eabi/10.3.1/../../../../arm-none-eabi/lib/thumb/v7-m/nofp\libm.a(lib_a-s_atan.o)
                              CMakeFiles/uarttest.elf.dir/InverseKinematics/Src/InverseKinematics.c.obj (atan)
c:/progra~2/gnuarm~1/102021~1.10/bin/../lib/gcc/arm-none-eabi/10.3.1/../../../../arm-none-eabi/lib/thumb/v7-m/nofp\libm.a(lib_a-s_cos.o)
                              CMakeFiles/uarttest.elf.dir/InverseKinematics/Src/InverseKinematics.c.obj (cos)
c:/progra~2/gnuarm~1/102021~1.10/bin/../lib/gcc/arm-none-eabi/10.3.1/../../../../arm-none-eabi/lib/thumb/v7-m/nofp\libm.a(lib_a-s_fabs.o)
                              c:/progra~2/gnuarm~1/102021~1.10/bin/../lib/gcc/arm-none-eabi/10.3.1/../../../../arm-none-eabi/lib/thumb/v7-m/nofp\libm.a(lib_a-s_atan.o) (fabs)
[...]
Memory Configuration

Name             Origin             Length             Attributes
RAM              0x20000000         0x00010000         xrw
FLASH            0x08000000         0x00080000         xr
*default*        0x00000000         0xffffffff

Linker script and memory map

LOAD c:/progra~2/gnuarm~1/102021~1.10/bin/../lib/gcc/arm-none-eabi/10.3.1/thumb/v7-m/nofp/crti.o
LOAD c:/progra~2/gnuarm~1/102021~1.10/bin/../lib/gcc/arm-none-eabi/10.3.1/thumb/v7-m/nofp/crtbegin.o
LOAD c:/progra~2/gnuarm~1/102021~1.10/bin/../lib/gcc/arm-none-eabi/10.3.1/../../../../arm-none-eabi/lib/thumb/v7-m/nofp/crt0.o
LOAD CMakeFiles/uarttest.elf.dir/Core/Src/main.c.obj
LOAD CMakeFiles/uarttest.elf.dir/Core/Src/stm32f1xx_hal_msp.c.obj
LOAD CMakeFiles/uarttest.elf.dir/Core/Src/stm32f1xx_it.c.obj
LOAD CMakeFiles/uarttest.elf.dir/Core/Src/syscalls.c.obj
LOAD CMakeFiles/uarttest.elf.dir/Core/Src/sysmem.c.obj
LOAD CMakeFiles/uarttest.elf.dir/Core/Src/system_stm32f1xx.c.obj
LOAD CMakeFiles/uarttest.elf.dir/Core/Startup/startup_stm32f103zetx.s.obj
LOAD CMakeFiles/uarttest.elf.dir/Drivers/STM32F1xx_HAL_Driver/Src/stm32f1xx_hal.c.obj
LOAD CMakeFiles/uarttest.elf.dir/Drivers/STM32F1xx_HAL_Driver/Src/stm32f1xx_hal_cortex.c.obj
LOAD CMakeFiles/uarttest.elf.dir/Drivers/STM32F1xx_HAL_Driver/Src/stm32f1xx_hal_dma.c.obj
LOAD CMakeFiles/uarttest.elf.dir/Drivers/STM32F1xx_HAL_Driver/Src/stm32f1xx_hal_exti.c.obj
LOAD CMakeFiles/uarttest.elf.dir/Drivers/STM32F1xx_HAL_Driver/Src/stm32f1xx_hal_flash.c.obj
LOAD CMakeFiles/uarttest.elf.dir/Drivers/STM32F1xx_HAL_Driver/Src/stm32f1xx_hal_flash_ex.c.obj
LOAD CMakeFiles/uarttest.elf.dir/Drivers/STM32F1xx_HAL_Driver/Src/stm32f1xx_hal_gpio.c.obj
LOAD CMakeFiles/uarttest.elf.dir/Drivers/STM32F1xx_HAL_Driver/Src/stm32f1xx_hal_gpio_ex.c.obj
LOAD CMakeFiles/uarttest.elf.dir/Drivers/STM32F1xx_HAL_Driver/Src/stm32f1xx_hal_pwr.c.obj
LOAD CMakeFiles/uarttest.elf.dir/Drivers/STM32F1xx_HAL_Driver/Src/stm32f1xx_hal_rcc.c.obj
LOAD CMakeFiles/uarttest.elf.dir/Drivers/STM32F1xx_HAL_Driver/Src/stm32f1xx_hal_rcc_ex.c.obj
LOAD CMakeFiles/uarttest.elf.dir/Drivers/STM32F1xx_HAL_Driver/Src/stm32f1xx_hal_tim.c.obj
LOAD CMakeFiles/uarttest.elf.dir/Drivers/STM32F1xx_HAL_Driver/Src/stm32f1xx_hal_tim_ex.c.obj
LOAD CMakeFiles/uarttest.elf.dir/Drivers/STM32F1xx_HAL_Driver/Src/stm32f1xx_hal_uart.c.obj
LOAD CMakeFiles/uarttest.elf.dir/HexaPod/Src/HexaPod.c.obj
LOAD CMakeFiles/uarttest.elf.dir/InverseKinematics/Src/InverseKinematics.c.obj
LOAD CMakeFiles/uarttest.elf.dir/Servo/Src/Servo.c.obj
START GROUP
LOAD c:/progra~2/gnuarm~1/102021~1.10/bin/../lib/gcc/arm-none-eabi/10.3.1/thumb/v7-m/nofp\libgcc.a
LOAD c:/progra~2/gnuarm~1/102021~1.10/bin/../lib/gcc/arm-none-eabi/10.3.1/../../../../arm-none-eabi/lib/thumb/v7-m/nofp\libg.a
LOAD c:/progra~2/gnuarm~1/102021~1.10/bin/../lib/gcc/arm-none-eabi/10.3.1/../../../../arm-none-eabi/lib/thumb/v7-m/nofp\libc.a
END GROUP
LOAD c:/progra~2/gnuarm~1/102021~1.10/bin/../lib/gcc/arm-none-eabi/10.3.1/thumb/v7-m/nofp/crtend.o
LOAD c:/progra~2/gnuarm~1/102021~1.10/bin/../lib/gcc/arm-none-eabi/10.3.1/thumb/v7-m/nofp/crtn.o
                0x20010000                _estack = (ORIGIN (RAM) + LENGTH (RAM))
                0x00000200                _Min_Heap_Size = 0x200
                0x00000400                _Min_Stack_Size = 0x400

.isr_vector     0x08000000      0x1e4
                0x08000000                . = ALIGN (0x4)
 *(.isr_vector)
 .isr_vector    0x08000000      0x1e4 CMakeFiles/uarttest.elf.dir/Core/Startup/startup_stm32f103zetx.s.obj
                0x08000000                g_pfnVectors
                0x080001e4                . = ALIGN (0x4)

.text           0x080001e8     0x5b64
                0x080001e8                . = ALIGN (0x4)
 *(.text)
 .text          0x080001e8       0x40 c:/progra~2/gnuarm~1/102021~1.10/bin/../lib/gcc/arm-none-eabi/10.3.1/thumb/v7-m/nofp/crtbegin.o
 .text          0x08000228      0x378 c:/progra~2/gnuarm~1/102021~1.10/bin/../lib/gcc/arm-none-eabi/10.3.1/thumb/v7-m/nofp\libgcc.a(_arm_addsubdf3.o)
                0x08000228                __aeabi_drsub
                0x08000230                __aeabi_dsub
                0x08000230                __subdf3
                0x08000234                __aeabi_dadd
                0x08000234                __adddf3
                0x080004ac                __floatunsidf
                0x080004ac                __aeabi_ui2d
                0x080004cc                __floatsidf
                0x080004cc                __aeabi_i2d
                0x080004f0                __aeabi_f2d
                0x080004f0                __extendsfdf2
                0x08000534                __floatundidf
                0x08000534                __aeabi_ul2d
                0x08000544                __floatdidf
                0x08000544                __aeabi_l2d
 .text          0x080005a0      0x424 c:/progra~2/gnuarm~1/102021~1.10/bin/../lib/gcc/arm-none-eabi/10.3.1/thumb/v7-m/nofp\libgcc.a(_arm_muldivdf3.o)
                0x080005a0                __aeabi_dmul
                0x080005a0                __muldf3
                0x080007f4                __divdf3
                0x080007f4                __aeabi_ddiv
 .text          0x080009c4       0x40 c:/progra~2/gnuarm~1/102021~1.10/bin/../lib/gcc/arm-none-eabi/10.3.1/thumb/v7-m/nofp\libgcc.a(_arm_fixunsdfsi.o)
                0x080009c4                __aeabi_d2uiz
                0x080009c4                __fixunsdfsi
 .text          0x08000a04      0x110 c:/progra~2/gnuarm~1/102021~1.10/bin/../lib/gcc/arm-none-eabi/10.3.1/thumb/v7-m/nofp\libgcc.a(_arm_cmpdf2.o)
                0x08000a04                __gtdf2
                0x08000a04                __gedf2
                0x08000a0c                __ltdf2
                0x08000a0c                __ledf2
                0x08000a14                __nedf2
                0x08000a14                __eqdf2
                0x08000a14                __cmpdf2
                0x08000a90                __aeabi_cdrcmple
                0x08000aa0                __aeabi_cdcmpeq
                0x08000aa0                __aeabi_cdcmple
                0x08000ab0                __aeabi_dcmpeq
                0x08000ac4                __aeabi_dcmplt
                0x08000ad8                __aeabi_dcmple
                0x08000aec                __aeabi_dcmpge
                0x08000b00                __aeabi_dcmpgt
 .text          0x08000b14       0x2c c:/progra~2/gnuarm~1/102021~1.10/bin/../lib/gcc/arm-none-eabi/10.3.1/thumb/v7-m/nofp\libgcc.a(_arm_unorddf2.o)
                0x08000b14                __unorddf2
                0x08000b14                __aeabi_dcmpun
 .text          0x08000b40       0x50 c:/progra~2/gnuarm~1/102021~1.10/bin/../lib/gcc/arm-none-eabi/10.3.1/thumb/v7-m/nofp\libgcc.a(_arm_fixdfsi.o)
                0x08000b40                __aeabi_d2iz
                0x08000b40                __fixdfsi
 *(.text*)
 .text.MX_GPIO_Init
                0x08000b90       0x30 CMakeFiles/uarttest.elf.dir/Core/Src/main.c.obj
 .text.Error_Handler
                0x08000bc0        0x4 CMakeFiles/uarttest.elf.dir/Core/Src/main.c.obj
                0x08000bc0                Error_Handler
 .text.MX_USART1_UART_Init
                0x08000bc4       0x34 CMakeFiles/uarttest.elf.dir/Core/Src/main.c.obj
 .text.MX_USART2_UART_Init
                0x08000bf8       0x34 CMakeFiles/uarttest.elf.dir/Core/Src/main.c.obj
 .text.MX_USART3_UART_Init
                0x08000c2c       0x34 CMakeFiles/uarttest.elf.dir/Core/Src/main.c.obj
 .text.SystemClock_Config
                0x08000c60       0x52 CMakeFiles/uarttest.elf.dir/Core/Src/main.c.obj
                0x08000c60                SystemClock_Config
 *fill*         0x08000cb2        0x2 
 .text.main     0x08000cb4      0x134 CMakeFiles/uarttest.elf.dir/Core/Src/main.c.obj
                0x08000cb4                main
 .text.HAL_MspInit
                0x08000de8       0x44 CMakeFiles/uarttest.elf.dir/Core/Src/stm32f1xx_hal_msp.c.obj
                0x08000de8                HAL_MspInit
 .text.HAL_UART_MspInit
                0x08000e2c      0x168 CMakeFiles/uarttest.elf.dir/Core/Src/stm32f1xx_hal_msp.c.obj
                0x08000e2c                HAL_UART_MspInit
 .text.NMI_Handler
                0x08000f94        0x2 CMakeFiles/uarttest.elf.dir/Core/Src/stm32f1xx_it.c.obj
                0x08000f94                NMI_Handler
 .text.HardFault_Handler
                0x08000f96        0x2 CMakeFiles/uarttest.elf.dir/Core/Src/stm32f1xx_it.c.obj
                0x08000f96                HardFault_Handler
 .text.MemManage_Handler
                0x08000f98        0x2 CMakeFiles/uarttest.elf.dir/Core/Src/stm32f1xx_it.c.obj
                0x08000f98                MemManage_Handler
 .text.BusFault_Handler
                0x08000f9a        0x2 CMakeFiles/uarttest.elf.dir/Core/Src/stm32f1xx_it.c.obj
                0x08000f9a                BusFault_Handler
 .text.UsageFault_Handler
                0x08000f9c        0x2 CMakeFiles/uarttest.elf.dir/Core/Src/stm32f1xx_it.c.obj
                0x08000f9c                UsageFault_Handler
 .text.SVC_Handler
                0x08000f9e        0x2 CMakeFiles/uarttest.elf.dir/Core/Src/stm32f1xx_it.c.obj
                0x08000f9e                SVC_Handler
 .text.DebugMon_Handler
                0x08000fa0        0x2 CMakeFiles/uarttest.elf.dir/Core/Src/stm32f1xx_it.c.obj
                0x08000fa0                DebugMon_Handler
 .text.PendSV_Handler
                0x08000fa2        0x2 CMakeFiles/uarttest.elf.dir/Core/Src/stm32f1xx_it.c.obj
                0x08000fa2                PendSV_Handler
 .text.SysTick_Handler
                0x08000fa4        0x8 CMakeFiles/uarttest.elf.dir/Core/Src/stm32f1xx_it.c.obj
                0x08000fa4                SysTick_Handler
 .text.USART1_IRQHandler
                0x08000fac       0x10 CMakeFiles/uarttest.elf.dir/Core/Src/stm32f1xx_it.c.obj
                0x08000fac                USART1_IRQHandler
 .text.BLUETOOH_DATA_PROCESSER
                0x08000fbc       0xb0 CMakeFiles/uarttest.elf.dir/Core/Src/stm32f1xx_it.c.obj
                0x08000fbc                BLUETOOH_DATA_PROCESSER
 .text.USART2_IRQHandler
                0x0800106c       0x64 CMakeFiles/uarttest.elf.dir/Core/Src/stm32f1xx_it.c.obj
                0x0800106c                USART2_IRQHandler
 .text.SERVO_DATA_PROCESSER
                0x080010d0       0x60 CMakeFiles/uarttest.elf.dir/Core/Src/stm32f1xx_it.c.obj
                0x080010d0                SERVO_DATA_PROCESSER
 .text.USART3_IRQHandler
                0x08001130       0x54 CMakeFiles/uarttest.elf.dir/Core/Src/stm32f1xx_it.c.obj
                0x08001130                USART3_IRQHandler
 .text.HAL_UART_RxCpltCallback
                0x08001184        0x2 CMakeFiles/uarttest.elf.dir/Core/Src/stm32f1xx_it.c.obj
                0x08001184                HAL_UART_RxCpltCallback
 .text.SystemInit
                0x08001186        0x2 CMakeFiles/uarttest.elf.dir/Core/Src/system_stm32f1xx.c.obj
                0x08001186                SystemInit
 .text.Reset_Handler
                0x08001188       0x48 CMakeFiles/uarttest.elf.dir/Core/Startup/startup_stm32f103zetx.s.obj
                0x08001188                Reset_Handler
 .text.Default_Handler
                0x080011d0        0x2 CMakeFiles/uarttest.elf.dir/Core/Startup/startup_stm32f103zetx.s.obj
                0x080011d0                RTC_Alarm_IRQHandler
                0x080011d0                EXTI2_IRQHandler
                0x080011d0                TIM8_TRG_COM_IRQHandler
                0x080011d0                TIM8_CC_IRQHandler
                0x080011d0                TIM1_CC_IRQHandler
                0x080011d0                TIM6_IRQHandler
                0x080011d0                PVD_IRQHandler
                0x080011d0                SDIO_IRQHandler
                0x080011d0                EXTI3_IRQHandler
                0x080011d0                EXTI0_IRQHandler
                0x080011d0                I2C2_EV_IRQHandler
                0x080011d0                ADC1_2_IRQHandler
                0x080011d0                SPI1_IRQHandler
                0x080011d0                TAMPER_IRQHandler
                0x080011d0                TIM8_UP_IRQHandler
                0x080011d0                DMA2_Channel2_IRQHandler
                0x080011d0                DMA1_Channel4_IRQHandler
                0x080011d0                RTC_IRQHandler
                0x080011d0                DMA1_Channel7_IRQHandler
                0x080011d0                CAN1_RX1_IRQHandler
                0x080011d0                UART5_IRQHandler
                0x080011d0                ADC3_IRQHandler
                0x080011d0                TIM4_IRQHandler
                0x080011d0                DMA2_Channel1_IRQHandler
                0x080011d0                I2C1_EV_IRQHandler
                0x080011d0                DMA1_Channel6_IRQHandler
                0x080011d0                UART4_IRQHandler
                0x080011d0                TIM3_IRQHandler
                0x080011d0                RCC_IRQHandler
                0x080011d0                TIM1_TRG_COM_IRQHandler
                0x080011d0                DMA1_Channel1_IRQHandler
                0x080011d0                Default_Handler
                0x080011d0                EXTI15_10_IRQHandler
                0x080011d0                TIM7_IRQHandler
                0x080011d0                TIM5_IRQHandler
                0x080011d0                EXTI9_5_IRQHandler
                0x080011d0                SPI2_IRQHandler
                0x080011d0                DMA1_Channel5_IRQHandler
                0x080011d0                EXTI4_IRQHandler
                0x080011d0                USB_LP_CAN1_RX0_IRQHandler
                0x080011d0                USB_HP_CAN1_TX_IRQHandler
                0x080011d0                DMA1_Channel3_IRQHandler
                0x080011d0                FSMC_IRQHandler
                0x080011d0                TIM1_UP_IRQHandler
                0x080011d0                WWDG_IRQHandler
                0x080011d0                TIM2_IRQHandler
                0x080011d0                TIM1_BRK_IRQHandler
                0x080011d0                EXTI1_IRQHandler
                0x080011d0                DMA2_Channel4_5_IRQHandler
                0x080011d0                I2C2_ER_IRQHandler
                0x080011d0                DMA1_Channel2_IRQHandler
                0x080011d0                TIM8_BRK_IRQHandler
                0x080011d0                CAN1_SCE_IRQHandler
                0x080011d0                FLASH_IRQHandler
                0x080011d0                SPI3_IRQHandler
                0x080011d0                I2C1_ER_IRQHandler
                0x080011d0                USBWakeUp_IRQHandler
                0x080011d0                DMA2_Channel3_IRQHandler
 *fill*         0x080011d2        0x2 
 .text.HAL_InitTick
                0x080011d4       0x4c CMakeFiles/uarttest.elf.dir/Drivers/STM32F1xx_HAL_Driver/Src/stm32f1xx_hal.c.obj
                0x080011d4                HAL_InitTick
 .text.HAL_Init
                0x08001220       0x24 CMakeFiles/uarttest.elf.dir/Drivers/STM32F1xx_HAL_Driver/Src/stm32f1xx_hal.c.obj
                0x08001220                HAL_Init
 .text.HAL_IncTick
                0x08001244       0x18 CMakeFiles/uarttest.elf.dir/Drivers/STM32F1xx_HAL_Driver/Src/stm32f1xx_hal.c.obj
                0x08001244                HAL_IncTick
 .text.HAL_GetTick
                0x0800125c        0xc CMakeFiles/uarttest.elf.dir/Drivers/STM32F1xx_HAL_Driver/Src/stm32f1xx_hal.c.obj
                0x0800125c                HAL_GetTick
 .text.HAL_NVIC_SetPriorityGrouping
                0x08001268       0x24 CMakeFiles/uarttest.elf.dir/Drivers/STM32F1xx_HAL_Driver/Src/stm32f1xx_hal_cortex.c.obj
                0x08001268                HAL_NVIC_SetPriorityGrouping
 .text.HAL_NVIC_SetPriority
                0x0800128c       0x70 CMakeFiles/uarttest.elf.dir/Drivers/STM32F1xx_HAL_Driver/Src/stm32f1xx_hal_cortex.c.obj
                0x0800128c                HAL_NVIC_SetPriority
 .text.HAL_NVIC_EnableIRQ
                0x080012fc       0x1c CMakeFiles/uarttest.elf.dir/Drivers/STM32F1xx_HAL_Driver/Src/stm32f1xx_hal_cortex.c.obj
                0x080012fc                HAL_NVIC_EnableIRQ
 .text.HAL_SYSTICK_Config
                0x08001318       0x28 CMakeFiles/uarttest.elf.dir/Drivers/STM32F1xx_HAL_Driver/Src/stm32f1xx_hal_cortex.c.obj
                0x08001318                HAL_SYSTICK_Config
 .text.HAL_DMA_Abort
                0x08001340       0x44 CMakeFiles/uarttest.elf.dir/Drivers/STM32F1xx_HAL_Driver/Src/stm32f1xx_hal_dma.c.obj
                0x08001340                HAL_DMA_Abort
 .text.HAL_DMA_Abort_IT
                0x08001384      0x168 CMakeFiles/uarttest.elf.dir/Drivers/STM32F1xx_HAL_Driver/Src/stm32f1xx_hal_dma.c.obj
                0x08001384                HAL_DMA_Abort_IT
 .text.HAL_GPIO_Init
                0x080014ec      0x240 CMakeFiles/uarttest.elf.dir/Drivers/STM32F1xx_HAL_Driver/Src/stm32f1xx_hal_gpio.c.obj
                0x080014ec                HAL_GPIO_Init
 .text.RCC_Delay
                0x0800172c       0x2c CMakeFiles/uarttest.elf.dir/Drivers/STM32F1xx_HAL_Driver/Src/stm32f1xx_hal_rcc.c.obj
 .text.HAL_RCC_OscConfig
                0x08001758      0x410 CMakeFiles/uarttest.elf.dir/Drivers/STM32F1xx_HAL_Driver/Src/stm32f1xx_hal_rcc.c.obj
                0x08001758                HAL_RCC_OscConfig
 .text.HAL_RCC_GetSysClockFreq
                0x08001b68       0x70 CMakeFiles/uarttest.elf.dir/Drivers/STM32F1xx_HAL_Driver/Src/stm32f1xx_hal_rcc.c.obj
                0x08001b68                HAL_RCC_GetSysClockFreq
 .text.HAL_RCC_ClockConfig
                0x08001bd8      0x16c CMakeFiles/uarttest.elf.dir/Drivers/STM32F1xx_HAL_Driver/Src/stm32f1xx_hal_rcc.c.obj
                0x08001bd8                HAL_RCC_ClockConfig
 .text.HAL_RCC_GetHCLKFreq
                0x08001d44        0xc CMakeFiles/uarttest.elf.dir/Drivers/STM32F1xx_HAL_Driver/Src/stm32f1xx_hal_rcc.c.obj
                0x08001d44                HAL_RCC_GetHCLKFreq
 .text.HAL_RCC_GetPCLK1Freq
                0x08001d50       0x20 CMakeFiles/uarttest.elf.dir/Drivers/STM32F1xx_HAL_Driver/Src/stm32f1xx_hal_rcc.c.obj
                0x08001d50                HAL_RCC_GetPCLK1Freq
 .text.HAL_RCC_GetPCLK2Freq
                0x08001d70       0x20 CMakeFiles/uarttest.elf.dir/Drivers/STM32F1xx_HAL_Driver/Src/stm32f1xx_hal_rcc.c.obj
                0x08001d70                HAL_RCC_GetPCLK2Freq
 .text.UART_EndRxTransfer
                0x08001d90       0x32 CMakeFiles/uarttest.elf.dir/Drivers/STM32F1xx_HAL_Driver/Src/stm32f1xx_hal_uart.c.obj
 .text.UART_Transmit_IT
                0x08001dc2       0x60 CMakeFiles/uarttest.elf.dir/Drivers/STM32F1xx_HAL_Driver/Src/stm32f1xx_hal_uart.c.obj
 *fill*         0x08001e22        0x2 
 .text.UART_SetConfig
                0x08001e24       0x94 CMakeFiles/uarttest.elf.dir/Drivers/STM32F1xx_HAL_Driver/Src/stm32f1xx_hal_uart.c.obj
 .text.UART_WaitOnFlagUntilTimeout
                0x08001eb8       0x6c CMakeFiles/uarttest.elf.dir/Drivers/STM32F1xx_HAL_Driver/Src/stm32f1xx_hal_uart.c.obj
 .text.HAL_UART_Init
                0x08001f24       0x5e CMakeFiles/uarttest.elf.dir/Drivers/STM32F1xx_HAL_Driver/Src/stm32f1xx_hal_uart.c.obj
                0x08001f24                HAL_UART_Init
 .text.HAL_UART_Transmit
                0x08001f82       0xd8 CMakeFiles/uarttest.elf.dir/Drivers/STM32F1xx_HAL_Driver/Src/stm32f1xx_hal_uart.c.obj
                0x08001f82                HAL_UART_Transmit
 .text.HAL_UART_Transmit_IT
                0x0800205a       0x4e CMakeFiles/uarttest.elf.dir/Drivers/STM32F1xx_HAL_Driver/Src/stm32f1xx_hal_uart.c.obj
                0x0800205a                HAL_UART_Transmit_IT
 .text.HAL_UART_TxCpltCallback
                0x080020a8        0x2 CMakeFiles/uarttest.elf.dir/Drivers/STM32F1xx_HAL_Driver/Src/stm32f1xx_hal_uart.c.obj
                0x080020a8                HAL_UART_TxCpltCallback
 .text.UART_EndTransmit_IT
                0x080020aa       0x1a CMakeFiles/uarttest.elf.dir/Drivers/STM32F1xx_HAL_Driver/Src/stm32f1xx_hal_uart.c.obj
 .text.HAL_UART_ErrorCallback
                0x080020c4        0x2 CMakeFiles/uarttest.elf.dir/Drivers/STM32F1xx_HAL_Driver/Src/stm32f1xx_hal_uart.c.obj
                0x080020c4                HAL_UART_ErrorCallback
 .text.UART_DMAAbortOnError
                0x080020c6       0x10 CMakeFiles/uarttest.elf.dir/Drivers/STM32F1xx_HAL_Driver/Src/stm32f1xx_hal_uart.c.obj
 .text.HAL_UART_AbortReceiveCpltCallback
                0x080020d6        0x2 CMakeFiles/uarttest.elf.dir/Drivers/STM32F1xx_HAL_Driver/Src/stm32f1xx_hal_uart.c.obj
                0x080020d6                HAL_UART_AbortReceiveCpltCallback
 .text.HAL_UART_AbortReceive_IT
                0x080020d8       0x84 CMakeFiles/uarttest.elf.dir/Drivers/STM32F1xx_HAL_Driver/Src/stm32f1xx_hal_uart.c.obj
                0x080020d8                HAL_UART_AbortReceive_IT
 .text.UART_DMARxOnlyAbortCallback
                0x0800215c       0x16 CMakeFiles/uarttest.elf.dir/Drivers/STM32F1xx_HAL_Driver/Src/stm32f1xx_hal_uart.c.obj
 .text.HAL_UARTEx_RxEventCallback
                0x08002172        0x2 CMakeFiles/uarttest.elf.dir/Drivers/STM32F1xx_HAL_Driver/Src/stm32f1xx_hal_uart.c.obj
                0x08002172                HAL_UARTEx_RxEventCallback
 .text.UART_Receive_IT
                0x08002174       0xd4 CMakeFiles/uarttest.elf.dir/Drivers/STM32F1xx_HAL_Driver/Src/stm32f1xx_hal_uart.c.obj
 .text.HAL_UART_IRQHandler
                0x08002248      0x204 CMakeFiles/uarttest.elf.dir/Drivers/STM32F1xx_HAL_Driver/Src/stm32f1xx_hal_uart.c.obj
                0x08002248                HAL_UART_IRQHandler
 .text.UART_Start_Receive_IT
                0x0800244c       0x36 CMakeFiles/uarttest.elf.dir/Drivers/STM32F1xx_HAL_Driver/Src/stm32f1xx_hal_uart.c.obj
                0x0800244c                UART_Start_Receive_IT
 .text.HAL_UART_Receive_IT
                0x08002482       0x38 CMakeFiles/uarttest.elf.dir/Drivers/STM32F1xx_HAL_Driver/Src/stm32f1xx_hal_uart.c.obj
                0x08002482                HAL_UART_Receive_IT
 *fill*         0x080024ba        0x6 
 .text.coordinateFrameConvert
                0x080024c0      0x190 CMakeFiles/uarttest.elf.dir/HexaPod/Src/HexaPod.c.obj
 .text.moveSingleLeg
                0x08002650       0x86 CMakeFiles/uarttest.elf.dir/HexaPod/Src/HexaPod.c.obj
 .text.getLegsAngle
                0x080026d6       0x84 CMakeFiles/uarttest.elf.dir/HexaPod/Src/HexaPod.c.obj
 .text.unlockLegs
                0x0800275a       0x64 CMakeFiles/uarttest.elf.dir/HexaPod/Src/HexaPod.c.obj
 .text.moveLegsByCoordinate
                0x080027be       0x60 CMakeFiles/uarttest.elf.dir/HexaPod/Src/HexaPod.c.obj
 *fill*         0x0800281e        0x2 
 .text.HexaPod_Init
                0x08002820       0x30 CMakeFiles/uarttest.elf.dir/HexaPod/Src/HexaPod.c.obj
                0x08002820                HexaPod_Init
 .text.coordinateToThetaArray
                0x08002850      0x168 CMakeFiles/uarttest.elf.dir/InverseKinematics/Src/InverseKinematics.c.obj
                0x08002850                coordinateToThetaArray
 .text.Uart_Init
                0x080029b8        0xc CMakeFiles/uarttest.elf.dir/Servo/Src/Servo.c.obj
                0x080029b8                Uart_Init
 .text.moveServos
                0x080029c4       0x98 CMakeFiles/uarttest.elf.dir/Servo/Src/Servo.c.obj
                0x080029c4                moveServos
 .text.moveServosByArray
                0x08002a5c       0x6c CMakeFiles/uarttest.elf.dir/Servo/Src/Servo.c.obj
                0x08002a5c                moveServosByArray
 .text.unloadServos
                0x08002ac8       0x70 CMakeFiles/uarttest.elf.dir/Servo/Src/Servo.c.obj
                0x08002ac8                unloadServos
 .text.unloadServosByArray
                0x08002b38       0x50 CMakeFiles/uarttest.elf.dir/Servo/Src/Servo.c.obj
                0x08002b38                unloadServosByArray
 .text.getServoAngle
                0x08002b88       0x68 CMakeFiles/uarttest.elf.dir/Servo/Src/Servo.c.obj
                0x08002b88                getServoAngle
 .text.deConvertAngle
                0x08002bf0      0x600 CMakeFiles/uarttest.elf.dir/Servo/Src/Servo.c.obj
                0x08002bf0                deConvertAngle
 .text.__errno  0x080031f0        0xc c:/progra~2/gnuarm~1/102021~1.10/bin/../lib/gcc/arm-none-eabi/10.3.1/../../../../arm-none-eabi/lib/thumb/v7-m/nofp\libg.a(lib_a-errno.o)
                0x080031f0                __errno
 .text.__libc_init_array
                0x080031fc       0x48 c:/progra~2/gnuarm~1/102021~1.10/bin/../lib/gcc/arm-none-eabi/10.3.1/../../../../arm-none-eabi/lib/thumb/v7-m/nofp\libg.a(lib_a-init.o)
                0x080031fc                __libc_init_array
 .text.memset   0x08003244       0xa4 c:/progra~2/gnuarm~1/102021~1.10/bin/../lib/gcc/arm-none-eabi/10.3.1/../../../../arm-none-eabi/lib/thumb/v7-m/nofp\libg.a(lib_a-memset.o)
                0x08003244                memset
 .text.startup.register_fini
                0x080032e8       0x14 c:/progra~2/gnuarm~1/102021~1.10/bin/../lib/gcc/arm-none-eabi/10.3.1/../../../../arm-none-eabi/lib/thumb/v7-m/nofp\libg.a(lib_a-__call_atexit.o)
 .text.atexit   0x080032fc        0xc c:/progra~2/gnuarm~1/102021~1.10/bin/../lib/gcc/arm-none-eabi/10.3.1/../../../../arm-none-eabi/lib/thumb/v7-m/nofp\libg.a(lib_a-atexit.o)
                0x080032fc                atexit
 .text.__libc_fini_array
                0x08003308       0x2c c:/progra~2/gnuarm~1/102021~1.10/bin/../lib/gcc/arm-none-eabi/10.3.1/../../../../arm-none-eabi/lib/thumb/v7-m/nofp\libg.a(lib_a-fini.o)
                0x08003308                __libc_fini_array
 .text.__retarget_lock_acquire_recursive
                0x08003334        0x4 c:/progra~2/gnuarm~1/102021~1.10/bin/../lib/gcc/arm-none-eabi/10.3.1/../../../../arm-none-eabi/lib/thumb/v7-m/nofp\libg.a(lib_a-lock.o)
                0x08003334                __retarget_lock_acquire_recursive
 .text.__retarget_lock_release_recursive
                0x08003338        0x4 c:/progra~2/gnuarm~1/102021~1.10/bin/../lib/gcc/arm-none-eabi/10.3.1/../../../../arm-none-eabi/lib/thumb/v7-m/nofp\libg.a(lib_a-lock.o)
                0x08003338                __retarget_lock_release_recursive
 .text.__register_exitproc
                0x0800333c       0x8c c:/progra~2/gnuarm~1/102021~1.10/bin/../lib/gcc/arm-none-eabi/10.3.1/../../../../arm-none-eabi/lib/thumb/v7-m/nofp\libg.a(lib_a-__atexit.o)
                0x0800333c                __register_exitproc
 .text.atan     0x080033c8      0x31c c:/progra~2/gnuarm~1/102021~1.10/bin/../lib/gcc/arm-none-eabi/10.3.1/../../../../arm-none-eabi/lib/thumb/v7-m/nofp\libm.a(lib_a-s_atan.o)
                0x080033c8                atan
 .text.cos      0x080036e4       0xa4 c:/progra~2/gnuarm~1/102021~1.10/bin/../lib/gcc/arm-none-eabi/10.3.1/../../../../arm-none-eabi/lib/thumb/v7-m/nofp\libm.a(lib_a-s_cos.o)
                0x080036e4                cos
 .text.fabs     0x08003788        0x8 c:/progra~2/gnuarm~1/102021~1.10/bin/../lib/gcc/arm-none-eabi/10.3.1/../../../../arm-none-eabi/lib/thumb/v7-m/nofp\libm.a(lib_a-s_fabs.o)
                0x08003788                fabs
 .text.acos     0x08003790       0x50 c:/progra~2/gnuarm~1/102021~1.10/bin/../lib/gcc/arm-none-eabi/10.3.1/../../../../arm-none-eabi/lib/thumb/v7-m/nofp\libm.a(lib_a-w_acos.o)
                0x08003790                acos
 .text.pow      0x080037e0       0xdc c:/progra~2/gnuarm~1/102021~1.10/bin/../lib/gcc/arm-none-eabi/10.3.1/../../../../arm-none-eabi/lib/thumb/v7-m/nofp\libm.a(lib_a-w_pow.o)
                0x080037e0                pow
 .text.sqrt     0x080038bc       0x50 c:/progra~2/gnuarm~1/102021~1.10/bin/../lib/gcc/arm-none-eabi/10.3.1/../../../../arm-none-eabi/lib/thumb/v7-m/nofp\libm.a(lib_a-w_sqrt.o)
                0x080038bc                sqrt
 *fill*         0x0800390c        0x4 
 .text.__ieee754_acos
                0x08003910      0x4a8 c:/progra~2/gnuarm~1/102021~1.10/bin/../lib/gcc/arm-none-eabi/10.3.1/../../../../arm-none-eabi/lib/thumb/v7-m/nofp\libm.a(lib_a-e_acos.o)
                0x08003910                __ieee754_acos
 .text.__ieee754_pow
                0x08003db8      0xb08 c:/progra~2/gnuarm~1/102021~1.10/bin/../lib/gcc/arm-none-eabi/10.3.1/../../../../arm-none-eabi/lib/thumb/v7-m/nofp\libm.a(lib_a-e_pow.o)
                0x08003db8                __ieee754_pow
 .text.__ieee754_rem_pio2
                0x080048c0      0x454 c:/progra~2/gnuarm~1/102021~1.10/bin/../lib/gcc/arm-none-eabi/10.3.1/../../../../arm-none-eabi/lib/thumb/v7-m/nofp\libm.a(lib_a-e_rem_pio2.o)
                0x080048c0                __ieee754_rem_pio2
 .text.__ieee754_sqrt
                0x08004d14      0x18c c:/progra~2/gnuarm~1/102021~1.10/bin/../lib/gcc/arm-none-eabi/10.3.1/../../../../arm-none-eabi/lib/thumb/v7-m/nofp\libm.a(lib_a-e_sqrt.o)
                0x08004d14                __ieee754_sqrt
 .text.__kernel_cos
                0x08004ea0      0x250 c:/progra~2/gnuarm~1/102021~1.10/bin/../lib/gcc/arm-none-eabi/10.3.1/../../../../arm-none-eabi/lib/thumb/v7-m/nofp\libm.a(lib_a-k_cos.o)
                0x08004ea0                __kernel_cos
 .text.__kernel_rem_pio2
                0x080050f0      0x850 c:/progra~2/gnuarm~1/102021~1.10/bin/../lib/gcc/arm-none-eabi/10.3.1/../../../../arm-none-eabi/lib/thumb/v7-m/nofp\libm.a(lib_a-k_rem_pio2.o)
                0x080050f0                __kernel_rem_pio2
 .text.__kernel_sin
                0x08005940      0x184 c:/progra~2/gnuarm~1/102021~1.10/bin/../lib/gcc/arm-none-eabi/10.3.1/../../../../arm-none-eabi/lib/thumb/v7-m/nofp\libm.a(lib_a-k_sin.o)
                0x08005940                __kernel_sin
 .text.with_errno
                0x08005ac4       0x18 c:/progra~2/gnuarm~1/102021~1.10/bin/../lib/gcc/arm-none-eabi/10.3.1/../../../../arm-none-eabi/lib/thumb/v7-m/nofp\libm.a(lib_a-math_err.o)
 .text.xflow    0x08005adc       0x30 c:/progra~2/gnuarm~1/102021~1.10/bin/../lib/gcc/arm-none-eabi/10.3.1/../../../../arm-none-eabi/lib/thumb/v7-m/nofp\libm.a(lib_a-math_err.o)
 .text.__math_uflow
                0x08005b0c        0xc c:/progra~2/gnuarm~1/102021~1.10/bin/../lib/gcc/arm-none-eabi/10.3.1/../../../../arm-none-eabi/lib/thumb/v7-m/nofp\libm.a(lib_a-math_err.o)
                0x08005b0c                __math_uflow
 .text.__math_oflow
                0x08005b18        0xc c:/progra~2/gnuarm~1/102021~1.10/bin/../lib/gcc/arm-none-eabi/10.3.1/../../../../arm-none-eabi/lib/thumb/v7-m/nofp\libm.a(lib_a-math_err.o)
                0x08005b18                __math_oflow
 .text.finite   0x08005b24        0xc c:/progra~2/gnuarm~1/102021~1.10/bin/../lib/gcc/arm-none-eabi/10.3.1/../../../../arm-none-eabi/lib/thumb/v7-m/nofp\libm.a(lib_a-s_finite.o)
                0x08005b24                finite
 .text.floor    0x08005b30       0xf8 c:/progra~2/gnuarm~1/102021~1.10/bin/../lib/gcc/arm-none-eabi/10.3.1/../../../../arm-none-eabi/lib/thumb/v7-m/nofp\libm.a(lib_a-s_floor.o)
                0x08005b30                floor
 .text.nan      0x08005c28        0xc c:/progra~2/gnuarm~1/102021~1.10/bin/../lib/gcc/arm-none-eabi/10.3.1/../../../../arm-none-eabi/lib/thumb/v7-m/nofp\libm.a(lib_a-s_nan.o)
                0x08005c28                nan
 *fill*         0x08005c34        0x4 
 .text.scalbn   0x08005c38       0xfc c:/progra~2/gnuarm~1/102021~1.10/bin/../lib/gcc/arm-none-eabi/10.3.1/../../../../arm-none-eabi/lib/thumb/v7-m/nofp\libm.a(lib_a-s_scalbn.o)
                0x08005c38                scalbn
 *(.glue_7)
 .glue_7        0x08005d34        0x0 linker stubs
 *(.glue_7t)
 .glue_7t       0x08005d34        0x0 linker stubs
 *(.eh_frame)
 .eh_frame      0x08005d34        0x0 c:/progra~2/gnuarm~1/102021~1.10/bin/../lib/gcc/arm-none-eabi/10.3.1/thumb/v7-m/nofp/crtbegin.o
 *(.init)
 .init          0x08005d34        0x4 c:/progra~2/gnuarm~1/102021~1.10/bin/../lib/gcc/arm-none-eabi/10.3.1/thumb/v7-m/nofp/crti.o
                0x08005d34                _init
 .init          0x08005d38        0x8 c:/progra~2/gnuarm~1/102021~1.10/bin/../lib/gcc/arm-none-eabi/10.3.1/thumb/v7-m/nofp/crtn.o
 *(.fini)
 .fini          0x08005d40        0x4 c:/progra~2/gnuarm~1/102021~1.10/bin/../lib/gcc/arm-none-eabi/10.3.1/thumb/v7-m/nofp/crti.o
                0x08005d40                _fini
 .fini          0x08005d44        0x8 c:/progra~2/gnuarm~1/102021~1.10/bin/../lib/gcc/arm-none-eabi/10.3.1/thumb/v7-m/nofp/crtn.o
                0x08005d4c                . = ALIGN (0x4)
                0x08005d4c                _etext = .

.vfp11_veneer   0x08005d4c        0x0
 .vfp11_veneer  0x08005d4c        0x0 linker stubs

.v4_bx          0x08005d4c        0x0
 .v4_bx         0x08005d4c        0x0 linker stubs

.iplt           0x08005d4c        0x0
 .iplt          0x08005d4c        0x0 c:/progra~2/gnuarm~1/102021~1.10/bin/../lib/gcc/arm-none-eabi/10.3.1/thumb/v7-m/nofp/crtbegin.o

.rodata         0x08005d50      0x290
                0x08005d50                . = ALIGN (0x4)
 *(.rodata)
 .rodata        0x08005d50       0x30 CMakeFiles/uarttest.elf.dir/Core/Src/main.c.obj
 *(.rodata*)
 .rodata.USART2_IRQHandler.str1.4
                0x08005d80       0x11 CMakeFiles/uarttest.elf.dir/Core/Src/stm32f1xx_it.c.obj
 *fill*         0x08005d91        0x3 
 .rodata.AHBPrescTable
                0x08005d94       0x10 CMakeFiles/uarttest.elf.dir/Core/Src/system_stm32f1xx.c.obj
                0x08005d94                AHBPrescTable
 .rodata.APBPrescTable
                0x08005da4        0x8 CMakeFiles/uarttest.elf.dir/Core/Src/system_stm32f1xx.c.obj
                0x08005da4                APBPrescTable
 .rodata.HAL_RCC_GetSysClockFreq.str1.4
                0x08005dac       0x11 CMakeFiles/uarttest.elf.dir/Drivers/STM32F1xx_HAL_Driver/Src/stm32f1xx_hal_rcc.c.obj
 *fill*         0x08005dbd        0x3 
 .rodata._global_impure_ptr
                0x08005dc0        0x4 c:/progra~2/gnuarm~1/102021~1.10/bin/../lib/gcc/arm-none-eabi/10.3.1/../../../../arm-none-eabi/lib/thumb/v7-m/nofp\libg.a(lib_a-impure.o)
                0x08005dc0                _global_impure_ptr
 *fill*         0x08005dc4        0x4 
 .rodata.atanhi
                0x08005dc8       0x20 c:/progra~2/gnuarm~1/102021~1.10/bin/../lib/gcc/arm-none-eabi/10.3.1/../../../../arm-none-eabi/lib/thumb/v7-m/nofp\libm.a(lib_a-s_atan.o)
 .rodata.atanlo
                0x08005de8       0x20 c:/progra~2/gnuarm~1/102021~1.10/bin/../lib/gcc/arm-none-eabi/10.3.1/../../../../arm-none-eabi/lib/thumb/v7-m/nofp\libm.a(lib_a-s_atan.o)
 .rodata.acos.str1.4
                0x08005e08       0x11 c:/progra~2/gnuarm~1/102021~1.10/bin/../lib/gcc/arm-none-eabi/10.3.1/../../../../arm-none-eabi/lib/thumb/v7-m/nofp\libm.a(lib_a-w_acos.o)
                                  0x1 (size before relaxing)
 .rodata.npio2_hw
                0x08005e08       0x80 c:/progra~2/gnuarm~1/102021~1.10/bin/../lib/gcc/arm-none-eabi/10.3.1/../../../../arm-none-eabi/lib/thumb/v7-m/nofp\libm.a(lib_a-e_rem_pio2.o)
 .rodata.two_over_pi
                0x08005e88      0x108 c:/progra~2/gnuarm~1/102021~1.10/bin/../lib/gcc/arm-none-eabi/10.3.1/../../../../arm-none-eabi/lib/thumb/v7-m/nofp\libm.a(lib_a-e_rem_pio2.o)
 .rodata.PIo2   0x08005f90       0x40 c:/progra~2/gnuarm~1/102021~1.10/bin/../lib/gcc/arm-none-eabi/10.3.1/../../../../arm-none-eabi/lib/thumb/v7-m/nofp\libm.a(lib_a-k_rem_pio2.o)
 .rodata.init_jk
                0x08005fd0       0x10 c:/progra~2/gnuarm~1/102021~1.10/bin/../lib/gcc/arm-none-eabi/10.3.1/../../../../arm-none-eabi/lib/thumb/v7-m/nofp\libm.a(lib_a-k_rem_pio2.o)
                0x08005fe0                . = ALIGN (0x4)

.rel.dyn        0x08005fe0        0x0
 .rel.iplt      0x08005fe0        0x0 c:/progra~2/gnuarm~1/102021~1.10/bin/../lib/gcc/arm-none-eabi/10.3.1/thumb/v7-m/nofp/crtbegin.o

.ARM.extab      0x08005fe0        0x0
                0x08005fe0                . = ALIGN (0x4)
 *(.ARM.extab* .gnu.linkonce.armextab.*)
                0x08005fe0                . = ALIGN (0x4)

.ARM            0x08005fe0        0x0
                0x08005fe0                . = ALIGN (0x4)
                0x08005fe0                __exidx_start = .
 *(.ARM.exidx*)
                0x08005fe0                __exidx_end = .
                0x08005fe0                . = ALIGN (0x4)

.preinit_array  0x08005fe0        0x0
                0x08005fe0                . = ALIGN (0x4)
                0x08005fe0                PROVIDE (__preinit_array_start = .)
 *(.preinit_array*)
                0x08005fe0                PROVIDE (__preinit_array_end = .)
                0x08005fe0                . = ALIGN (0x4)

.init_array     0x08005fe0        0x8
                0x08005fe0                . = ALIGN (0x4)
                0x08005fe0                PROVIDE (__init_array_start = .)
 *(SORT_BY_NAME(.init_array.*))
 .init_array.00000
                0x08005fe0        0x4 c:/progra~2/gnuarm~1/102021~1.10/bin/../lib/gcc/arm-none-eabi/10.3.1/../../../../arm-none-eabi/lib/thumb/v7-m/nofp\libg.a(lib_a-__call_atexit.o)
 *(.init_array*)
 .init_array    0x08005fe4        0x4 c:/progra~2/gnuarm~1/102021~1.10/bin/../lib/gcc/arm-none-eabi/10.3.1/thumb/v7-m/nofp/crtbegin.o
                0x08005fe8                PROVIDE (__init_array_end = .)
                0x08005fe8                . = ALIGN (0x4)

.fini_array     0x08005fe8        0x4
                0x08005fe8                . = ALIGN (0x4)
                0x08005fe8                PROVIDE (__fini_array_start = .)
 *(SORT_BY_NAME(.fini_array.*))
 *(.fini_array*)
 .fini_array    0x08005fe8        0x4 c:/progra~2/gnuarm~1/102021~1.10/bin/../lib/gcc/arm-none-eabi/10.3.1/thumb/v7-m/nofp/crtbegin.o
                0x08005fec                PROVIDE (__fini_array_end = .)
                0x08005fec                . = ALIGN (0x4)
                0x08005fec                _sidata = LOADADDR (.data)

.data           0x20000000      0x43c load address 0x08005fec
                0x20000000                . = ALIGN (0x4)
                0x20000000                _sdata = .
 *(.data)
 *(.data*)
 .data.SystemCoreClock
                0x20000000        0x4 CMakeFiles/uarttest.elf.dir/Core/Src/system_stm32f1xx.c.obj
                0x20000000                SystemCoreClock
 .data.uwTickFreq
                0x20000004        0x1 CMakeFiles/uarttest.elf.dir/Drivers/STM32F1xx_HAL_Driver/Src/stm32f1xx_hal.c.obj
                0x20000004                uwTickFreq
 *fill*         0x20000005        0x3 
 .data.uwTickPrio
                0x20000008        0x4 CMakeFiles/uarttest.elf.dir/Drivers/STM32F1xx_HAL_Driver/Src/stm32f1xx_hal.c.obj
                0x20000008                uwTickPrio
 .data._impure_ptr
                0x2000000c        0x4 c:/progra~2/gnuarm~1/102021~1.10/bin/../lib/gcc/arm-none-eabi/10.3.1/../../../../arm-none-eabi/lib/thumb/v7-m/nofp\libg.a(lib_a-impure.o)
                0x2000000c                _impure_ptr
 .data.impure_data
                0x20000010      0x428 c:/progra~2/gnuarm~1/102021~1.10/bin/../lib/gcc/arm-none-eabi/10.3.1/../../../../arm-none-eabi/lib/thumb/v7-m/nofp\libg.a(lib_a-impure.o)
 .data.__atexit_recursive_mutex
                0x20000438        0x4 c:/progra~2/gnuarm~1/102021~1.10/bin/../lib/gcc/arm-none-eabi/10.3.1/../../../../arm-none-eabi/lib/thumb/v7-m/nofp\libg.a(lib_a-__call_atexit.o)
                0x20000438                __atexit_recursive_mutex
 *(.RamFunc)
 *(.RamFunc*)
                0x2000043c                . = ALIGN (0x4)
                0x2000043c                _edata = .

.igot.plt       0x2000043c        0x0 load address 0x08006428
 .igot.plt      0x2000043c        0x0 c:/progra~2/gnuarm~1/102021~1.10/bin/../lib/gcc/arm-none-eabi/10.3.1/thumb/v7-m/nofp/crtbegin.o
                0x2000043c                . = ALIGN (0x4)

.bss            0x20000440      0x78c load address 0x08006428
                0x20000440                _sbss = .
                0x20000440                __bss_start__ = _sbss
 *(.bss)
 .bss           0x20000440       0x1c c:/progra~2/gnuarm~1/102021~1.10/bin/../lib/gcc/arm-none-eabi/10.3.1/thumb/v7-m/nofp/crtbegin.o
 *(.bss*)
 .bss.BLUETOOTH_UART
                0x2000045c       0x44 CMakeFiles/uarttest.elf.dir/Core/Src/main.c.obj
                0x2000045c                BLUETOOTH_UART
 .bss.SERVO_UART
                0x200004a0       0x44 CMakeFiles/uarttest.elf.dir/Core/Src/main.c.obj
                0x200004a0                SERVO_UART
 .bss.huart1    0x200004e4       0x44 CMakeFiles/uarttest.elf.dir/Core/Src/main.c.obj
                0x200004e4                huart1
 .bss.BLUETOOH_RX_BUF
                0x20000528      0x190 CMakeFiles/uarttest.elf.dir/Core/Src/stm32f1xx_it.c.obj
                0x20000528                BLUETOOH_RX_BUF
 .bss.CMD_ARG_BUF
                0x200006b8       0x64 CMakeFiles/uarttest.elf.dir/Core/Src/stm32f1xx_it.c.obj
                0x200006b8                CMD_ARG_BUF
 .bss.SERVO_RX_BUF
                0x2000071c      0x190 CMakeFiles/uarttest.elf.dir/Core/Src/stm32f1xx_it.c.obj
                0x2000071c                SERVO_RX_BUF
 *fill*         0x200008ac        0x4 
 .bss.hexaRobo  0x200008b0      0x290 CMakeFiles/uarttest.elf.dir/Core/Src/stm32f1xx_it.c.obj
                0x200008b0                hexaRobo
 .bss.uwTick    0x20000b40        0x4 CMakeFiles/uarttest.elf.dir/Drivers/STM32F1xx_HAL_Driver/Src/stm32f1xx_hal.c.obj
                0x20000b40                uwTick
 .bss.LobotTxBuf
                0x20000b44       0x80 CMakeFiles/uarttest.elf.dir/Servo/Src/Servo.c.obj
 .bss.ServoHuart
                0x20000bc4        0x4 CMakeFiles/uarttest.elf.dir/Servo/Src/Servo.c.obj
 .bss.__lock___atexit_recursive_mutex
                0x20000bc8        0x1 c:/progra~2/gnuarm~1/102021~1.10/bin/../lib/gcc/arm-none-eabi/10.3.1/../../../../arm-none-eabi/lib/thumb/v7-m/nofp\libg.a(lib_a-lock.o)
                0x20000bc8                __lock___atexit_recursive_mutex
 *(COMMON)
                0x20000bcc                . = ALIGN (0x4)
 *fill*         0x20000bc9        0x3 
                0x20000bcc                _ebss = .
                0x20000bcc                __bss_end__ = _ebss

._user_heap_stack
                0x20000bcc      0x604 load address 0x08006428
                0x20000bd0                . = ALIGN (0x8)
 *fill*         0x20000bcc        0x4 
                [!provide]                PROVIDE (end = .)
                0x20000bd0                PROVIDE (_end = .)
                0x20000dd0                . = (. + _Min_Heap_Size)
 *fill*         0x20000bd0      0x200 
                0x200011d0                . = (. + _Min_Stack_Size)
 *fill*         0x20000dd0      0x400 
                0x200011d0                . = ALIGN (0x8)

/DISCARD/
 libc.a(*)
 libm.a(*)
 libgcc.a(*)

.ARM.attributes
                0x00000000       0x29
 *(.ARM.attributes)
 .ARM.attributes
                0x00000000       0x1d c:/progra~2/gnuarm~1/102021~1.10/bin/../lib/gcc/arm-none-eabi/10.3.1/thumb/v7-m/nofp/crti.o
 .ARM.attributes
                0x0000001d       0x2d c:/progra~2/gnuarm~1/102021~1.10/bin/../lib/gcc/arm-none-eabi/10.3.1/thumb/v7-m/nofp/crtbegin.o
 .ARM.attributes
                0x0000004a       0x2d CMakeFiles/uarttest.elf.dir/Core/Src/main.c.obj
 .ARM.attributes
                0x00000077       0x2d CMakeFiles/uarttest.elf.dir/Core/Src/stm32f1xx_hal_msp.c.obj
 .ARM.attributes
                0x000000a4       0x2d CMakeFiles/uarttest.elf.dir/Core/Src/stm32f1xx_it.c.obj
 .ARM.attributes
                0x000000d1       0x2d CMakeFiles/uarttest.elf.dir/Core/Src/system_stm32f1xx.c.obj
 .ARM.attributes
                0x000000fe       0x21 CMakeFiles/uarttest.elf.dir/Core/Startup/startup_stm32f103zetx.s.obj
 .ARM.attributes
                0x0000011f       0x2d CMakeFiles/uarttest.elf.dir/Drivers/STM32F1xx_HAL_Driver/Src/stm32f1xx_hal.c.obj
 .ARM.attributes
                0x0000014c       0x2d CMakeFiles/uarttest.elf.dir/Drivers/STM32F1xx_HAL_Driver/Src/stm32f1xx_hal_cortex.c.obj
 .ARM.attributes
                0x00000179       0x2d CMakeFiles/uarttest.elf.dir/Drivers/STM32F1xx_HAL_Driver/Src/stm32f1xx_hal_dma.c.obj
 .ARM.attributes
                0x000001a6       0x2d CMakeFiles/uarttest.elf.dir/Drivers/STM32F1xx_HAL_Driver/Src/stm32f1xx_hal_gpio.c.obj
 .ARM.attributes
                0x000001d3       0x2d CMakeFiles/uarttest.elf.dir/Drivers/STM32F1xx_HAL_Driver/Src/stm32f1xx_hal_rcc.c.obj
 .ARM.attributes
                0x00000200       0x2d CMakeFiles/uarttest.elf.dir/Drivers/STM32F1xx_HAL_Driver/Src/stm32f1xx_hal_uart.c.obj
 .ARM.attributes
                0x0000022d       0x2d CMakeFiles/uarttest.elf.dir/HexaPod/Src/HexaPod.c.obj
 .ARM.attributes
                0x0000025a       0x2d CMakeFiles/uarttest.elf.dir/InverseKinematics/Src/InverseKinematics.c.obj
 .ARM.attributes
                0x00000287       0x2d CMakeFiles/uarttest.elf.dir/Servo/Src/Servo.c.obj
 .ARM.attributes
                0x000002b4       0x1d c:/progra~2/gnuarm~1/102021~1.10/bin/../lib/gcc/arm-none-eabi/10.3.1/thumb/v7-m/nofp\libgcc.a(_arm_addsubdf3.o)
 .ARM.attributes
                0x000002d1       0x1d c:/progra~2/gnuarm~1/102021~1.10/bin/../lib/gcc/arm-none-eabi/10.3.1/thumb/v7-m/nofp\libgcc.a(_arm_muldivdf3.o)
 .ARM.attributes
                0x000002ee       0x1d c:/progra~2/gnuarm~1/102021~1.10/bin/../lib/gcc/arm-none-eabi/10.3.1/thumb/v7-m/nofp\libgcc.a(_arm_fixunsdfsi.o)
 .ARM.attributes
                0x0000030b       0x2d c:/progra~2/gnuarm~1/102021~1.10/bin/../lib/gcc/arm-none-eabi/10.3.1/../../../../arm-none-eabi/lib/thumb/v7-m/nofp\libg.a(lib_a-errno.o)
 .ARM.attributes
                0x00000338       0x2d c:/progra~2/gnuarm~1/102021~1.10/bin/../lib/gcc/arm-none-eabi/10.3.1/../../../../arm-none-eabi/lib/thumb/v7-m/nofp\libg.a(lib_a-impure.o)
 .ARM.attributes
                0x00000365       0x2d c:/progra~2/gnuarm~1/102021~1.10/bin/../lib/gcc/arm-none-eabi/10.3.1/../../../../arm-none-eabi/lib/thumb/v7-m/nofp\libg.a(lib_a-init.o)
 .ARM.attributes
                0x00000392       0x2d c:/progra~2/gnuarm~1/102021~1.10/bin/../lib/gcc/arm-none-eabi/10.3.1/../../../../arm-none-eabi/lib/thumb/v7-m/nofp\libg.a(lib_a-memset.o)
 .ARM.attributes
                0x000003bf       0x2d c:/progra~2/gnuarm~1/102021~1.10/bin/../lib/gcc/arm-none-eabi/10.3.1/../../../../arm-none-eabi/lib/thumb/v7-m/nofp\libg.a(lib_a-__call_atexit.o)
 .ARM.attributes
                0x000003ec       0x2d c:/progra~2/gnuarm~1/102021~1.10/bin/../lib/gcc/arm-none-eabi/10.3.1/../../../../arm-none-eabi/lib/thumb/v7-m/nofp\libg.a(lib_a-atexit.o)
 .ARM.attributes
                0x00000419       0x2d c:/progra~2/gnuarm~1/102021~1.10/bin/../lib/gcc/arm-none-eabi/10.3.1/../../../../arm-none-eabi/lib/thumb/v7-m/nofp\libg.a(lib_a-fini.o)
 .ARM.attributes
                0x00000446       0x2d c:/progra~2/gnuarm~1/102021~1.10/bin/../lib/gcc/arm-none-eabi/10.3.1/../../../../arm-none-eabi/lib/thumb/v7-m/nofp\libg.a(lib_a-lock.o)
 .ARM.attributes
                0x00000473       0x2d c:/progra~2/gnuarm~1/102021~1.10/bin/../lib/gcc/arm-none-eabi/10.3.1/../../../../arm-none-eabi/lib/thumb/v7-m/nofp\libg.a(lib_a-__atexit.o)
 .ARM.attributes
                0x000004a0       0x1d c:/progra~2/gnuarm~1/102021~1.10/bin/../lib/gcc/arm-none-eabi/10.3.1/thumb/v7-m/nofp/crtn.o
OUTPUT(uarttest.elf elf32-littlearm)
LOAD linker stubs
LOAD c:/progra~2/gnuarm~1/102021~1.10/bin/../lib/gcc/arm-none-eabi/10.3.1/../../../../arm-none-eabi/lib/thumb/v7-m/nofp\libc.a
LOAD c:/progra~2/gnuarm~1/102021~1.10/bin/../lib/gcc/arm-none-eabi/10.3.1/../../../../arm-none-eabi/lib/thumb/v7-m/nofp\libm.a
LOAD c:/progra~2/gnuarm~1/102021~1.10/bin/../lib/gcc/arm-none-eabi/10.3.1/thumb/v7-m/nofp\libgcc.a

.debug_info     0x00000000     0x9a3f
 .debug_info    0x00000000      0xe5d CMakeFiles/uarttest.elf.dir/Core/Src/main.c.obj
 .debug_info    0x00000e5d      0xc4d CMakeFiles/uarttest.elf.dir/Core/Src/stm32f1xx_hal_msp.c.obj
 .debug_info    0x00001aaa      0xcb4 CMakeFiles/uarttest.elf.dir/Core/Src/stm32f1xx_it.c.obj
 .debug_info    0x0000275e      0x248 CMakeFiles/uarttest.elf.dir/Core/Src/system_stm32f1xx.c.obj
 .debug_info    0x000029a6       0x22 CMakeFiles/uarttest.elf.dir/Core/Startup/startup_stm32f103zetx.s.obj
 .debug_info    0x000029c8      0x80e CMakeFiles/uarttest.elf.dir/Drivers/STM32F1xx_HAL_Driver/Src/stm32f1xx_hal.c.obj
 .debug_info    0x000031d6      0xdf0 CMakeFiles/uarttest.elf.dir/Drivers/STM32F1xx_HAL_Driver/Src/stm32f1xx_hal_cortex.c.obj
 .debug_info    0x00003fc6      0x846 CMakeFiles/uarttest.elf.dir/Drivers/STM32F1xx_HAL_Driver/Src/stm32f1xx_hal_dma.c.obj
 .debug_info    0x0000480c      0x66f CMakeFiles/uarttest.elf.dir/Drivers/STM32F1xx_HAL_Driver/Src/stm32f1xx_hal_gpio.c.obj
 .debug_info    0x00004e7b      0xa36 CMakeFiles/uarttest.elf.dir/Drivers/STM32F1xx_HAL_Driver/Src/stm32f1xx_hal_rcc.c.obj
 .debug_info    0x000058b1     0x1c8b CMakeFiles/uarttest.elf.dir/Drivers/STM32F1xx_HAL_Driver/Src/stm32f1xx_hal_uart.c.obj
 .debug_info    0x0000753c      0xe7b CMakeFiles/uarttest.elf.dir/HexaPod/Src/HexaPod.c.obj
 .debug_info    0x000083b7      0x402 CMakeFiles/uarttest.elf.dir/InverseKinematics/Src/InverseKinematics.c.obj
 .debug_info    0x000087b9     0x1286 CMakeFiles/uarttest.elf.dir/Servo/Src/Servo.c.obj

.debug_abbrev   0x00000000     0x1d09
 .debug_abbrev  0x00000000      0x2dd CMakeFiles/uarttest.elf.dir/Core/Src/main.c.obj
 .debug_abbrev  0x000002dd      0x1db CMakeFiles/uarttest.elf.dir/Core/Src/stm32f1xx_hal_msp.c.obj
 .debug_abbrev  0x000004b8      0x2db CMakeFiles/uarttest.elf.dir/Core/Src/stm32f1xx_it.c.obj
 .debug_abbrev  0x00000793      0x13e CMakeFiles/uarttest.elf.dir/Core/Src/system_stm32f1xx.c.obj
 .debug_abbrev  0x000008d1       0x12 CMakeFiles/uarttest.elf.dir/Core/Startup/startup_stm32f103zetx.s.obj
 .debug_abbrev  0x000008e3      0x1f4 CMakeFiles/uarttest.elf.dir/Drivers/STM32F1xx_HAL_Driver/Src/stm32f1xx_hal.c.obj
 .debug_abbrev  0x00000ad7      0x341 CMakeFiles/uarttest.elf.dir/Drivers/STM32F1xx_HAL_Driver/Src/stm32f1xx_hal_cortex.c.obj
 .debug_abbrev  0x00000e18      0x223 CMakeFiles/uarttest.elf.dir/Drivers/STM32F1xx_HAL_Driver/Src/stm32f1xx_hal_dma.c.obj
 .debug_abbrev  0x0000103b      0x1e6 CMakeFiles/uarttest.elf.dir/Drivers/STM32F1xx_HAL_Driver/Src/stm32f1xx_hal_gpio.c.obj
 .debug_abbrev  0x00001221      0x27a CMakeFiles/uarttest.elf.dir/Drivers/STM32F1xx_HAL_Driver/Src/stm32f1xx_hal_rcc.c.obj
 .debug_abbrev  0x0000149b      0x254 CMakeFiles/uarttest.elf.dir/Drivers/STM32F1xx_HAL_Driver/Src/stm32f1xx_hal_uart.c.obj
 .debug_abbrev  0x000016ef      0x2ca CMakeFiles/uarttest.elf.dir/HexaPod/Src/HexaPod.c.obj
 .debug_abbrev  0x000019b9       0xfd CMakeFiles/uarttest.elf.dir/InverseKinematics/Src/InverseKinematics.c.obj
 .debug_abbrev  0x00001ab6      0x253 CMakeFiles/uarttest.elf.dir/Servo/Src/Servo.c.obj

.debug_aranges  0x00000000      0x718
 .debug_aranges
                0x00000000       0x50 CMakeFiles/uarttest.elf.dir/Core/Src/main.c.obj
 .debug_aranges
                0x00000050       0x30 CMakeFiles/uarttest.elf.dir/Core/Src/stm32f1xx_hal_msp.c.obj
 .debug_aranges
                0x00000080       0x90 CMakeFiles/uarttest.elf.dir/Core/Src/stm32f1xx_it.c.obj
 .debug_aranges
                0x00000110       0x28 CMakeFiles/uarttest.elf.dir/Core/Src/system_stm32f1xx.c.obj
 .debug_aranges
                0x00000138       0x28 CMakeFiles/uarttest.elf.dir/Core/Startup/startup_stm32f103zetx.s.obj
 .debug_aranges
                0x00000160       0xe0 CMakeFiles/uarttest.elf.dir/Drivers/STM32F1xx_HAL_Driver/Src/stm32f1xx_hal.c.obj
 .debug_aranges
                0x00000240       0x90 CMakeFiles/uarttest.elf.dir/Drivers/STM32F1xx_HAL_Driver/Src/stm32f1xx_hal_cortex.c.obj
 .debug_aranges
                0x000002d0       0x80 CMakeFiles/uarttest.elf.dir/Drivers/STM32F1xx_HAL_Driver/Src/stm32f1xx_hal_dma.c.obj
 .debug_aranges
                0x00000350       0x58 CMakeFiles/uarttest.elf.dir/Drivers/STM32F1xx_HAL_Driver/Src/stm32f1xx_hal_gpio.c.obj
 .debug_aranges
                0x000003a8       0x90 CMakeFiles/uarttest.elf.dir/Drivers/STM32F1xx_HAL_Driver/Src/stm32f1xx_hal_rcc.c.obj
 .debug_aranges
                0x00000438      0x200 CMakeFiles/uarttest.elf.dir/Drivers/STM32F1xx_HAL_Driver/Src/stm32f1xx_hal_uart.c.obj
 .debug_aranges
                0x00000638       0x48 CMakeFiles/uarttest.elf.dir/HexaPod/Src/HexaPod.c.obj
 .debug_aranges
                0x00000680       0x28 CMakeFiles/uarttest.elf.dir/InverseKinematics/Src/InverseKinematics.c.obj
 .debug_aranges
                0x000006a8       0x70 CMakeFiles/uarttest.elf.dir/Servo/Src/Servo.c.obj

.debug_ranges   0x00000000      0x708
 .debug_ranges  0x00000000       0x40 CMakeFiles/uarttest.elf.dir/Core/Src/main.c.obj
 .debug_ranges  0x00000040       0x20 CMakeFiles/uarttest.elf.dir/Core/Src/stm32f1xx_hal_msp.c.obj
 .debug_ranges  0x00000060       0xb0 CMakeFiles/uarttest.elf.dir/Core/Src/stm32f1xx_it.c.obj
 .debug_ranges  0x00000110       0x18 CMakeFiles/uarttest.elf.dir/Core/Src/system_stm32f1xx.c.obj
 .debug_ranges  0x00000128       0x20 CMakeFiles/uarttest.elf.dir/Core/Startup/startup_stm32f103zetx.s.obj
 .debug_ranges  0x00000148       0xd0 CMakeFiles/uarttest.elf.dir/Drivers/STM32F1xx_HAL_Driver/Src/stm32f1xx_hal.c.obj
 .debug_ranges  0x00000218       0xe0 CMakeFiles/uarttest.elf.dir/Drivers/STM32F1xx_HAL_Driver/Src/stm32f1xx_hal_cortex.c.obj
 .debug_ranges  0x000002f8       0x70 CMakeFiles/uarttest.elf.dir/Drivers/STM32F1xx_HAL_Driver/Src/stm32f1xx_hal_dma.c.obj
 .debug_ranges  0x00000368       0x48 CMakeFiles/uarttest.elf.dir/Drivers/STM32F1xx_HAL_Driver/Src/stm32f1xx_hal_gpio.c.obj
 .debug_ranges  0x000003b0       0xa0 CMakeFiles/uarttest.elf.dir/Drivers/STM32F1xx_HAL_Driver/Src/stm32f1xx_hal_rcc.c.obj
 .debug_ranges  0x00000450      0x1f0 CMakeFiles/uarttest.elf.dir/Drivers/STM32F1xx_HAL_Driver/Src/stm32f1xx_hal_uart.c.obj
 .debug_ranges  0x00000640       0x38 CMakeFiles/uarttest.elf.dir/HexaPod/Src/HexaPod.c.obj
 .debug_ranges  0x00000678       0x18 CMakeFiles/uarttest.elf.dir/InverseKinematics/Src/InverseKinematics.c.obj
 .debug_ranges  0x00000690       0x78 CMakeFiles/uarttest.elf.dir/Servo/Src/Servo.c.obj

.debug_line     0x00000000     0x776c
 .debug_line    0x00000000      0x602 CMakeFiles/uarttest.elf.dir/Core/Src/main.c.obj
 .debug_line    0x00000602      0x404 CMakeFiles/uarttest.elf.dir/Core/Src/stm32f1xx_hal_msp.c.obj
 .debug_line    0x00000a06      0x6c6 CMakeFiles/uarttest.elf.dir/Core/Src/stm32f1xx_it.c.obj
 .debug_line    0x000010cc      0x25c CMakeFiles/uarttest.elf.dir/Core/Src/system_stm32f1xx.c.obj
 .debug_line    0x00001328       0xaf CMakeFiles/uarttest.elf.dir/Core/Startup/startup_stm32f103zetx.s.obj
 .debug_line    0x000013d7      0x59a CMakeFiles/uarttest.elf.dir/Drivers/STM32F1xx_HAL_Driver/Src/stm32f1xx_hal.c.obj
 .debug_line    0x00001971      0x67a CMakeFiles/uarttest.elf.dir/Drivers/STM32F1xx_HAL_Driver/Src/stm32f1xx_hal_cortex.c.obj
 .debug_line    0x00001feb      0xd2c CMakeFiles/uarttest.elf.dir/Drivers/STM32F1xx_HAL_Driver/Src/stm32f1xx_hal_dma.c.obj
 .debug_line    0x00002d17      0x638 CMakeFiles/uarttest.elf.dir/Drivers/STM32F1xx_HAL_Driver/Src/stm32f1xx_hal_gpio.c.obj
 .debug_line    0x0000334f      0xc6d CMakeFiles/uarttest.elf.dir/Drivers/STM32F1xx_HAL_Driver/Src/stm32f1xx_hal_rcc.c.obj
 .debug_line    0x00003fbc     0x20fc CMakeFiles/uarttest.elf.dir/Drivers/STM32F1xx_HAL_Driver/Src/stm32f1xx_hal_uart.c.obj
 .debug_line    0x000060b8      0x581 CMakeFiles/uarttest.elf.dir/HexaPod/Src/HexaPod.c.obj
 .debug_line    0x00006639      0x1c8 CMakeFiles/uarttest.elf.dir/InverseKinematics/Src/InverseKinematics.c.obj
 .debug_line    0x00006801      0xf6b CMakeFiles/uarttest.elf.dir/Servo/Src/Servo.c.obj

.debug_str      0x00000000     0x27f2
 .debug_str     0x00000000      0xa11 CMakeFiles/uarttest.elf.dir/Core/Src/main.c.obj
                                0xab6 (size before relaxing)
 .debug_str     0x00000a11      0x502 CMakeFiles/uarttest.elf.dir/Core/Src/stm32f1xx_hal_msp.c.obj
                                0xad1 (size before relaxing)
 .debug_str     0x00000f13      0x1e1 CMakeFiles/uarttest.elf.dir/Core/Src/stm32f1xx_it.c.obj
                                0x9ce (size before relaxing)
 .debug_str     0x000010f4       0xa6 CMakeFiles/uarttest.elf.dir/Core/Src/system_stm32f1xx.c.obj
                                0x2a2 (size before relaxing)
 .debug_str     0x0000119a       0x5e CMakeFiles/uarttest.elf.dir/Core/Startup/startup_stm32f103zetx.s.obj
                                 0x9b (size before relaxing)
 .debug_str     0x000011f8      0x336 CMakeFiles/uarttest.elf.dir/Drivers/STM32F1xx_HAL_Driver/Src/stm32f1xx_hal.c.obj
                                0x956 (size before relaxing)
 .debug_str     0x0000152e      0x3c6 CMakeFiles/uarttest.elf.dir/Drivers/STM32F1xx_HAL_Driver/Src/stm32f1xx_hal_cortex.c.obj
                                0xa05 (size before relaxing)
 .debug_str     0x000018f4      0x26c CMakeFiles/uarttest.elf.dir/Drivers/STM32F1xx_HAL_Driver/Src/stm32f1xx_hal_dma.c.obj
                                0x64b (size before relaxing)
 .debug_str     0x00001b60      0x16b CMakeFiles/uarttest.elf.dir/Drivers/STM32F1xx_HAL_Driver/Src/stm32f1xx_hal_gpio.c.obj
                                0x44e (size before relaxing)
 .debug_str     0x00001ccb      0x21c CMakeFiles/uarttest.elf.dir/Drivers/STM32F1xx_HAL_Driver/Src/stm32f1xx_hal_rcc.c.obj
                                0x679 (size before relaxing)
 .debug_str     0x00001ee7      0x58e CMakeFiles/uarttest.elf.dir/Drivers/STM32F1xx_HAL_Driver/Src/stm32f1xx_hal_uart.c.obj
                                0xcdc (size before relaxing)
 .debug_str     0x00002475      0x1c1 CMakeFiles/uarttest.elf.dir/HexaPod/Src/HexaPod.c.obj
                                0x954 (size before relaxing)
 .debug_str     0x00002636       0xd1 CMakeFiles/uarttest.elf.dir/InverseKinematics/Src/InverseKinematics.c.obj
                                0x2a5 (size before relaxing)
 .debug_str     0x00002707       0xeb CMakeFiles/uarttest.elf.dir/Servo/Src/Servo.c.obj
                                0x753 (size before relaxing)

.comment        0x00000000       0x49
 .comment       0x00000000       0x49 CMakeFiles/uarttest.elf.dir/Core/Src/main.c.obj
                                 0x4a (size before relaxing)
 .comment       0x00000049       0x4a CMakeFiles/uarttest.elf.dir/Core/Src/stm32f1xx_hal_msp.c.obj
 .comment       0x00000049       0x4a CMakeFiles/uarttest.elf.dir/Core/Src/stm32f1xx_it.c.obj
 .comment       0x00000049       0x4a CMakeFiles/uarttest.elf.dir/Core/Src/system_stm32f1xx.c.obj
 .comment       0x00000049       0x4a CMakeFiles/uarttest.elf.dir/Drivers/STM32F1xx_HAL_Driver/Src/stm32f1xx_hal.c.obj
 .comment       0x00000049       0x4a CMakeFiles/uarttest.elf.dir/Drivers/STM32F1xx_HAL_Driver/Src/stm32f1xx_hal_cortex.c.obj
 .comment       0x00000049       0x4a CMakeFiles/uarttest.elf.dir/Drivers/STM32F1xx_HAL_Driver/Src/stm32f1xx_hal_dma.c.obj
 .comment       0x00000049       0x4a CMakeFiles/uarttest.elf.dir/Drivers/STM32F1xx_HAL_Driver/Src/stm32f1xx_hal_gpio.c.obj
 .comment       0x00000049       0x4a CMakeFiles/uarttest.elf.dir/Drivers/STM32F1xx_HAL_Driver/Src/stm32f1xx_hal_rcc.c.obj
 .comment       0x00000049       0x4a CMakeFiles/uarttest.elf.dir/Drivers/STM32F1xx_HAL_Driver/Src/stm32f1xx_hal_uart.c.obj
 .comment       0x00000049       0x4a CMakeFiles/uarttest.elf.dir/HexaPod/Src/HexaPod.c.obj
 .comment       0x00000049       0x4a CMakeFiles/uarttest.elf.dir/InverseKinematics/Src/InverseKinematics.c.obj
 .comment       0x00000049       0x4a CMakeFiles/uarttest.elf.dir/Servo/Src/Servo.c.obj

.debug_frame    0x00000000     0x14d4
 .debug_frame   0x00000000       0xc0 CMakeFiles/uarttest.elf.dir/Core/Src/main.c.obj
 .debug_frame   0x000000c0       0x64 CMakeFiles/uarttest.elf.dir/Core/Src/stm32f1xx_hal_msp.c.obj
 .debug_frame   0x00000124      0x144 CMakeFiles/uarttest.elf.dir/Core/Src/stm32f1xx_it.c.obj
 .debug_frame   0x00000268       0x30 CMakeFiles/uarttest.elf.dir/Core/Src/system_stm32f1xx.c.obj
 .debug_frame   0x00000298      0x1cc CMakeFiles/uarttest.elf.dir/Drivers/STM32F1xx_HAL_Driver/Src/stm32f1xx_hal.c.obj
 .debug_frame   0x00000464      0x118 CMakeFiles/uarttest.elf.dir/Drivers/STM32F1xx_HAL_Driver/Src/stm32f1xx_hal_cortex.c.obj
 .debug_frame   0x0000057c      0x140 CMakeFiles/uarttest.elf.dir/Drivers/STM32F1xx_HAL_Driver/Src/stm32f1xx_hal_dma.c.obj
 .debug_frame   0x000006bc       0xe4 CMakeFiles/uarttest.elf.dir/Drivers/STM32F1xx_HAL_Driver/Src/stm32f1xx_hal_gpio.c.obj
 .debug_frame   0x000007a0      0x190 CMakeFiles/uarttest.elf.dir/Drivers/STM32F1xx_HAL_Driver/Src/stm32f1xx_hal_rcc.c.obj
 .debug_frame   0x00000930      0x5c4 CMakeFiles/uarttest.elf.dir/Drivers/STM32F1xx_HAL_Driver/Src/stm32f1xx_hal_uart.c.obj
 .debug_frame   0x00000ef4       0xd4 CMakeFiles/uarttest.elf.dir/HexaPod/Src/HexaPod.c.obj
 .debug_frame   0x00000fc8       0x68 CMakeFiles/uarttest.elf.dir/InverseKinematics/Src/InverseKinematics.c.obj
 .debug_frame   0x00001030      0x178 CMakeFiles/uarttest.elf.dir/Servo/Src/Servo.c.obj
 .debug_frame   0x000011a8       0xac c:/progra~2/gnuarm~1/102021~1.10/bin/../lib/gcc/arm-none-eabi/10.3.1/thumb/v7-m/nofp\libgcc.a(_arm_addsubdf3.o)
 .debug_frame   0x00001254       0x50 c:/progra~2/gnuarm~1/102021~1.10/bin/../lib/gcc/arm-none-eabi/10.3.1/thumb/v7-m/nofp\libgcc.a(_arm_muldivdf3.o)
 .debug_frame   0x000012a4       0x24 c:/progra~2/gnuarm~1/102021~1.10/bin/../lib/gcc/arm-none-eabi/10.3.1/thumb/v7-m/nofp\libgcc.a(_arm_fixunsdfsi.o)
 .debug_frame   0x000012c8       0x20 c:/progra~2/gnuarm~1/102021~1.10/bin/../lib/gcc/arm-none-eabi/10.3.1/../../../../arm-none-eabi/lib/thumb/v7-m/nofp\libg.a(lib_a-errno.o)
 .debug_frame   0x000012e8       0x2c c:/progra~2/gnuarm~1/102021~1.10/bin/../lib/gcc/arm-none-eabi/10.3.1/../../../../arm-none-eabi/lib/thumb/v7-m/nofp\libg.a(lib_a-init.o)
 .debug_frame   0x00001314       0x2c c:/progra~2/gnuarm~1/102021~1.10/bin/../lib/gcc/arm-none-eabi/10.3.1/../../../../arm-none-eabi/lib/thumb/v7-m/nofp\libg.a(lib_a-memset.o)
 .debug_frame   0x00001340       0x5c c:/progra~2/gnuarm~1/102021~1.10/bin/../lib/gcc/arm-none-eabi/10.3.1/../../../../arm-none-eabi/lib/thumb/v7-m/nofp\libg.a(lib_a-__call_atexit.o)
 .debug_frame   0x0000139c       0x20 c:/progra~2/gnuarm~1/102021~1.10/bin/../lib/gcc/arm-none-eabi/10.3.1/../../../../arm-none-eabi/lib/thumb/v7-m/nofp\libg.a(lib_a-atexit.o)
 .debug_frame   0x000013bc       0x34 c:/progra~2/gnuarm~1/102021~1.10/bin/../lib/gcc/arm-none-eabi/10.3.1/../../../../arm-none-eabi/lib/thumb/v7-m/nofp\libg.a(lib_a-fini.o)
 .debug_frame   0x000013f0       0xb0 c:/progra~2/gnuarm~1/102021~1.10/bin/../lib/gcc/arm-none-eabi/10.3.1/../../../../arm-none-eabi/lib/thumb/v7-m/nofp\libg.a(lib_a-lock.o)
 .debug_frame   0x000014a0       0x34 c:/progra~2/gnuarm~1/102021~1.10/bin/../lib/gcc/arm-none-eabi/10.3.1/../../../../arm-none-eabi/lib/thumb/v7-m/nofp\libg.a(lib_a-__atexit.o)

.debug_loc      0x00000000     0x4ada
 .debug_loc     0x00000000      0x10d CMakeFiles/uarttest.elf.dir/Core/Src/stm32f1xx_hal_msp.c.obj
 .debug_loc     0x0000010d      0x266 CMakeFiles/uarttest.elf.dir/Core/Src/stm32f1xx_it.c.obj
 .debug_loc     0x00000373       0xff CMakeFiles/uarttest.elf.dir/Core/Src/system_stm32f1xx.c.obj
 .debug_loc     0x00000472      0x141 CMakeFiles/uarttest.elf.dir/Drivers/STM32F1xx_HAL_Driver/Src/stm32f1xx_hal.c.obj
 .debug_loc     0x000005b3      0x71f CMakeFiles/uarttest.elf.dir/Drivers/STM32F1xx_HAL_Driver/Src/stm32f1xx_hal_cortex.c.obj
 .debug_loc     0x00000cd2      0x7ce CMakeFiles/uarttest.elf.dir/Drivers/STM32F1xx_HAL_Driver/Src/stm32f1xx_hal_dma.c.obj
 .debug_loc     0x000014a0      0x47d CMakeFiles/uarttest.elf.dir/Drivers/STM32F1xx_HAL_Driver/Src/stm32f1xx_hal_gpio.c.obj
 .debug_loc     0x0000191d      0x63e CMakeFiles/uarttest.elf.dir/Drivers/STM32F1xx_HAL_Driver/Src/stm32f1xx_hal_rcc.c.obj
 .debug_loc     0x00001f5b     0x2037 CMakeFiles/uarttest.elf.dir/Drivers/STM32F1xx_HAL_Driver/Src/stm32f1xx_hal_uart.c.obj
 .debug_loc     0x00003f92      0x2d7 CMakeFiles/uarttest.elf.dir/HexaPod/Src/HexaPod.c.obj
 .debug_loc     0x00004269      0x1fe CMakeFiles/uarttest.elf.dir/InverseKinematics/Src/InverseKinematics.c.obj
 .debug_loc     0x00004467      0x673 CMakeFiles/uarttest.elf.dir/Servo/Src/Servo.c.obj
