Archive member included to satisfy reference by file (symbol)

c:/progra~2/gnuarm~1/102021~1.10/bin/../lib/gcc/arm-none-eabi/10.3.1/thumb/v7-m/nofp\libgcc.a(_arm_muldf3.o)
                              CMakeFiles/uarttest.elf.dir/InverseKinematics/Src/InverseKinematics.c.obj (__aeabi_dmul)
c:/progra~2/gnuarm~1/102021~1.10/bin/../lib/gcc/arm-none-eabi/10.3.1/thumb/v7-m/nofp\libgcc.a(_arm_addsubdf3.o)
                              CMakeFiles/uarttest.elf.dir/InverseKinematics/Src/InverseKinematics.c.obj (__aeabi_dsub)
c:/progra~2/gnuarm~1/102021~1.10/bin/../lib/gcc/arm-none-eabi/10.3.1/thumb/v7-m/nofp\libgcc.a(_arm_muldivdf3.o)
                              CMakeFiles/uarttest.elf.dir/InverseKinematics/Src/InverseKinematics.c.obj (__aeabi_ddiv)
c:/progra~2/gnuarm~1/102021~1.10/bin/../lib/gcc/arm-none-eabi/10.3.1/thumb/v7-m/nofp\libgcc.a(_arm_fixunsdfsi.o)
                              CMakeFiles/uarttest.elf.dir/Servo/Src/Servo.c.obj (__aeabi_d2uiz)
c:/progra~2/gnuarm~1/102021~1.10/bin/../lib/gcc/arm-none-eabi/10.3.1/../../../../arm-none-eabi/lib/thumb/v7-m/nofp\libg.a(lib_a-errno.o)
                              CMakeFiles/uarttest.elf.dir/Core/Src/syscalls.c.obj (__errno)
c:/progra~2/gnuarm~1/102021~1.10/bin/../lib/gcc/arm-none-eabi/10.3.1/../../../../arm-none-eabi/lib/thumb/v7-m/nofp\libg.a(lib_a-exit.o)
                              c:/progra~2/gnuarm~1/102021~1.10/bin/../lib/gcc/arm-none-eabi/10.3.1/../../../../arm-none-eabi/lib/thumb/v7-m/nofp/crt0.o (exit)
c:/progra~2/gnuarm~1/102021~1.10/bin/../lib/gcc/arm-none-eabi/10.3.1/../../../../arm-none-eabi/lib/thumb/v7-m/nofp\libg.a(lib_a-impure.o)
                              c:/progra~2/gnuarm~1/102021~1.10/bin/../lib/gcc/arm-none-eabi/10.3.1/../../../../arm-none-eabi/lib/thumb/v7-m/nofp\libg.a(lib_a-exit.o) (_global_impure_ptr)
c:/progra~2/gnuarm~1/102021~1.10/bin/../lib/gcc/arm-none-eabi/10.3.1/../../../../arm-none-eabi/lib/thumb/v7-m/nofp\libg.a(lib_a-init.o)
                              c:/progra~2/gnuarm~1/102021~1.10/bin/../lib/gcc/arm-none-eabi/10.3.1/../../../../arm-none-eabi/lib/thumb/v7-m/nofp/crt0.o (__libc_init_array)
c:/progra~2/gnuarm~1/102021~1.10/bin/../lib/gcc/arm-none-eabi/10.3.1/../../../../arm-none-eabi/lib/thumb/v7-m/nofp\libg.a(lib_a-memset.o)
                              c:/progra~2/gnuarm~1/102021~1.10/bin/../lib/gcc/arm-none-eabi/10.3.1/../../../../arm-none-eabi/lib/thumb/v7-m/nofp/crt0.o (memset)
c:/progra~2/gnuarm~1/102021~1.10/bin/../lib/gcc/arm-none-eabi/10.3.1/../../../../arm-none-eabi/lib/thumb/v7-m/nofp\libg.a(lib_a-sprintf.o)
                              CMakeFiles/uarttest.elf.dir/Core/Src/main.c.obj (sprintf)
c:/progra~2/gnuarm~1/102021~1.10/bin/../lib/gcc/arm-none-eabi/10.3.1/../../../../arm-none-eabi/lib/thumb/v7-m/nofp\libg.a(lib_a-sscanf.o)
                              CMakeFiles/uarttest.elf.dir/Core/Src/stm32f1xx_it.c.obj (sscanf)
c:/progra~2/gnuarm~1/102021~1.10/bin/../lib/gcc/arm-none-eabi/10.3.1/../../../../arm-none-eabi/lib/thumb/v7-m/nofp\libg.a(lib_a-stdio.o)
                              c:/progra~2/gnuarm~1/102021~1.10/bin/../lib/gcc/arm-none-eabi/10.3.1/../../../../arm-none-eabi/lib/thumb/v7-m/nofp\libg.a(lib_a-sscanf.o) (__seofread)
c:/progra~2/gnuarm~1/102021~1.10/bin/../lib/gcc/arm-none-eabi/10.3.1/../../../../arm-none-eabi/lib/thumb/v7-m/nofp\libg.a(lib_a-strlen-stub.o)
                              c:/progra~2/gnuarm~1/102021~1.10/bin/../lib/gcc/arm-none-eabi/10.3.1/../../../../arm-none-eabi/lib/thumb/v7-m/nofp\libg.a(lib_a-sscanf.o) (strlen)
c:/progra~2/gnuarm~1/102021~1.10/bin/../lib/gcc/arm-none-eabi/10.3.1/../../../../arm-none-eabi/lib/thumb/v7-m/nofp\libg.a(lib_a-svfprintf.o)
                              c:/progra~2/gnuarm~1/102021~1.10/bin/../lib/gcc/arm-none-eabi/10.3.1/../../../../arm-none-eabi/lib/thumb/v7-m/nofp\libg.a(lib_a-sprintf.o) (_svfprintf_r)
c:/progra~2/gnuarm~1/102021~1.10/bin/../lib/gcc/arm-none-eabi/10.3.1/../../../../arm-none-eabi/lib/thumb/v7-m/nofp\libg.a(lib_a-svfscanf.o)
                              c:/progra~2/gnuarm~1/102021~1.10/bin/../lib/gcc/arm-none-eabi/10.3.1/../../../../arm-none-eabi/lib/thumb/v7-m/nofp\libg.a(lib_a-sscanf.o) (__ssvfscanf_r)
c:/progra~2/gnuarm~1/102021~1.10/bin/../lib/gcc/arm-none-eabi/10.3.1/../../../../arm-none-eabi/lib/thumb/v7-m/nofp\libg.a(lib_a-writer.o)
                              c:/progra~2/gnuarm~1/102021~1.10/bin/../lib/gcc/arm-none-eabi/10.3.1/../../../../arm-none-eabi/lib/thumb/v7-m/nofp\libg.a(lib_a-stdio.o) (_write_r)
c:/progra~2/gnuarm~1/102021~1.10/bin/../lib/gcc/arm-none-eabi/10.3.1/../../../../arm-none-eabi/lib/thumb/v7-m/nofp\libg.a(lib_a-__call_atexit.o)
                              c:/progra~2/gnuarm~1/102021~1.10/bin/../lib/gcc/arm-none-eabi/10.3.1/../../../../arm-none-eabi/lib/thumb/v7-m/nofp\libg.a(lib_a-exit.o) (__call_exitprocs)
c:/progra~2/gnuarm~1/102021~1.10/bin/../lib/gcc/arm-none-eabi/10.3.1/../../../../arm-none-eabi/lib/thumb/v7-m/nofp\libg.a(lib_a-atexit.o)
[...]
Memory Configuration

Name             Origin             Length             Attributes
RAM              0x20000000         0x00010000         xrw
FLASH            0x08000000         0x00080000         xr
*default*        0x00000000         0xffffffff

Linker script and memory map

LOAD c:/progra~2/gnuarm~1/102021~1.10/bin/../lib/gcc/arm-none-eabi/10.3.1/thumb/v7-m/nofp/crti.o
LOAD c:/progra~2/gnuarm~1/102021~1.10/bin/../lib/gcc/arm-none-eabi/10.3.1/thumb/v7-m/nofp/crtbegin.o
LOAD c:/progra~2/gnuarm~1/102021~1.10/bin/../lib/gcc/arm-none-eabi/10.3.1/../../../../arm-none-eabi/lib/thumb/v7-m/nofp/crt0.o
LOAD CMakeFiles/uarttest.elf.dir/Core/Src/main.c.obj
LOAD CMakeFiles/uarttest.elf.dir/Core/Src/stm32f1xx_hal_msp.c.obj
LOAD CMakeFiles/uarttest.elf.dir/Core/Src/stm32f1xx_it.c.obj
LOAD CMakeFiles/uarttest.elf.dir/Core/Src/syscalls.c.obj
LOAD CMakeFiles/uarttest.elf.dir/Core/Src/sysmem.c.obj
LOAD CMakeFiles/uarttest.elf.dir/Core/Src/system_stm32f1xx.c.obj
LOAD CMakeFiles/uarttest.elf.dir/Core/Startup/startup_stm32f103zetx.s.obj
LOAD CMakeFiles/uarttest.elf.dir/Drivers/STM32F1xx_HAL_Driver/Src/stm32f1xx_hal.c.obj
LOAD CMakeFiles/uarttest.elf.dir/Drivers/STM32F1xx_HAL_Driver/Src/stm32f1xx_hal_cortex.c.obj
LOAD CMakeFiles/uarttest.elf.dir/Drivers/STM32F1xx_HAL_Driver/Src/stm32f1xx_hal_dma.c.obj
LOAD CMakeFiles/uarttest.elf.dir/Drivers/STM32F1xx_HAL_Driver/Src/stm32f1xx_hal_exti.c.obj
LOAD CMakeFiles/uarttest.elf.dir/Drivers/STM32F1xx_HAL_Driver/Src/stm32f1xx_hal_flash.c.obj
LOAD CMakeFiles/uarttest.elf.dir/Drivers/STM32F1xx_HAL_Driver/Src/stm32f1xx_hal_flash_ex.c.obj
LOAD CMakeFiles/uarttest.elf.dir/Drivers/STM32F1xx_HAL_Driver/Src/stm32f1xx_hal_gpio.c.obj
LOAD CMakeFiles/uarttest.elf.dir/Drivers/STM32F1xx_HAL_Driver/Src/stm32f1xx_hal_gpio_ex.c.obj
LOAD CMakeFiles/uarttest.elf.dir/Drivers/STM32F1xx_HAL_Driver/Src/stm32f1xx_hal_pwr.c.obj
LOAD CMakeFiles/uarttest.elf.dir/Drivers/STM32F1xx_HAL_Driver/Src/stm32f1xx_hal_rcc.c.obj
LOAD CMakeFiles/uarttest.elf.dir/Drivers/STM32F1xx_HAL_Driver/Src/stm32f1xx_hal_rcc_ex.c.obj
LOAD CMakeFiles/uarttest.elf.dir/Drivers/STM32F1xx_HAL_Driver/Src/stm32f1xx_hal_tim.c.obj
LOAD CMakeFiles/uarttest.elf.dir/Drivers/STM32F1xx_HAL_Driver/Src/stm32f1xx_hal_tim_ex.c.obj
LOAD CMakeFiles/uarttest.elf.dir/Drivers/STM32F1xx_HAL_Driver/Src/stm32f1xx_hal_uart.c.obj
LOAD CMakeFiles/uarttest.elf.dir/HexaPod/Src/HexaPod.c.obj
LOAD CMakeFiles/uarttest.elf.dir/InverseKinematics/Src/InverseKinematics.c.obj
LOAD CMakeFiles/uarttest.elf.dir/Servo/Src/Servo.c.obj
START GROUP
LOAD c:/progra~2/gnuarm~1/102021~1.10/bin/../lib/gcc/arm-none-eabi/10.3.1/thumb/v7-m/nofp\libgcc.a
LOAD c:/progra~2/gnuarm~1/102021~1.10/bin/../lib/gcc/arm-none-eabi/10.3.1/../../../../arm-none-eabi/lib/thumb/v7-m/nofp\libg.a
LOAD c:/progra~2/gnuarm~1/102021~1.10/bin/../lib/gcc/arm-none-eabi/10.3.1/../../../../arm-none-eabi/lib/thumb/v7-m/nofp\libc.a
END GROUP
LOAD c:/progra~2/gnuarm~1/102021~1.10/bin/../lib/gcc/arm-none-eabi/10.3.1/thumb/v7-m/nofp/crtend.o
LOAD c:/progra~2/gnuarm~1/102021~1.10/bin/../lib/gcc/arm-none-eabi/10.3.1/thumb/v7-m/nofp/crtn.o
                0x20010000                _estack = (ORIGIN (RAM) + LENGTH (RAM))
                0x00000200                _Min_Heap_Size = 0x200
                0x00000400                _Min_Stack_Size = 0x400

.isr_vector     0x08000000      0x1e4
                0x08000000                . = ALIGN (0x4)
 *(.isr_vector)
 .isr_vector    0x08000000      0x1e4 CMakeFiles/uarttest.elf.dir/Core/Startup/startup_stm32f103zetx.s.obj
                0x08000000                g_pfnVectors
                0x080001e4                . = ALIGN (0x4)

.text           0x080001e8     0xd224
                0x080001e8                . = ALIGN (0x4)
 *(.text)
 .text          0x080001e8       0x40 c:/progra~2/gnuarm~1/102021~1.10/bin/../lib/gcc/arm-none-eabi/10.3.1/thumb/v7-m/nofp/crtbegin.o
 .text          0x08000228      0x378 c:/progra~2/gnuarm~1/102021~1.10/bin/../lib/gcc/arm-none-eabi/10.3.1/thumb/v7-m/nofp\libgcc.a(_arm_addsubdf3.o)
                0x08000228                __aeabi_drsub
                0x08000230                __aeabi_dsub
                0x08000230                __subdf3
                0x08000234                __aeabi_dadd
                0x08000234                __adddf3
                0x080004ac                __floatunsidf
                0x080004ac                __aeabi_ui2d
                0x080004cc                __floatsidf
                0x080004cc                __aeabi_i2d
                0x080004f0                __aeabi_f2d
                0x080004f0                __extendsfdf2
                0x08000534                __floatundidf
                0x08000534                __aeabi_ul2d
                0x08000544                __floatdidf
                0x08000544                __aeabi_l2d
 .text          0x080005a0      0x424 c:/progra~2/gnuarm~1/102021~1.10/bin/../lib/gcc/arm-none-eabi/10.3.1/thumb/v7-m/nofp\libgcc.a(_arm_muldivdf3.o)
                0x080005a0                __aeabi_dmul
                0x080005a0                __muldf3
                0x080007f4                __divdf3
                0x080007f4                __aeabi_ddiv
 .text          0x080009c4       0x40 c:/progra~2/gnuarm~1/102021~1.10/bin/../lib/gcc/arm-none-eabi/10.3.1/thumb/v7-m/nofp\libgcc.a(_arm_fixunsdfsi.o)
                0x080009c4                __aeabi_d2uiz
                0x080009c4                __fixunsdfsi
 .text          0x08000a04       0xec c:/progra~2/gnuarm~1/102021~1.10/bin/../lib/gcc/arm-none-eabi/10.3.1/../../../../arm-none-eabi/lib/thumb/v7-m/nofp\libg.a(lib_a-memcpy.o)
                0x08000a04                memcpy
 .text          0x08000af0      0x110 c:/progra~2/gnuarm~1/102021~1.10/bin/../lib/gcc/arm-none-eabi/10.3.1/thumb/v7-m/nofp\libgcc.a(_arm_cmpdf2.o)
                0x08000af0                __gtdf2
                0x08000af0                __gedf2
                0x08000af8                __ltdf2
                0x08000af8                __ledf2
                0x08000b00                __nedf2
                0x08000b00                __eqdf2
                0x08000b00                __cmpdf2
                0x08000b7c                __aeabi_cdrcmple
                0x08000b8c                __aeabi_cdcmpeq
                0x08000b8c                __aeabi_cdcmple
                0x08000b9c                __aeabi_dcmpeq
                0x08000bb0                __aeabi_dcmplt
                0x08000bc4                __aeabi_dcmple
                0x08000bd8                __aeabi_dcmpge
                0x08000bec                __aeabi_dcmpgt
 .text          0x08000c00       0x2c c:/progra~2/gnuarm~1/102021~1.10/bin/../lib/gcc/arm-none-eabi/10.3.1/thumb/v7-m/nofp\libgcc.a(_arm_unorddf2.o)
                0x08000c00                __unorddf2
                0x08000c00                __aeabi_dcmpun
 .text          0x08000c2c       0x50 c:/progra~2/gnuarm~1/102021~1.10/bin/../lib/gcc/arm-none-eabi/10.3.1/thumb/v7-m/nofp\libgcc.a(_arm_fixdfsi.o)
                0x08000c2c                __aeabi_d2iz
                0x08000c2c                __fixdfsi
 .text          0x08000c7c       0xa0 c:/progra~2/gnuarm~1/102021~1.10/bin/../lib/gcc/arm-none-eabi/10.3.1/thumb/v7-m/nofp\libgcc.a(_arm_truncdfsf2.o)
                0x08000c7c                __truncdfsf2
                0x08000c7c                __aeabi_d2f
 .text          0x08000d1c       0x30 c:/progra~2/gnuarm~1/102021~1.10/bin/../lib/gcc/arm-none-eabi/10.3.1/thumb/v7-m/nofp\libgcc.a(_aeabi_uldivmod.o)
                0x08000d1c                __aeabi_uldivmod
 .text          0x08000d4c       0x34 c:/progra~2/gnuarm~1/102021~1.10/bin/../lib/gcc/arm-none-eabi/10.3.1/thumb/v7-m/nofp\libgcc.a(_fixdfdi.o)
                0x08000d4c                __fixdfdi
                0x08000d4c                __aeabi_d2lz
 .text          0x08000d80       0x3c c:/progra~2/gnuarm~1/102021~1.10/bin/../lib/gcc/arm-none-eabi/10.3.1/thumb/v7-m/nofp\libgcc.a(_fixunsdfdi.o)
                0x08000d80                __fixunsdfdi
                0x08000d80                __aeabi_d2ulz
 .text          0x08000dbc      0x2d4 c:/progra~2/gnuarm~1/102021~1.10/bin/../lib/gcc/arm-none-eabi/10.3.1/thumb/v7-m/nofp\libgcc.a(_udivmoddi4.o)
                0x08000dbc                __udivmoddi4
 .text          0x08001090        0x4 c:/progra~2/gnuarm~1/102021~1.10/bin/../lib/gcc/arm-none-eabi/10.3.1/thumb/v7-m/nofp\libgcc.a(_dvmd_tls.o)
                0x08001090                __aeabi_idiv0
                0x08001090                __aeabi_ldiv0
 *(.text*)
 .text.MX_GPIO_Init
                0x08001094       0x30 CMakeFiles/uarttest.elf.dir/Core/Src/main.c.obj
 .text.sendAngleData
                0x080010c4      0x12c CMakeFiles/uarttest.elf.dir/Core/Src/main.c.obj
                0x080010c4                sendAngleData
 .text.Error_Handler
                0x080011f0        0x4 CMakeFiles/uarttest.elf.dir/Core/Src/main.c.obj
                0x080011f0                Error_Handler
 .text.MX_USART1_UART_Init
                0x080011f4       0x34 CMakeFiles/uarttest.elf.dir/Core/Src/main.c.obj
 .text.MX_USART2_UART_Init
                0x08001228       0x34 CMakeFiles/uarttest.elf.dir/Core/Src/main.c.obj
 .text.MX_USART3_UART_Init
                0x0800125c       0x34 CMakeFiles/uarttest.elf.dir/Core/Src/main.c.obj
 .text.SystemClock_Config
                0x08001290       0x52 CMakeFiles/uarttest.elf.dir/Core/Src/main.c.obj
                0x08001290                SystemClock_Config
 *fill*         0x080012e2        0x2 
 .text.main     0x080012e4      0x25c CMakeFiles/uarttest.elf.dir/Core/Src/main.c.obj
                0x080012e4                main
 .text.HAL_MspInit
                0x08001540       0x44 CMakeFiles/uarttest.elf.dir/Core/Src/stm32f1xx_hal_msp.c.obj
                0x08001540                HAL_MspInit
 .text.HAL_UART_MspInit
                0x08001584      0x168 CMakeFiles/uarttest.elf.dir/Core/Src/stm32f1xx_hal_msp.c.obj
                0x08001584                HAL_UART_MspInit
 .text.NMI_Handler
                0x080016ec        0x2 CMakeFiles/uarttest.elf.dir/Core/Src/stm32f1xx_it.c.obj
                0x080016ec                NMI_Handler
 .text.HardFault_Handler
                0x080016ee        0x2 CMakeFiles/uarttest.elf.dir/Core/Src/stm32f1xx_it.c.obj
                0x080016ee                HardFault_Handler
 .text.MemManage_Handler
                0x080016f0        0x2 CMakeFiles/uarttest.elf.dir/Core/Src/stm32f1xx_it.c.obj
                0x080016f0                MemManage_Handler
 .text.BusFault_Handler
                0x080016f2        0x2 CMakeFiles/uarttest.elf.dir/Core/Src/stm32f1xx_it.c.obj
                0x080016f2                BusFault_Handler
 .text.UsageFault_Handler
                0x080016f4        0x2 CMakeFiles/uarttest.elf.dir/Core/Src/stm32f1xx_it.c.obj
                0x080016f4                UsageFault_Handler
 .text.SVC_Handler
                0x080016f6        0x2 CMakeFiles/uarttest.elf.dir/Core/Src/stm32f1xx_it.c.obj
                0x080016f6                SVC_Handler
 .text.DebugMon_Handler
                0x080016f8        0x2 CMakeFiles/uarttest.elf.dir/Core/Src/stm32f1xx_it.c.obj
                0x080016f8                DebugMon_Handler
 .text.PendSV_Handler
                0x080016fa        0x2 CMakeFiles/uarttest.elf.dir/Core/Src/stm32f1xx_it.c.obj
                0x080016fa                PendSV_Handler
 .text.SysTick_Handler
                0x080016fc        0x8 CMakeFiles/uarttest.elf.dir/Core/Src/stm32f1xx_it.c.obj
                0x080016fc                SysTick_Handler
 .text.USART1_IRQHandler
                0x08001704       0x10 CMakeFiles/uarttest.elf.dir/Core/Src/stm32f1xx_it.c.obj
                0x08001704                USART1_IRQHandler
 .text.BLUETOOH_DATA_PROCESSER
                0x08001714      0x118 CMakeFiles/uarttest.elf.dir/Core/Src/stm32f1xx_it.c.obj
                0x08001714                BLUETOOH_DATA_PROCESSER
 .text.USART2_IRQHandler
                0x0800182c       0x60 CMakeFiles/uarttest.elf.dir/Core/Src/stm32f1xx_it.c.obj
                0x0800182c                USART2_IRQHandler
 .text.SERVO_DATA_PROCESSER
                0x0800188c       0x70 CMakeFiles/uarttest.elf.dir/Core/Src/stm32f1xx_it.c.obj
                0x0800188c                SERVO_DATA_PROCESSER
 .text.USART3_IRQHandler
                0x080018fc       0x54 CMakeFiles/uarttest.elf.dir/Core/Src/stm32f1xx_it.c.obj
                0x080018fc                USART3_IRQHandler
 .text.HAL_UART_RxCpltCallback
                0x08001950        0x2 CMakeFiles/uarttest.elf.dir/Core/Src/stm32f1xx_it.c.obj
                0x08001950                HAL_UART_RxCpltCallback
 .text._getpid  0x08001952        0x4 CMakeFiles/uarttest.elf.dir/Core/Src/syscalls.c.obj
                0x08001952                _getpid
 .text._kill    0x08001956       0x10 CMakeFiles/uarttest.elf.dir/Core/Src/syscalls.c.obj
                0x08001956                _kill
 .text._exit    0x08001966        0xc CMakeFiles/uarttest.elf.dir/Core/Src/syscalls.c.obj
                0x08001966                _exit
 .text._read    0x08001972       0x20 CMakeFiles/uarttest.elf.dir/Core/Src/syscalls.c.obj
                0x08001972                _read
 .text._write   0x08001992       0x1c CMakeFiles/uarttest.elf.dir/Core/Src/syscalls.c.obj
                0x08001992                _write
 .text._close   0x080019ae        0x6 CMakeFiles/uarttest.elf.dir/Core/Src/syscalls.c.obj
                0x080019ae                _close
 .text._fstat   0x080019b4        0xa CMakeFiles/uarttest.elf.dir/Core/Src/syscalls.c.obj
                0x080019b4                _fstat
 .text._isatty  0x080019be        0x4 CMakeFiles/uarttest.elf.dir/Core/Src/syscalls.c.obj
                0x080019be                _isatty
 .text._lseek   0x080019c2        0x4 CMakeFiles/uarttest.elf.dir/Core/Src/syscalls.c.obj
                0x080019c2                _lseek
 *fill*         0x080019c6        0x2 
 .text._sbrk    0x080019c8       0x48 CMakeFiles/uarttest.elf.dir/Core/Src/sysmem.c.obj
                0x080019c8                _sbrk
 .text.SystemInit
                0x08001a10        0x2 CMakeFiles/uarttest.elf.dir/Core/Src/system_stm32f1xx.c.obj
                0x08001a10                SystemInit
 *fill*         0x08001a12        0x2 
 .text.Reset_Handler
                0x08001a14       0x48 CMakeFiles/uarttest.elf.dir/Core/Startup/startup_stm32f103zetx.s.obj
                0x08001a14                Reset_Handler
 .text.Default_Handler
                0x08001a5c        0x2 CMakeFiles/uarttest.elf.dir/Core/Startup/startup_stm32f103zetx.s.obj
                0x08001a5c                RTC_Alarm_IRQHandler
                0x08001a5c                EXTI2_IRQHandler
                0x08001a5c                TIM8_TRG_COM_IRQHandler
                0x08001a5c                TIM8_CC_IRQHandler
                0x08001a5c                TIM1_CC_IRQHandler
                0x08001a5c                TIM6_IRQHandler
                0x08001a5c                PVD_IRQHandler
                0x08001a5c                SDIO_IRQHandler
                0x08001a5c                EXTI3_IRQHandler
                0x08001a5c                EXTI0_IRQHandler
                0x08001a5c                I2C2_EV_IRQHandler
                0x08001a5c                ADC1_2_IRQHandler
                0x08001a5c                SPI1_IRQHandler
                0x08001a5c                TAMPER_IRQHandler
                0x08001a5c                TIM8_UP_IRQHandler
                0x08001a5c                DMA2_Channel2_IRQHandler
                0x08001a5c                DMA1_Channel4_IRQHandler
                0x08001a5c                RTC_IRQHandler
                0x08001a5c                DMA1_Channel7_IRQHandler
                0x08001a5c                CAN1_RX1_IRQHandler
                0x08001a5c                UART5_IRQHandler
                0x08001a5c                ADC3_IRQHandler
                0x08001a5c                TIM4_IRQHandler
                0x08001a5c                DMA2_Channel1_IRQHandler
                0x08001a5c                I2C1_EV_IRQHandler
                0x08001a5c                DMA1_Channel6_IRQHandler
                0x08001a5c                UART4_IRQHandler
                0x08001a5c                TIM3_IRQHandler
                0x08001a5c                RCC_IRQHandler
                0x08001a5c                TIM1_TRG_COM_IRQHandler
                0x08001a5c                DMA1_Channel1_IRQHandler
                0x08001a5c                Default_Handler
                0x08001a5c                EXTI15_10_IRQHandler
                0x08001a5c                TIM7_IRQHandler
                0x08001a5c                TIM5_IRQHandler
                0x08001a5c                EXTI9_5_IRQHandler
                0x08001a5c                SPI2_IRQHandler
                0x08001a5c                DMA1_Channel5_IRQHandler
                0x08001a5c                EXTI4_IRQHandler
                0x08001a5c                USB_LP_CAN1_RX0_IRQHandler
                0x08001a5c                USB_HP_CAN1_TX_IRQHandler
                0x08001a5c                DMA1_Channel3_IRQHandler
                0x08001a5c                FSMC_IRQHandler
                0x08001a5c                TIM1_UP_IRQHandler
                0x08001a5c                WWDG_IRQHandler
                0x08001a5c                TIM2_IRQHandler
                0x08001a5c                TIM1_BRK_IRQHandler
                0x08001a5c                EXTI1_IRQHandler
                0x08001a5c                DMA2_Channel4_5_IRQHandler
                0x08001a5c                I2C2_ER_IRQHandler
                0x08001a5c                DMA1_Channel2_IRQHandler
                0x08001a5c                TIM8_BRK_IRQHandler
                0x08001a5c                CAN1_SCE_IRQHandler
                0x08001a5c                FLASH_IRQHandler
                0x08001a5c                SPI3_IRQHandler
                0x08001a5c                I2C1_ER_IRQHandler
                0x08001a5c                USBWakeUp_IRQHandler
                0x08001a5c                DMA2_Channel3_IRQHandler
 *fill*         0x08001a5e        0x2 
 .text.HAL_InitTick
                0x08001a60       0x4c CMakeFiles/uarttest.elf.dir/Drivers/STM32F1xx_HAL_Driver/Src/stm32f1xx_hal.c.obj
                0x08001a60                HAL_InitTick
 .text.HAL_Init
                0x08001aac       0x24 CMakeFiles/uarttest.elf.dir/Drivers/STM32F1xx_HAL_Driver/Src/stm32f1xx_hal.c.obj
                0x08001aac                HAL_Init
 .text.HAL_IncTick
                0x08001ad0       0x18 CMakeFiles/uarttest.elf.dir/Drivers/STM32F1xx_HAL_Driver/Src/stm32f1xx_hal.c.obj
                0x08001ad0                HAL_IncTick
 .text.HAL_GetTick
                0x08001ae8        0xc CMakeFiles/uarttest.elf.dir/Drivers/STM32F1xx_HAL_Driver/Src/stm32f1xx_hal.c.obj
                0x08001ae8                HAL_GetTick
 .text.HAL_Delay
                0x08001af4       0x28 CMakeFiles/uarttest.elf.dir/Drivers/STM32F1xx_HAL_Driver/Src/stm32f1xx_hal.c.obj
                0x08001af4                HAL_Delay
 .text.HAL_NVIC_SetPriorityGrouping
                0x08001b1c       0x24 CMakeFiles/uarttest.elf.dir/Drivers/STM32F1xx_HAL_Driver/Src/stm32f1xx_hal_cortex.c.obj
                0x08001b1c                HAL_NVIC_SetPriorityGrouping
 .text.HAL_NVIC_SetPriority
                0x08001b40       0x70 CMakeFiles/uarttest.elf.dir/Drivers/STM32F1xx_HAL_Driver/Src/stm32f1xx_hal_cortex.c.obj
                0x08001b40                HAL_NVIC_SetPriority
 .text.HAL_NVIC_EnableIRQ
                0x08001bb0       0x1c CMakeFiles/uarttest.elf.dir/Drivers/STM32F1xx_HAL_Driver/Src/stm32f1xx_hal_cortex.c.obj
                0x08001bb0                HAL_NVIC_EnableIRQ
 .text.HAL_SYSTICK_Config
                0x08001bcc       0x28 CMakeFiles/uarttest.elf.dir/Drivers/STM32F1xx_HAL_Driver/Src/stm32f1xx_hal_cortex.c.obj
                0x08001bcc                HAL_SYSTICK_Config
 .text.HAL_DMA_Abort
                0x08001bf4       0x44 CMakeFiles/uarttest.elf.dir/Drivers/STM32F1xx_HAL_Driver/Src/stm32f1xx_hal_dma.c.obj
                0x08001bf4                HAL_DMA_Abort
 .text.HAL_DMA_Abort_IT
                0x08001c38      0x168 CMakeFiles/uarttest.elf.dir/Drivers/STM32F1xx_HAL_Driver/Src/stm32f1xx_hal_dma.c.obj
                0x08001c38                HAL_DMA_Abort_IT
 .text.HAL_GPIO_Init
                0x08001da0      0x240 CMakeFiles/uarttest.elf.dir/Drivers/STM32F1xx_HAL_Driver/Src/stm32f1xx_hal_gpio.c.obj
                0x08001da0                HAL_GPIO_Init
 .text.RCC_Delay
                0x08001fe0       0x2c CMakeFiles/uarttest.elf.dir/Drivers/STM32F1xx_HAL_Driver/Src/stm32f1xx_hal_rcc.c.obj
 .text.HAL_RCC_OscConfig
                0x0800200c      0x410 CMakeFiles/uarttest.elf.dir/Drivers/STM32F1xx_HAL_Driver/Src/stm32f1xx_hal_rcc.c.obj
                0x0800200c                HAL_RCC_OscConfig
 .text.HAL_RCC_GetSysClockFreq
                0x0800241c       0x70 CMakeFiles/uarttest.elf.dir/Drivers/STM32F1xx_HAL_Driver/Src/stm32f1xx_hal_rcc.c.obj
                0x0800241c                HAL_RCC_GetSysClockFreq
 .text.HAL_RCC_ClockConfig
                0x0800248c      0x16c CMakeFiles/uarttest.elf.dir/Drivers/STM32F1xx_HAL_Driver/Src/stm32f1xx_hal_rcc.c.obj
                0x0800248c                HAL_RCC_ClockConfig
 .text.HAL_RCC_GetHCLKFreq
                0x080025f8        0xc CMakeFiles/uarttest.elf.dir/Drivers/STM32F1xx_HAL_Driver/Src/stm32f1xx_hal_rcc.c.obj
                0x080025f8                HAL_RCC_GetHCLKFreq
 .text.HAL_RCC_GetPCLK1Freq
                0x08002604       0x20 CMakeFiles/uarttest.elf.dir/Drivers/STM32F1xx_HAL_Driver/Src/stm32f1xx_hal_rcc.c.obj
                0x08002604                HAL_RCC_GetPCLK1Freq
 .text.HAL_RCC_GetPCLK2Freq
                0x08002624       0x20 CMakeFiles/uarttest.elf.dir/Drivers/STM32F1xx_HAL_Driver/Src/stm32f1xx_hal_rcc.c.obj
                0x08002624                HAL_RCC_GetPCLK2Freq
 .text.UART_EndRxTransfer
                0x08002644       0x32 CMakeFiles/uarttest.elf.dir/Drivers/STM32F1xx_HAL_Driver/Src/stm32f1xx_hal_uart.c.obj
 .text.UART_Transmit_IT
                0x08002676       0x60 CMakeFiles/uarttest.elf.dir/Drivers/STM32F1xx_HAL_Driver/Src/stm32f1xx_hal_uart.c.obj
 *fill*         0x080026d6        0x2 
 .text.UART_SetConfig
                0x080026d8       0x94 CMakeFiles/uarttest.elf.dir/Drivers/STM32F1xx_HAL_Driver/Src/stm32f1xx_hal_uart.c.obj
 .text.UART_WaitOnFlagUntilTimeout
                0x0800276c       0x6c CMakeFiles/uarttest.elf.dir/Drivers/STM32F1xx_HAL_Driver/Src/stm32f1xx_hal_uart.c.obj
 .text.HAL_UART_Init
                0x080027d8       0x5e CMakeFiles/uarttest.elf.dir/Drivers/STM32F1xx_HAL_Driver/Src/stm32f1xx_hal_uart.c.obj
                0x080027d8                HAL_UART_Init
 .text.HAL_UART_Transmit
                0x08002836       0xd8 CMakeFiles/uarttest.elf.dir/Drivers/STM32F1xx_HAL_Driver/Src/stm32f1xx_hal_uart.c.obj
                0x08002836                HAL_UART_Transmit
 .text.HAL_UART_Transmit_IT
                0x0800290e       0x4e CMakeFiles/uarttest.elf.dir/Drivers/STM32F1xx_HAL_Driver/Src/stm32f1xx_hal_uart.c.obj
                0x0800290e                HAL_UART_Transmit_IT
 .text.HAL_UART_TxCpltCallback
                0x0800295c        0x2 CMakeFiles/uarttest.elf.dir/Drivers/STM32F1xx_HAL_Driver/Src/stm32f1xx_hal_uart.c.obj
                0x0800295c                HAL_UART_TxCpltCallback
 .text.UART_EndTransmit_IT
                0x0800295e       0x1a CMakeFiles/uarttest.elf.dir/Drivers/STM32F1xx_HAL_Driver/Src/stm32f1xx_hal_uart.c.obj
 .text.HAL_UART_ErrorCallback
                0x08002978        0x2 CMakeFiles/uarttest.elf.dir/Drivers/STM32F1xx_HAL_Driver/Src/stm32f1xx_hal_uart.c.obj
                0x08002978                HAL_UART_ErrorCallback
 .text.UART_DMAAbortOnError
                0x0800297a       0x10 CMakeFiles/uarttest.elf.dir/Drivers/STM32F1xx_HAL_Driver/Src/stm32f1xx_hal_uart.c.obj
 .text.HAL_UART_AbortReceiveCpltCallback
                0x0800298a        0x2 CMakeFiles/uarttest.elf.dir/Drivers/STM32F1xx_HAL_Driver/Src/stm32f1xx_hal_uart.c.obj
                0x0800298a                HAL_UART_AbortReceiveCpltCallback
 .text.HAL_UART_AbortReceive_IT
                0x0800298c       0x84 CMakeFiles/uarttest.elf.dir/Drivers/STM32F1xx_HAL_Driver/Src/stm32f1xx_hal_uart.c.obj
                0x0800298c                HAL_UART_AbortReceive_IT
 .text.UART_DMARxOnlyAbortCallback
                0x08002a10       0x16 CMakeFiles/uarttest.elf.dir/Drivers/STM32F1xx_HAL_Driver/Src/stm32f1xx_hal_uart.c.obj
 .text.HAL_UARTEx_RxEventCallback
                0x08002a26        0x2 CMakeFiles/uarttest.elf.dir/Drivers/STM32F1xx_HAL_Driver/Src/stm32f1xx_hal_uart.c.obj
                0x08002a26                HAL_UARTEx_RxEventCallback
 .text.UART_Receive_IT
                0x08002a28       0xd4 CMakeFiles/uarttest.elf.dir/Drivers/STM32F1xx_HAL_Driver/Src/stm32f1xx_hal_uart.c.obj
 .text.HAL_UART_IRQHandler
                0x08002afc      0x204 CMakeFiles/uarttest.elf.dir/Drivers/STM32F1xx_HAL_Driver/Src/stm32f1xx_hal_uart.c.obj
                0x08002afc                HAL_UART_IRQHandler
 .text.UART_Start_Receive_IT
                0x08002d00       0x36 CMakeFiles/uarttest.elf.dir/Drivers/STM32F1xx_HAL_Driver/Src/stm32f1xx_hal_uart.c.obj
                0x08002d00                UART_Start_Receive_IT
 .text.HAL_UART_Receive_IT
                0x08002d36       0x38 CMakeFiles/uarttest.elf.dir/Drivers/STM32F1xx_HAL_Driver/Src/stm32f1xx_hal_uart.c.obj
                0x08002d36                HAL_UART_Receive_IT
 .text.getLegID
                0x08002d6e       0x2c CMakeFiles/uarttest.elf.dir/HexaPod/Src/HexaPod.c.obj
                0x08002d6e                getLegID
 *fill*         0x08002d9a        0x2 
 .text.getAllLegsAngle
                0x08002d9c       0x78 CMakeFiles/uarttest.elf.dir/HexaPod/Src/HexaPod.c.obj
                0x08002d9c                getAllLegsAngle
 .text.unlockLeg
                0x08002e14       0x24 CMakeFiles/uarttest.elf.dir/HexaPod/Src/HexaPod.c.obj
                0x08002e14                unlockLeg
 .text.lockAllLegs
                0x08002e38       0xe8 CMakeFiles/uarttest.elf.dir/HexaPod/Src/HexaPod.c.obj
                0x08002e38                lockAllLegs
 .text.HexaPod_Init
                0x08002f20       0x28 CMakeFiles/uarttest.elf.dir/HexaPod/Src/HexaPod.c.obj
                0x08002f20                HexaPod_Init
 .text.unlockAllLegs
                0x08002f48       0x54 CMakeFiles/uarttest.elf.dir/HexaPod/Src/HexaPod.c.obj
                0x08002f48                unlockAllLegs
 .text.setLegAngle
                0x08002f9c       0x80 CMakeFiles/uarttest.elf.dir/HexaPod/Src/HexaPod.c.obj
                0x08002f9c                setLegAngle
 .text.setAllLegs
                0x0800301c       0xec CMakeFiles/uarttest.elf.dir/HexaPod/Src/HexaPod.c.obj
                0x0800301c                setAllLegs
 .text.setAllMidLeg
                0x08003108       0x92 CMakeFiles/uarttest.elf.dir/HexaPod/Src/HexaPod.c.obj
                0x08003108                setAllMidLeg
 .text.setAllEndLeg
                0x0800319a       0x90 CMakeFiles/uarttest.elf.dir/HexaPod/Src/HexaPod.c.obj
                0x0800319a                setAllEndLeg
 *fill*         0x0800322a        0x2 
 .text.Uart_Init
                0x0800322c        0xc CMakeFiles/uarttest.elf.dir/Servo/Src/Servo.c.obj
                0x0800322c                Uart_Init
 .text.moveServos
                0x08003238       0x98 CMakeFiles/uarttest.elf.dir/Servo/Src/Servo.c.obj
                0x08003238                moveServos
 .text.unloadServos
                0x080032d0       0x70 CMakeFiles/uarttest.elf.dir/Servo/Src/Servo.c.obj
                0x080032d0                unloadServos
 .text.getServoAngle
                0x08003340       0x64 CMakeFiles/uarttest.elf.dir/Servo/Src/Servo.c.obj
                0x08003340                getServoAngle
 *fill*         0x080033a4        0x4 
 .text.convertAngle
                0x080033a8      0x298 CMakeFiles/uarttest.elf.dir/Servo/Src/Servo.c.obj
                0x080033a8                convertAngle
 .text.deConvertAngle
                0x08003640      0x298 CMakeFiles/uarttest.elf.dir/Servo/Src/Servo.c.obj
                0x08003640                deConvertAngle
 .text.__errno  0x080038d8        0xc c:/progra~2/gnuarm~1/102021~1.10/bin/../lib/gcc/arm-none-eabi/10.3.1/../../../../arm-none-eabi/lib/thumb/v7-m/nofp\libg.a(lib_a-errno.o)
                0x080038d8                __errno
 .text.__libc_init_array
                0x080038e4       0x48 c:/progra~2/gnuarm~1/102021~1.10/bin/../lib/gcc/arm-none-eabi/10.3.1/../../../../arm-none-eabi/lib/thumb/v7-m/nofp\libg.a(lib_a-init.o)
                0x080038e4                __libc_init_array
 .text.memset   0x0800392c       0xa4 c:/progra~2/gnuarm~1/102021~1.10/bin/../lib/gcc/arm-none-eabi/10.3.1/../../../../arm-none-eabi/lib/thumb/v7-m/nofp\libg.a(lib_a-memset.o)
                0x0800392c                memset
 .text.sprintf  0x080039d0       0x44 c:/progra~2/gnuarm~1/102021~1.10/bin/../lib/gcc/arm-none-eabi/10.3.1/../../../../arm-none-eabi/lib/thumb/v7-m/nofp\libg.a(lib_a-sprintf.o)
                0x080039d0                sprintf
 .text.sscanf   0x08003a14       0x58 c:/progra~2/gnuarm~1/102021~1.10/bin/../lib/gcc/arm-none-eabi/10.3.1/../../../../arm-none-eabi/lib/thumb/v7-m/nofp\libg.a(lib_a-sscanf.o)
                0x08003a14                sscanf
 .text.__sread  0x08003a6c       0x24 c:/progra~2/gnuarm~1/102021~1.10/bin/../lib/gcc/arm-none-eabi/10.3.1/../../../../arm-none-eabi/lib/thumb/v7-m/nofp\libg.a(lib_a-stdio.o)
                0x08003a6c                __sread
 .text.__seofread
                0x08003a90        0x4 c:/progra~2/gnuarm~1/102021~1.10/bin/../lib/gcc/arm-none-eabi/10.3.1/../../../../arm-none-eabi/lib/thumb/v7-m/nofp\libg.a(lib_a-stdio.o)
                0x08003a90                __seofread
 .text.__swrite
                0x08003a94       0x40 c:/progra~2/gnuarm~1/102021~1.10/bin/../lib/gcc/arm-none-eabi/10.3.1/../../../../arm-none-eabi/lib/thumb/v7-m/nofp\libg.a(lib_a-stdio.o)
                0x08003a94                __swrite
 .text.__sseek  0x08003ad4       0x20 c:/progra~2/gnuarm~1/102021~1.10/bin/../lib/gcc/arm-none-eabi/10.3.1/../../../../arm-none-eabi/lib/thumb/v7-m/nofp\libg.a(lib_a-stdio.o)
                0x08003ad4                __sseek
 .text.__sclose
                0x08003af4        0x8 c:/progra~2/gnuarm~1/102021~1.10/bin/../lib/gcc/arm-none-eabi/10.3.1/../../../../arm-none-eabi/lib/thumb/v7-m/nofp\libg.a(lib_a-stdio.o)
                0x08003af4                __sclose
 .text.strlen   0x08003afc       0x5c c:/progra~2/gnuarm~1/102021~1.10/bin/../lib/gcc/arm-none-eabi/10.3.1/../../../../arm-none-eabi/lib/thumb/v7-m/nofp\libg.a(lib_a-strlen-stub.o)
                0x08003afc                strlen
 .text._svfprintf_r
                0x08003b58     0x1aa4 c:/progra~2/gnuarm~1/102021~1.10/bin/../lib/gcc/arm-none-eabi/10.3.1/../../../../arm-none-eabi/lib/thumb/v7-m/nofp\libg.a(lib_a-svfprintf.o)
                0x08003b58                _svfprintf_r
 .text.__ssvfscanf_r
                0x080055fc     0x1700 c:/progra~2/gnuarm~1/102021~1.10/bin/../lib/gcc/arm-none-eabi/10.3.1/../../../../arm-none-eabi/lib/thumb/v7-m/nofp\libg.a(lib_a-svfscanf.o)
                0x080055fc                __ssvfscanf_r
 .text._write_r
                0x08006cfc       0x2c c:/progra~2/gnuarm~1/102021~1.10/bin/../lib/gcc/arm-none-eabi/10.3.1/../../../../arm-none-eabi/lib/thumb/v7-m/nofp\libg.a(lib_a-writer.o)
                0x08006cfc                _write_r
 .text.startup.register_fini
                0x08006d28       0x14 c:/progra~2/gnuarm~1/102021~1.10/bin/../lib/gcc/arm-none-eabi/10.3.1/../../../../arm-none-eabi/lib/thumb/v7-m/nofp\libg.a(lib_a-__call_atexit.o)
 .text.atexit   0x08006d3c        0xc c:/progra~2/gnuarm~1/102021~1.10/bin/../lib/gcc/arm-none-eabi/10.3.1/../../../../arm-none-eabi/lib/thumb/v7-m/nofp\libg.a(lib_a-atexit.o)
                0x08006d3c                atexit
 .text._close_r
                0x08006d48       0x24 c:/progra~2/gnuarm~1/102021~1.10/bin/../lib/gcc/arm-none-eabi/10.3.1/../../../../arm-none-eabi/lib/thumb/v7-m/nofp\libg.a(lib_a-closer.o)
                0x08006d48                _close_r
 .text.quorem   0x08006d6c      0x12c c:/progra~2/gnuarm~1/102021~1.10/bin/../lib/gcc/arm-none-eabi/10.3.1/../../../../arm-none-eabi/lib/thumb/v7-m/nofp\libg.a(lib_a-dtoa.o)
 .text._dtoa_r  0x08006e98      0xecc c:/progra~2/gnuarm~1/102021~1.10/bin/../lib/gcc/arm-none-eabi/10.3.1/../../../../arm-none-eabi/lib/thumb/v7-m/nofp\libg.a(lib_a-dtoa.o)
                0x08006e98                _dtoa_r
 .text.__libc_fini_array
                0x08007d64       0x2c c:/progra~2/gnuarm~1/102021~1.10/bin/../lib/gcc/arm-none-eabi/10.3.1/../../../../arm-none-eabi/lib/thumb/v7-m/nofp\libg.a(lib_a-fini.o)
                0x08007d64                __libc_fini_array
 .text._malloc_trim_r
                0x08007d90       0xa0 c:/progra~2/gnuarm~1/102021~1.10/bin/../lib/gcc/arm-none-eabi/10.3.1/../../../../arm-none-eabi/lib/thumb/v7-m/nofp\libg.a(lib_a-freer.o)
                0x08007d90                _malloc_trim_r
 .text._free_r  0x08007e30      0x200 c:/progra~2/gnuarm~1/102021~1.10/bin/../lib/gcc/arm-none-eabi/10.3.1/../../../../arm-none-eabi/lib/thumb/v7-m/nofp\libg.a(lib_a-freer.o)
                0x08007e30                _free_r
 .text.iswspace
                0x08008030        0x8 c:/progra~2/gnuarm~1/102021~1.10/bin/../lib/gcc/arm-none-eabi/10.3.1/../../../../arm-none-eabi/lib/thumb/v7-m/nofp\libg.a(lib_a-iswspace.o)
                0x08008030                iswspace
 .text.iswspace_l
                0x08008038       0x14 c:/progra~2/gnuarm~1/102021~1.10/bin/../lib/gcc/arm-none-eabi/10.3.1/../../../../arm-none-eabi/lib/thumb/v7-m/nofp\libg.a(lib_a-iswspace_l.o)
                0x08008038                iswspace_l
 .text.__locale_mb_cur_max
                0x0800804c        0xc c:/progra~2/gnuarm~1/102021~1.10/bin/../lib/gcc/arm-none-eabi/10.3.1/../../../../arm-none-eabi/lib/thumb/v7-m/nofp\libg.a(lib_a-locale.o)
                0x0800804c                __locale_mb_cur_max
 .text._localeconv_r
                0x08008058        0x8 c:/progra~2/gnuarm~1/102021~1.10/bin/../lib/gcc/arm-none-eabi/10.3.1/../../../../arm-none-eabi/lib/thumb/v7-m/nofp\libg.a(lib_a-localeconv.o)
                0x08008058                _localeconv_r
 .text.__retarget_lock_init_recursive
                0x08008060        0x4 c:/progra~2/gnuarm~1/102021~1.10/bin/../lib/gcc/arm-none-eabi/10.3.1/../../../../arm-none-eabi/lib/thumb/v7-m/nofp\libg.a(lib_a-lock.o)
                0x08008060                __retarget_lock_init_recursive
 .text.__retarget_lock_close_recursive
                0x08008064        0x4 c:/progra~2/gnuarm~1/102021~1.10/bin/../lib/gcc/arm-none-eabi/10.3.1/../../../../arm-none-eabi/lib/thumb/v7-m/nofp\libg.a(lib_a-lock.o)
                0x08008064                __retarget_lock_close_recursive
 .text.__retarget_lock_acquire_recursive
                0x08008068        0x4 c:/progra~2/gnuarm~1/102021~1.10/bin/../lib/gcc/arm-none-eabi/10.3.1/../../../../arm-none-eabi/lib/thumb/v7-m/nofp\libg.a(lib_a-lock.o)
                0x08008068                __retarget_lock_acquire_recursive
 .text.__retarget_lock_release_recursive
                0x0800806c        0x4 c:/progra~2/gnuarm~1/102021~1.10/bin/../lib/gcc/arm-none-eabi/10.3.1/../../../../arm-none-eabi/lib/thumb/v7-m/nofp\libg.a(lib_a-lock.o)
                0x0800806c                __retarget_lock_release_recursive
 .text._lseek_r
                0x08008070       0x2c c:/progra~2/gnuarm~1/102021~1.10/bin/../lib/gcc/arm-none-eabi/10.3.1/../../../../arm-none-eabi/lib/thumb/v7-m/nofp\libg.a(lib_a-lseekr.o)
                0x08008070                _lseek_r
 .text.malloc   0x0800809c       0x10 c:/progra~2/gnuarm~1/102021~1.10/bin/../lib/gcc/arm-none-eabi/10.3.1/../../../../arm-none-eabi/lib/thumb/v7-m/nofp\libg.a(lib_a-malloc.o)
                0x0800809c                malloc
 .text.free     0x080080ac       0x10 c:/progra~2/gnuarm~1/102021~1.10/bin/../lib/gcc/arm-none-eabi/10.3.1/../../../../arm-none-eabi/lib/thumb/v7-m/nofp\libg.a(lib_a-malloc.o)
                0x080080ac                free
 .text._malloc_r
                0x080080bc      0x558 c:/progra~2/gnuarm~1/102021~1.10/bin/../lib/gcc/arm-none-eabi/10.3.1/../../../../arm-none-eabi/lib/thumb/v7-m/nofp\libg.a(lib_a-mallocr.o)
                0x080080bc                _malloc_r
 .text._mbrtowc_r
                0x08008614       0x44 c:/progra~2/gnuarm~1/102021~1.10/bin/../lib/gcc/arm-none-eabi/10.3.1/../../../../arm-none-eabi/lib/thumb/v7-m/nofp\libg.a(lib_a-mbrtowc.o)
                0x08008614                _mbrtowc_r
 .text.__ascii_mbtowc
                0x08008658       0x2c c:/progra~2/gnuarm~1/102021~1.10/bin/../lib/gcc/arm-none-eabi/10.3.1/../../../../arm-none-eabi/lib/thumb/v7-m/nofp\libg.a(lib_a-mbtowc_r.o)
                0x08008658                __ascii_mbtowc
 .text.memchr   0x08008684       0x90 c:/progra~2/gnuarm~1/102021~1.10/bin/../lib/gcc/arm-none-eabi/10.3.1/../../../../arm-none-eabi/lib/thumb/v7-m/nofp\libg.a(lib_a-memchr-stub.o)
                0x08008684                memchr
 .text.__malloc_lock
                0x08008714        0xc c:/progra~2/gnuarm~1/102021~1.10/bin/../lib/gcc/arm-none-eabi/10.3.1/../../../../arm-none-eabi/lib/thumb/v7-m/nofp\libg.a(lib_a-mlock.o)
                0x08008714                __malloc_lock
 .text.__malloc_unlock
                0x08008720        0xc c:/progra~2/gnuarm~1/102021~1.10/bin/../lib/gcc/arm-none-eabi/10.3.1/../../../../arm-none-eabi/lib/thumb/v7-m/nofp\libg.a(lib_a-mlock.o)
                0x08008720                __malloc_unlock
 .text._Balloc  0x0800872c       0x4c c:/progra~2/gnuarm~1/102021~1.10/bin/../lib/gcc/arm-none-eabi/10.3.1/../../../../arm-none-eabi/lib/thumb/v7-m/nofp\libg.a(lib_a-mprec.o)
                0x0800872c                _Balloc
 .text._Bfree   0x08008778       0x14 c:/progra~2/gnuarm~1/102021~1.10/bin/../lib/gcc/arm-none-eabi/10.3.1/../../../../arm-none-eabi/lib/thumb/v7-m/nofp\libg.a(lib_a-mprec.o)
                0x08008778                _Bfree
 .text.__multadd
                0x0800878c       0xa4 c:/progra~2/gnuarm~1/102021~1.10/bin/../lib/gcc/arm-none-eabi/10.3.1/../../../../arm-none-eabi/lib/thumb/v7-m/nofp\libg.a(lib_a-mprec.o)
                0x0800878c                __multadd
 .text.__s2b    0x08008830       0xb4 c:/progra~2/gnuarm~1/102021~1.10/bin/../lib/gcc/arm-none-eabi/10.3.1/../../../../arm-none-eabi/lib/thumb/v7-m/nofp\libg.a(lib_a-mprec.o)
                0x08008830                __s2b
 .text.__hi0bits
                0x080088e4       0x40 c:/progra~2/gnuarm~1/102021~1.10/bin/../lib/gcc/arm-none-eabi/10.3.1/../../../../arm-none-eabi/lib/thumb/v7-m/nofp\libg.a(lib_a-mprec.o)
                0x080088e4                __hi0bits
 .text.__lo0bits
                0x08008924       0x58 c:/progra~2/gnuarm~1/102021~1.10/bin/../lib/gcc/arm-none-eabi/10.3.1/../../../../arm-none-eabi/lib/thumb/v7-m/nofp\libg.a(lib_a-mprec.o)
                0x08008924                __lo0bits
 .text.__i2b    0x0800897c       0x5c c:/progra~2/gnuarm~1/102021~1.10/bin/../lib/gcc/arm-none-eabi/10.3.1/../../../../arm-none-eabi/lib/thumb/v7-m/nofp\libg.a(lib_a-mprec.o)
                0x0800897c                __i2b
 .text.__multiply
                0x080089d8      0x15c c:/progra~2/gnuarm~1/102021~1.10/bin/../lib/gcc/arm-none-eabi/10.3.1/../../../../arm-none-eabi/lib/thumb/v7-m/nofp\libg.a(lib_a-mprec.o)
                0x080089d8                __multiply
 .text.__pow5mult
                0x08008b34       0xb8 c:/progra~2/gnuarm~1/102021~1.10/bin/../lib/gcc/arm-none-eabi/10.3.1/../../../../arm-none-eabi/lib/thumb/v7-m/nofp\libg.a(lib_a-mprec.o)
                0x08008b34                __pow5mult
 .text.__lshift
                0x08008bec       0xec c:/progra~2/gnuarm~1/102021~1.10/bin/../lib/gcc/arm-none-eabi/10.3.1/../../../../arm-none-eabi/lib/thumb/v7-m/nofp\libg.a(lib_a-mprec.o)
                0x08008bec                __lshift
 .text.__mcmp   0x08008cd8       0x40 c:/progra~2/gnuarm~1/102021~1.10/bin/../lib/gcc/arm-none-eabi/10.3.1/../../../../arm-none-eabi/lib/thumb/v7-m/nofp\libg.a(lib_a-mprec.o)
                0x08008cd8                __mcmp
 .text.__mdiff  0x08008d18      0x14c c:/progra~2/gnuarm~1/102021~1.10/bin/../lib/gcc/arm-none-eabi/10.3.1/../../../../arm-none-eabi/lib/thumb/v7-m/nofp\libg.a(lib_a-mprec.o)
                0x08008d18                __mdiff
 .text.__ulp    0x08008e64       0x44 c:/progra~2/gnuarm~1/102021~1.10/bin/../lib/gcc/arm-none-eabi/10.3.1/../../../../arm-none-eabi/lib/thumb/v7-m/nofp\libg.a(lib_a-mprec.o)
                0x08008e64                __ulp
 .text.__b2d    0x08008ea8       0xd0 c:/progra~2/gnuarm~1/102021~1.10/bin/../lib/gcc/arm-none-eabi/10.3.1/../../../../arm-none-eabi/lib/thumb/v7-m/nofp\libg.a(lib_a-mprec.o)
                0x08008ea8                __b2d
 .text.__d2b    0x08008f78       0xc4 c:/progra~2/gnuarm~1/102021~1.10/bin/../lib/gcc/arm-none-eabi/10.3.1/../../../../arm-none-eabi/lib/thumb/v7-m/nofp\libg.a(lib_a-mprec.o)
                0x08008f78                __d2b
 .text.__ratio  0x0800903c       0x60 c:/progra~2/gnuarm~1/102021~1.10/bin/../lib/gcc/arm-none-eabi/10.3.1/../../../../arm-none-eabi/lib/thumb/v7-m/nofp\libg.a(lib_a-mprec.o)
                0x0800903c                __ratio
 .text.__copybits
                0x0800909c       0x60 c:/progra~2/gnuarm~1/102021~1.10/bin/../lib/gcc/arm-none-eabi/10.3.1/../../../../arm-none-eabi/lib/thumb/v7-m/nofp\libg.a(lib_a-mprec.o)
                0x0800909c                __copybits
 .text.__any_on
                0x080090fc       0x60 c:/progra~2/gnuarm~1/102021~1.10/bin/../lib/gcc/arm-none-eabi/10.3.1/../../../../arm-none-eabi/lib/thumb/v7-m/nofp\libg.a(lib_a-mprec.o)
                0x080090fc                __any_on
 .text._read_r  0x0800915c       0x2c c:/progra~2/gnuarm~1/102021~1.10/bin/../lib/gcc/arm-none-eabi/10.3.1/../../../../arm-none-eabi/lib/thumb/v7-m/nofp\libg.a(lib_a-readr.o)
                0x0800915c                _read_r
 .text.realloc  0x08009188       0x14 c:/progra~2/gnuarm~1/102021~1.10/bin/../lib/gcc/arm-none-eabi/10.3.1/../../../../arm-none-eabi/lib/thumb/v7-m/nofp\libg.a(lib_a-realloc.o)
                0x08009188                realloc
 .text._realloc_r
                0x0800919c      0x3dc c:/progra~2/gnuarm~1/102021~1.10/bin/../lib/gcc/arm-none-eabi/10.3.1/../../../../arm-none-eabi/lib/thumb/v7-m/nofp\libg.a(lib_a-reallocr.o)
                0x0800919c                _realloc_r
 .text.frexp    0x08009578       0x70 c:/progra~2/gnuarm~1/102021~1.10/bin/../lib/gcc/arm-none-eabi/10.3.1/../../../../arm-none-eabi/lib/thumb/v7-m/nofp\libg.a(lib_a-s_frexp.o)
                0x08009578                frexp
 .text._sbrk_r  0x080095e8       0x24 c:/progra~2/gnuarm~1/102021~1.10/bin/../lib/gcc/arm-none-eabi/10.3.1/../../../../arm-none-eabi/lib/thumb/v7-m/nofp\libg.a(lib_a-sbrkr.o)
                0x080095e8                _sbrk_r
 .text.__sccl   0x0800960c       0x8c c:/progra~2/gnuarm~1/102021~1.10/bin/../lib/gcc/arm-none-eabi/10.3.1/../../../../arm-none-eabi/lib/thumb/v7-m/nofp\libg.a(lib_a-sccl.o)
                0x0800960c                __sccl
 .text.nanf     0x08009698        0x8 c:/progra~2/gnuarm~1/102021~1.10/bin/../lib/gcc/arm-none-eabi/10.3.1/../../../../arm-none-eabi/lib/thumb/v7-m/nofp\libg.a(lib_a-sf_nan.o)
                0x08009698                nanf
 .text.strncpy  0x080096a0       0x68 c:/progra~2/gnuarm~1/102021~1.10/bin/../lib/gcc/arm-none-eabi/10.3.1/../../../../arm-none-eabi/lib/thumb/v7-m/nofp\libg.a(lib_a-strncpy.o)
                0x080096a0                strncpy
 .text._strtod_l
                0x08009708      0xf38 c:/progra~2/gnuarm~1/102021~1.10/bin/../lib/gcc/arm-none-eabi/10.3.1/../../../../arm-none-eabi/lib/thumb/v7-m/nofp\libg.a(lib_a-strtod.o)
                0x08009708                _strtod_l
 .text._strtod_r
                0x0800a640        0xc c:/progra~2/gnuarm~1/102021~1.10/bin/../lib/gcc/arm-none-eabi/10.3.1/../../../../arm-none-eabi/lib/thumb/v7-m/nofp\libg.a(lib_a-strtod.o)
                0x0800a640                _strtod_r
 .text._strtol_l.part.0
                0x0800a64c      0x120 c:/progra~2/gnuarm~1/102021~1.10/bin/../lib/gcc/arm-none-eabi/10.3.1/../../../../arm-none-eabi/lib/thumb/v7-m/nofp\libg.a(lib_a-strtol.o)
 .text._strtol_r
                0x0800a76c       0x1c c:/progra~2/gnuarm~1/102021~1.10/bin/../lib/gcc/arm-none-eabi/10.3.1/../../../../arm-none-eabi/lib/thumb/v7-m/nofp\libg.a(lib_a-strtol.o)
                0x0800a76c                _strtol_r
 .text._strtoll_l.constprop.0
                0x0800a788      0x178 c:/progra~2/gnuarm~1/102021~1.10/bin/../lib/gcc/arm-none-eabi/10.3.1/../../../../arm-none-eabi/lib/thumb/v7-m/nofp\libg.a(lib_a-strtoll.o)
 .text._strtoll_r
                0x0800a900        0x4 c:/progra~2/gnuarm~1/102021~1.10/bin/../lib/gcc/arm-none-eabi/10.3.1/../../../../arm-none-eabi/lib/thumb/v7-m/nofp\libg.a(lib_a-strtoll.o)
                0x0800a900                _strtoll_r
 .text._strtoul_l.constprop.0
                0x0800a904      0x13c c:/progra~2/gnuarm~1/102021~1.10/bin/../lib/gcc/arm-none-eabi/10.3.1/../../../../arm-none-eabi/lib/thumb/v7-m/nofp\libg.a(lib_a-strtoul.o)
 .text._strtoul_r
                0x0800aa40        0x4 c:/progra~2/gnuarm~1/102021~1.10/bin/../lib/gcc/arm-none-eabi/10.3.1/../../../../arm-none-eabi/lib/thumb/v7-m/nofp\libg.a(lib_a-strtoul.o)
                0x0800aa40                _strtoul_r
 .text._strtoull_l.constprop.0
                0x0800aa44      0x1a4 c:/progra~2/gnuarm~1/102021~1.10/bin/../lib/gcc/arm-none-eabi/10.3.1/../../../../arm-none-eabi/lib/thumb/v7-m/nofp\libg.a(lib_a-strtoull.o)
 .text._strtoull_r
                0x0800abe8        0x4 c:/progra~2/gnuarm~1/102021~1.10/bin/../lib/gcc/arm-none-eabi/10.3.1/../../../../arm-none-eabi/lib/thumb/v7-m/nofp\libg.a(lib_a-strtoull.o)
                0x0800abe8                _strtoull_r
 .text.__ssprint_r
                0x0800abec       0xfc c:/progra~2/gnuarm~1/102021~1.10/bin/../lib/gcc/arm-none-eabi/10.3.1/../../../../arm-none-eabi/lib/thumb/v7-m/nofp\libg.a(lib_a-svfiprintf.o)
                0x0800abec                __ssprint_r
 .text._sungetc_r
                0x0800ace8       0x80 c:/progra~2/gnuarm~1/102021~1.10/bin/../lib/gcc/arm-none-eabi/10.3.1/../../../../arm-none-eabi/lib/thumb/v7-m/nofp\libg.a(lib_a-svfiscanf.o)
                0x0800ace8                _sungetc_r
 .text.__ssrefill_r
                0x0800ad68       0x3c c:/progra~2/gnuarm~1/102021~1.10/bin/../lib/gcc/arm-none-eabi/10.3.1/../../../../arm-none-eabi/lib/thumb/v7-m/nofp\libg.a(lib_a-svfiscanf.o)
                0x0800ad68                __ssrefill_r
 .text._sfread_r
                0x0800ada4       0xb4 c:/progra~2/gnuarm~1/102021~1.10/bin/../lib/gcc/arm-none-eabi/10.3.1/../../../../arm-none-eabi/lib/thumb/v7-m/nofp\libg.a(lib_a-svfiscanf.o)
                0x0800ada4                _sfread_r
 .text.__submore
                0x0800ae58       0x78 c:/progra~2/gnuarm~1/102021~1.10/bin/../lib/gcc/arm-none-eabi/10.3.1/../../../../arm-none-eabi/lib/thumb/v7-m/nofp\libg.a(lib_a-ungetc.o)
                0x0800ae58                __submore
 .text.__ascii_wctomb
                0x0800aed0       0x1c c:/progra~2/gnuarm~1/102021~1.10/bin/../lib/gcc/arm-none-eabi/10.3.1/../../../../arm-none-eabi/lib/thumb/v7-m/nofp\libg.a(lib_a-wctomb_r.o)
                0x0800aed0                __ascii_wctomb
 .text.__register_exitproc
                0x0800aeec       0x8c c:/progra~2/gnuarm~1/102021~1.10/bin/../lib/gcc/arm-none-eabi/10.3.1/../../../../arm-none-eabi/lib/thumb/v7-m/nofp\libg.a(lib_a-__atexit.o)
                0x0800aeec                __register_exitproc
 .text.__assert_func
                0x0800af78       0x40 c:/progra~2/gnuarm~1/102021~1.10/bin/../lib/gcc/arm-none-eabi/10.3.1/../../../../arm-none-eabi/lib/thumb/v7-m/nofp\libg.a(lib_a-assert.o)
                0x0800af78                __assert_func
 .text._calloc_r
                0x0800afb8       0x78 c:/progra~2/gnuarm~1/102021~1.10/bin/../lib/gcc/arm-none-eabi/10.3.1/../../../../arm-none-eabi/lib/thumb/v7-m/nofp\libg.a(lib_a-callocr.o)
                0x0800afb8                _calloc_r
 .text.__sflush_r
                0x0800b030      0x124 c:/progra~2/gnuarm~1/102021~1.10/bin/../lib/gcc/arm-none-eabi/10.3.1/../../../../arm-none-eabi/lib/thumb/v7-m/nofp\libg.a(lib_a-fflush.o)
                0x0800b030                __sflush_r
 .text._fflush_r
                0x0800b154       0x5c c:/progra~2/gnuarm~1/102021~1.10/bin/../lib/gcc/arm-none-eabi/10.3.1/../../../../arm-none-eabi/lib/thumb/v7-m/nofp\libg.a(lib_a-fflush.o)
                0x0800b154                _fflush_r
 .text._cleanup_r
                0x0800b1b0        0xc c:/progra~2/gnuarm~1/102021~1.10/bin/../lib/gcc/arm-none-eabi/10.3.1/../../../../arm-none-eabi/lib/thumb/v7-m/nofp\libg.a(lib_a-findfp.o)
                0x0800b1b0                _cleanup_r
 .text.__sinit  0x0800b1bc      0x10c c:/progra~2/gnuarm~1/102021~1.10/bin/../lib/gcc/arm-none-eabi/10.3.1/../../../../arm-none-eabi/lib/thumb/v7-m/nofp\libg.a(lib_a-findfp.o)
                0x0800b1bc                __sinit
 .text.__sfp_lock_acquire
                0x0800b2c8        0xc c:/progra~2/gnuarm~1/102021~1.10/bin/../lib/gcc/arm-none-eabi/10.3.1/../../../../arm-none-eabi/lib/thumb/v7-m/nofp\libg.a(lib_a-findfp.o)
                0x0800b2c8                __sfp_lock_acquire
 .text.__sfp_lock_release
                0x0800b2d4        0xc c:/progra~2/gnuarm~1/102021~1.10/bin/../lib/gcc/arm-none-eabi/10.3.1/../../../../arm-none-eabi/lib/thumb/v7-m/nofp\libg.a(lib_a-findfp.o)
                0x0800b2d4                __sfp_lock_release
 .text.fiprintf
                0x0800b2e0       0x28 c:/progra~2/gnuarm~1/102021~1.10/bin/../lib/gcc/arm-none-eabi/10.3.1/../../../../arm-none-eabi/lib/thumb/v7-m/nofp\libg.a(lib_a-fiprintf.o)
                0x0800b2e0                fiprintf
 .text._fwalk_reent
                0x0800b308       0x48 c:/progra~2/gnuarm~1/102021~1.10/bin/../lib/gcc/arm-none-eabi/10.3.1/../../../../arm-none-eabi/lib/thumb/v7-m/nofp\libg.a(lib_a-fwalk.o)
                0x0800b308                _fwalk_reent
 .text.rshift   0x0800b350       0xa4 c:/progra~2/gnuarm~1/102021~1.10/bin/../lib/gcc/arm-none-eabi/10.3.1/../../../../arm-none-eabi/lib/thumb/v7-m/nofp\libg.a(lib_a-gdtoa-gethex.o)
 .text.__gethex
                0x0800b3f4      0x5c4 c:/progra~2/gnuarm~1/102021~1.10/bin/../lib/gcc/arm-none-eabi/10.3.1/../../../../arm-none-eabi/lib/thumb/v7-m/nofp\libg.a(lib_a-gdtoa-gethex.o)
                0x0800b3f4                __gethex
 .text.__match  0x0800b9b8       0x34 c:/progra~2/gnuarm~1/102021~1.10/bin/../lib/gcc/arm-none-eabi/10.3.1/../../../../arm-none-eabi/lib/thumb/v7-m/nofp\libg.a(lib_a-gdtoa-hexnan.o)
                0x0800b9b8                __match
 .text.__hexnan
                0x0800b9ec      0x1ac c:/progra~2/gnuarm~1/102021~1.10/bin/../lib/gcc/arm-none-eabi/10.3.1/../../../../arm-none-eabi/lib/thumb/v7-m/nofp\libg.a(lib_a-gdtoa-hexnan.o)
                0x0800b9ec                __hexnan
 .text.memmove  0x0800bb98       0xf8 c:/progra~2/gnuarm~1/102021~1.10/bin/../lib/gcc/arm-none-eabi/10.3.1/../../../../arm-none-eabi/lib/thumb/v7-m/nofp\libg.a(lib_a-memmove.o)
                0x0800bb98                memmove
 .text.nan      0x0800bc90        0xc c:/progra~2/gnuarm~1/102021~1.10/bin/../lib/gcc/arm-none-eabi/10.3.1/../../../../arm-none-eabi/lib/thumb/v7-m/nofp\libg.a(lib_a-s_nan.o)
                0x0800bc90                nan
 .text.strncmp  0x0800bc9c       0x7c c:/progra~2/gnuarm~1/102021~1.10/bin/../lib/gcc/arm-none-eabi/10.3.1/../../../../arm-none-eabi/lib/thumb/v7-m/nofp\libg.a(lib_a-strncmp.o)
                0x0800bc9c                strncmp
 .text.__sprint_r.part.0
                0x0800bd18       0x78 c:/progra~2/gnuarm~1/102021~1.10/bin/../lib/gcc/arm-none-eabi/10.3.1/../../../../arm-none-eabi/lib/thumb/v7-m/nofp\libg.a(lib_a-vfiprintf.o)
 .text._vfiprintf_r
                0x0800bd90      0xd98 c:/progra~2/gnuarm~1/102021~1.10/bin/../lib/gcc/arm-none-eabi/10.3.1/../../../../arm-none-eabi/lib/thumb/v7-m/nofp\libg.a(lib_a-vfiprintf.o)
                0x0800bd90                _vfiprintf_r
 .text.__sbprintf
                0x0800cb28       0x84 c:/progra~2/gnuarm~1/102021~1.10/bin/../lib/gcc/arm-none-eabi/10.3.1/../../../../arm-none-eabi/lib/thumb/v7-m/nofp\libg.a(lib_a-vfiprintf.o)
 .text.__swsetup_r
                0x0800cbac       0xd4 c:/progra~2/gnuarm~1/102021~1.10/bin/../lib/gcc/arm-none-eabi/10.3.1/../../../../arm-none-eabi/lib/thumb/v7-m/nofp\libg.a(lib_a-wsetup.o)
                0x0800cbac                __swsetup_r
 .text.abort    0x0800cc80       0x10 c:/progra~2/gnuarm~1/102021~1.10/bin/../lib/gcc/arm-none-eabi/10.3.1/../../../../arm-none-eabi/lib/thumb/v7-m/nofp\libg.a(lib_a-abort.o)
                0x0800cc80                abort
 .text._fclose_r
                0x0800cc90       0xcc c:/progra~2/gnuarm~1/102021~1.10/bin/../lib/gcc/arm-none-eabi/10.3.1/../../../../arm-none-eabi/lib/thumb/v7-m/nofp\libg.a(lib_a-fclose.o)
                0x0800cc90                _fclose_r
 .text.__fputwc
                0x0800cd5c       0xa0 c:/progra~2/gnuarm~1/102021~1.10/bin/../lib/gcc/arm-none-eabi/10.3.1/../../../../arm-none-eabi/lib/thumb/v7-m/nofp\libg.a(lib_a-fputwc.o)
                0x0800cd5c                __fputwc
 .text._fputwc_r
                0x0800cdfc       0x68 c:/progra~2/gnuarm~1/102021~1.10/bin/../lib/gcc/arm-none-eabi/10.3.1/../../../../arm-none-eabi/lib/thumb/v7-m/nofp\libg.a(lib_a-fputwc.o)
                0x0800cdfc                _fputwc_r
 .text.__sfvwrite_r
                0x0800ce64      0x2f0 c:/progra~2/gnuarm~1/102021~1.10/bin/../lib/gcc/arm-none-eabi/10.3.1/../../../../arm-none-eabi/lib/thumb/v7-m/nofp\libg.a(lib_a-fvwrite.o)
                0x0800ce64                __sfvwrite_r
 .text.__smakebuf_r
                0x0800d154       0xe0 c:/progra~2/gnuarm~1/102021~1.10/bin/../lib/gcc/arm-none-eabi/10.3.1/../../../../arm-none-eabi/lib/thumb/v7-m/nofp\libg.a(lib_a-makebuf.o)
                0x0800d154                __smakebuf_r
 .text.raise    0x0800d234       0x5c c:/progra~2/gnuarm~1/102021~1.10/bin/../lib/gcc/arm-none-eabi/10.3.1/../../../../arm-none-eabi/lib/thumb/v7-m/nofp\libg.a(lib_a-signal.o)
                0x0800d234                raise
 .text._kill_r  0x0800d290       0x28 c:/progra~2/gnuarm~1/102021~1.10/bin/../lib/gcc/arm-none-eabi/10.3.1/../../../../arm-none-eabi/lib/thumb/v7-m/nofp\libg.a(lib_a-signalr.o)
                0x0800d290                _kill_r
 .text._getpid_r
                0x0800d2b8        0x4 c:/progra~2/gnuarm~1/102021~1.10/bin/../lib/gcc/arm-none-eabi/10.3.1/../../../../arm-none-eabi/lib/thumb/v7-m/nofp\libg.a(lib_a-signalr.o)
                0x0800d2b8                _getpid_r
 .text.__swbuf_r
                0x0800d2bc       0xb0 c:/progra~2/gnuarm~1/102021~1.10/bin/../lib/gcc/arm-none-eabi/10.3.1/../../../../arm-none-eabi/lib/thumb/v7-m/nofp\libg.a(lib_a-wbuf.o)
                0x0800d2bc                __swbuf_r
 .text._wcrtomb_r
                0x0800d36c       0x3c c:/progra~2/gnuarm~1/102021~1.10/bin/../lib/gcc/arm-none-eabi/10.3.1/../../../../arm-none-eabi/lib/thumb/v7-m/nofp\libg.a(lib_a-wcrtomb.o)
                0x0800d36c                _wcrtomb_r
 .text._fstat_r
                0x0800d3a8       0x28 c:/progra~2/gnuarm~1/102021~1.10/bin/../lib/gcc/arm-none-eabi/10.3.1/../../../../arm-none-eabi/lib/thumb/v7-m/nofp\libg.a(lib_a-fstatr.o)
                0x0800d3a8                _fstat_r
 .text._isatty_r
                0x0800d3d0       0x24 c:/progra~2/gnuarm~1/102021~1.10/bin/../lib/gcc/arm-none-eabi/10.3.1/../../../../arm-none-eabi/lib/thumb/v7-m/nofp\libg.a(lib_a-isattyr.o)
                0x0800d3d0                _isatty_r
 *(.glue_7)
 .glue_7        0x0800d3f4        0x0 linker stubs
 *(.glue_7t)
 .glue_7t       0x0800d3f4        0x0 linker stubs
 *(.eh_frame)
 .eh_frame      0x0800d3f4        0x0 c:/progra~2/gnuarm~1/102021~1.10/bin/../lib/gcc/arm-none-eabi/10.3.1/thumb/v7-m/nofp/crtbegin.o
 *(.init)
 .init          0x0800d3f4        0x4 c:/progra~2/gnuarm~1/102021~1.10/bin/../lib/gcc/arm-none-eabi/10.3.1/thumb/v7-m/nofp/crti.o
                0x0800d3f4                _init
 .init          0x0800d3f8        0x8 c:/progra~2/gnuarm~1/102021~1.10/bin/../lib/gcc/arm-none-eabi/10.3.1/thumb/v7-m/nofp/crtn.o
 *(.fini)
 .fini          0x0800d400        0x4 c:/progra~2/gnuarm~1/102021~1.10/bin/../lib/gcc/arm-none-eabi/10.3.1/thumb/v7-m/nofp/crti.o
                0x0800d400                _fini
 .fini          0x0800d404        0x8 c:/progra~2/gnuarm~1/102021~1.10/bin/../lib/gcc/arm-none-eabi/10.3.1/thumb/v7-m/nofp/crtn.o
                0x0800d40c                . = ALIGN (0x4)
                0x0800d40c                _etext = .

.vfp11_veneer   0x0800d40c        0x0
 .vfp11_veneer  0x0800d40c        0x0 linker stubs

.v4_bx          0x0800d40c        0x0
 .v4_bx         0x0800d40c        0x0 linker stubs

.iplt           0x0800d40c        0x0
 .iplt          0x0800d40c        0x0 c:/progra~2/gnuarm~1/102021~1.10/bin/../lib/gcc/arm-none-eabi/10.3.1/thumb/v7-m/nofp/crtbegin.o

.rodata         0x0800d410      0x6e4
                0x0800d410                . = ALIGN (0x4)
 *(.rodata)
 .rodata        0x0800d410       0x30 CMakeFiles/uarttest.elf.dir/Core/Src/main.c.obj
 *(.rodata*)
 .rodata.sendAngleData.str1.4
                0x0800d440       0x2a CMakeFiles/uarttest.elf.dir/Core/Src/main.c.obj
 *fill*         0x0800d46a        0x2 
 .rodata.main.str1.4
                0x0800d46c        0xe CMakeFiles/uarttest.elf.dir/Core/Src/main.c.obj
 *fill*         0x0800d47a        0x2 
 .rodata.BLUETOOH_DATA_PROCESSER.str1.4
                0x0800d47c       0x17 CMakeFiles/uarttest.elf.dir/Core/Src/stm32f1xx_it.c.obj
 *fill*         0x0800d493        0x1 
 .rodata.USART2_IRQHandler.str1.4
                0x0800d494       0x11 CMakeFiles/uarttest.elf.dir/Core/Src/stm32f1xx_it.c.obj
 *fill*         0x0800d4a5        0x3 
 .rodata.AHBPrescTable
                0x0800d4a8       0x10 CMakeFiles/uarttest.elf.dir/Core/Src/system_stm32f1xx.c.obj
                0x0800d4a8                AHBPrescTable
 .rodata.APBPrescTable
                0x0800d4b8        0x8 CMakeFiles/uarttest.elf.dir/Core/Src/system_stm32f1xx.c.obj
                0x0800d4b8                APBPrescTable
 .rodata.HAL_RCC_GetSysClockFreq.str1.4
                0x0800d4c0       0x11 CMakeFiles/uarttest.elf.dir/Drivers/STM32F1xx_HAL_Driver/Src/stm32f1xx_hal_rcc.c.obj
 *fill*         0x0800d4d1        0x3 
 .rodata._global_impure_ptr
                0x0800d4d4        0x4 c:/progra~2/gnuarm~1/102021~1.10/bin/../lib/gcc/arm-none-eabi/10.3.1/../../../../arm-none-eabi/lib/thumb/v7-m/nofp\libg.a(lib_a-impure.o)
                0x0800d4d4                _global_impure_ptr
 .rodata._svfprintf_r.str1.4
                0x0800d4d8       0x42 c:/progra~2/gnuarm~1/102021~1.10/bin/../lib/gcc/arm-none-eabi/10.3.1/../../../../arm-none-eabi/lib/thumb/v7-m/nofp\libg.a(lib_a-svfprintf.o)
 *fill*         0x0800d51a        0x2 
 .rodata.blanks.1
                0x0800d51c       0x10 c:/progra~2/gnuarm~1/102021~1.10/bin/../lib/gcc/arm-none-eabi/10.3.1/../../../../arm-none-eabi/lib/thumb/v7-m/nofp\libg.a(lib_a-svfprintf.o)
 .rodata.zeroes.0
                0x0800d52c       0x10 c:/progra~2/gnuarm~1/102021~1.10/bin/../lib/gcc/arm-none-eabi/10.3.1/../../../../arm-none-eabi/lib/thumb/v7-m/nofp\libg.a(lib_a-svfprintf.o)
 .rodata.__ssvfscanf_r.str1.4
                0x0800d53c        0x5 c:/progra~2/gnuarm~1/102021~1.10/bin/../lib/gcc/arm-none-eabi/10.3.1/../../../../arm-none-eabi/lib/thumb/v7-m/nofp\libg.a(lib_a-svfscanf.o)
                                  0x9 (size before relaxing)
 *fill*         0x0800d541        0x3 
 .rodata.basefix.0
                0x0800d544       0x22 c:/progra~2/gnuarm~1/102021~1.10/bin/../lib/gcc/arm-none-eabi/10.3.1/../../../../arm-none-eabi/lib/thumb/v7-m/nofp\libg.a(lib_a-svfscanf.o)
 *fill*         0x0800d566        0x2 
 .rodata._ctype_
                0x0800d568      0x101 c:/progra~2/gnuarm~1/102021~1.10/bin/../lib/gcc/arm-none-eabi/10.3.1/../../../../arm-none-eabi/lib/thumb/v7-m/nofp\libg.a(lib_a-ctype_.o)
                0x0800d568                _ctype_
 *fill*         0x0800d669        0x3 
 .rodata._dtoa_r.str1.4
                0x0800d66c       0xa2 c:/progra~2/gnuarm~1/102021~1.10/bin/../lib/gcc/arm-none-eabi/10.3.1/../../../../arm-none-eabi/lib/thumb/v7-m/nofp\libg.a(lib_a-dtoa.o)
                                 0xa6 (size before relaxing)
 *fill*         0x0800d70e        0x2 
 .rodata._setlocale_r.str1.4
                0x0800d710        0xa c:/progra~2/gnuarm~1/102021~1.10/bin/../lib/gcc/arm-none-eabi/10.3.1/../../../../arm-none-eabi/lib/thumb/v7-m/nofp\libg.a(lib_a-locale.o)
                                  0xd (size before relaxing)
 *fill*         0x0800d71a        0x2 
 .rodata.str1.4
                0x0800d71c        0x2 c:/progra~2/gnuarm~1/102021~1.10/bin/../lib/gcc/arm-none-eabi/10.3.1/../../../../arm-none-eabi/lib/thumb/v7-m/nofp\libg.a(lib_a-locale.o)
 .rodata._mbrtowc_r.str1.4
                0x0800d71e        0x1 c:/progra~2/gnuarm~1/102021~1.10/bin/../lib/gcc/arm-none-eabi/10.3.1/../../../../arm-none-eabi/lib/thumb/v7-m/nofp\libg.a(lib_a-mbrtowc.o)
 *fill*         0x0800d71e        0x2 
 .rodata.__multadd.str1.4
                0x0800d720       0x7f c:/progra~2/gnuarm~1/102021~1.10/bin/../lib/gcc/arm-none-eabi/10.3.1/../../../../arm-none-eabi/lib/thumb/v7-m/nofp\libg.a(lib_a-mprec.o)
                                 0x93 (size before relaxing)
 *fill*         0x0800d79f        0x1 
 .rodata.__mprec_bigtens
                0x0800d7a0       0x28 c:/progra~2/gnuarm~1/102021~1.10/bin/../lib/gcc/arm-none-eabi/10.3.1/../../../../arm-none-eabi/lib/thumb/v7-m/nofp\libg.a(lib_a-mprec.o)
                0x0800d7a0                __mprec_bigtens
 .rodata.__mprec_tens
                0x0800d7c8       0xc8 c:/progra~2/gnuarm~1/102021~1.10/bin/../lib/gcc/arm-none-eabi/10.3.1/../../../../arm-none-eabi/lib/thumb/v7-m/nofp\libg.a(lib_a-mprec.o)
                0x0800d7c8                __mprec_tens
 .rodata.p05.0  0x0800d890        0xc c:/progra~2/gnuarm~1/102021~1.10/bin/../lib/gcc/arm-none-eabi/10.3.1/../../../../arm-none-eabi/lib/thumb/v7-m/nofp\libg.a(lib_a-mprec.o)
 .rodata._strtod_l.str1.4
                0x0800d89c        0xf c:/progra~2/gnuarm~1/102021~1.10/bin/../lib/gcc/arm-none-eabi/10.3.1/../../../../arm-none-eabi/lib/thumb/v7-m/nofp\libg.a(lib_a-strtod.o)
                                 0x11 (size before relaxing)
 *fill*         0x0800d8ab        0x1 
 .rodata.fpi.1  0x0800d8ac       0x14 c:/progra~2/gnuarm~1/102021~1.10/bin/../lib/gcc/arm-none-eabi/10.3.1/../../../../arm-none-eabi/lib/thumb/v7-m/nofp\libg.a(lib_a-strtod.o)
 .rodata.fpinan.0
                0x0800d8c0       0x14 c:/progra~2/gnuarm~1/102021~1.10/bin/../lib/gcc/arm-none-eabi/10.3.1/../../../../arm-none-eabi/lib/thumb/v7-m/nofp\libg.a(lib_a-strtod.o)
 *fill*         0x0800d8d4        0x4 
 .rodata.tinytens
                0x0800d8d8       0x28 c:/progra~2/gnuarm~1/102021~1.10/bin/../lib/gcc/arm-none-eabi/10.3.1/../../../../arm-none-eabi/lib/thumb/v7-m/nofp\libg.a(lib_a-strtod.o)
 .rodata.__assert_func.str1.4
                0x0800d900       0x3f c:/progra~2/gnuarm~1/102021~1.10/bin/../lib/gcc/arm-none-eabi/10.3.1/../../../../arm-none-eabi/lib/thumb/v7-m/nofp\libg.a(lib_a-assert.o)
                                 0x43 (size before relaxing)
 *fill*         0x0800d93f        0x1 
 .rodata.__gethex.str1.4
                0x0800d940       0x86 c:/progra~2/gnuarm~1/102021~1.10/bin/../lib/gcc/arm-none-eabi/10.3.1/../../../../arm-none-eabi/lib/thumb/v7-m/nofp\libg.a(lib_a-gdtoa-gethex.o)
                                 0x9a (size before relaxing)
 *fill*         0x0800d9c6        0x2 
 .rodata.__hexdig
                0x0800d9c8      0x100 c:/progra~2/gnuarm~1/102021~1.10/bin/../lib/gcc/arm-none-eabi/10.3.1/../../../../arm-none-eabi/lib/thumb/v7-m/nofp\libg.a(lib_a-gdtoa-gethex.o)
                0x0800d9c8                __hexdig
 .rodata.str1.4
                0x0800dac8        0x5 c:/progra~2/gnuarm~1/102021~1.10/bin/../lib/gcc/arm-none-eabi/10.3.1/../../../../arm-none-eabi/lib/thumb/v7-m/nofp\libg.a(lib_a-lnumeric.o)
 .rodata._C_numeric_locale
                0x0800dac8        0xc c:/progra~2/gnuarm~1/102021~1.10/bin/../lib/gcc/arm-none-eabi/10.3.1/../../../../arm-none-eabi/lib/thumb/v7-m/nofp\libg.a(lib_a-lnumeric.o)
                0x0800dac8                _C_numeric_locale
 .rodata._vfiprintf_r.str1.4
                0x0800dad4       0x2f c:/progra~2/gnuarm~1/102021~1.10/bin/../lib/gcc/arm-none-eabi/10.3.1/../../../../arm-none-eabi/lib/thumb/v7-m/nofp\libg.a(lib_a-vfiprintf.o)
 .rodata.blanks.1
                0x0800dad4       0x10 c:/progra~2/gnuarm~1/102021~1.10/bin/../lib/gcc/arm-none-eabi/10.3.1/../../../../arm-none-eabi/lib/thumb/v7-m/nofp\libg.a(lib_a-vfiprintf.o)
 .rodata.zeroes.0
                0x0800dae4       0x10 c:/progra~2/gnuarm~1/102021~1.10/bin/../lib/gcc/arm-none-eabi/10.3.1/../../../../arm-none-eabi/lib/thumb/v7-m/nofp\libg.a(lib_a-vfiprintf.o)
                0x0800db04                . = ALIGN (0x4)

.ARM.extab      0x0800daf4        0x0
                0x0800daf4                . = ALIGN (0x4)
 *(.ARM.extab* .gnu.linkonce.armextab.*)
                0x0800daf4                . = ALIGN (0x4)

.ARM            0x0800daf4        0x8
                0x0800daf4                . = ALIGN (0x4)
                0x0800daf4                __exidx_start = .
 *(.ARM.exidx*)
 .ARM.exidx     0x0800daf4        0x8 c:/progra~2/gnuarm~1/102021~1.10/bin/../lib/gcc/arm-none-eabi/10.3.1/thumb/v7-m/nofp\libgcc.a(_udivmoddi4.o)
                0x0800dafc                __exidx_end = .
                0x0800dafc                . = ALIGN (0x4)

.rel.dyn        0x0800dafc        0x0
 .rel.iplt      0x0800dafc        0x0 c:/progra~2/gnuarm~1/102021~1.10/bin/../lib/gcc/arm-none-eabi/10.3.1/thumb/v7-m/nofp/crtbegin.o

.preinit_array  0x0800dafc        0x0
                0x0800dafc                . = ALIGN (0x4)
                0x0800dafc                PROVIDE (__preinit_array_start = .)
 *(.preinit_array*)
                0x0800dafc                PROVIDE (__preinit_array_end = .)
                0x0800dafc                . = ALIGN (0x4)

.init_array     0x0800dafc        0x8
                0x0800dafc                . = ALIGN (0x4)
                0x0800dafc                PROVIDE (__init_array_start = .)
 *(SORT_BY_NAME(.init_array.*))
 .init_array.00000
                0x0800dafc        0x4 c:/progra~2/gnuarm~1/102021~1.10/bin/../lib/gcc/arm-none-eabi/10.3.1/../../../../arm-none-eabi/lib/thumb/v7-m/nofp\libg.a(lib_a-__call_atexit.o)
 *(.init_array*)
 .init_array    0x0800db00        0x4 c:/progra~2/gnuarm~1/102021~1.10/bin/../lib/gcc/arm-none-eabi/10.3.1/thumb/v7-m/nofp/crtbegin.o
                0x0800db04                PROVIDE (__init_array_end = .)
                0x0800db04                . = ALIGN (0x4)

.fini_array     0x0800db04        0x4
                0x0800db04                . = ALIGN (0x4)
                0x0800db04                PROVIDE (__fini_array_start = .)
 *(SORT_BY_NAME(.fini_array.*))
 *(.fini_array*)
 .fini_array    0x0800db04        0x4 c:/progra~2/gnuarm~1/102021~1.10/bin/../lib/gcc/arm-none-eabi/10.3.1/thumb/v7-m/nofp/crtbegin.o
                0x0800db08                PROVIDE (__fini_array_end = .)
                0x0800db08                . = ALIGN (0x4)
                0x0800db08                _sidata = LOADADDR (.data)

.data           0x20000000      0xdac load address 0x0800db08
                0x20000000                . = ALIGN (0x4)
                0x20000000                _sdata = .
 *(.data)
 *(.data*)
 .data.DefaultTheta
                0x20000000       0x90 CMakeFiles/uarttest.elf.dir/Core/Src/main.c.obj
                0x20000000                DefaultTheta
 .data.Twist1   0x20000090       0x90 CMakeFiles/uarttest.elf.dir/Core/Src/main.c.obj
                0x20000090                Twist1
 .data.Twist2   0x20000120       0x90 CMakeFiles/uarttest.elf.dir/Core/Src/main.c.obj
                0x20000120                Twist2
 .data.Twist3   0x200001b0       0x90 CMakeFiles/uarttest.elf.dir/Core/Src/main.c.obj
                0x200001b0                Twist3
 .data.Twist4   0x20000240       0x90 CMakeFiles/uarttest.elf.dir/Core/Src/main.c.obj
                0x20000240                Twist4
 .data.Twist5   0x200002d0       0x90 CMakeFiles/uarttest.elf.dir/Core/Src/main.c.obj
                0x200002d0                Twist5
 .data.Twist6   0x20000360       0x90 CMakeFiles/uarttest.elf.dir/Core/Src/main.c.obj
                0x20000360                Twist6
 .data.SystemCoreClock
                0x200003f0        0x4 CMakeFiles/uarttest.elf.dir/Core/Src/system_stm32f1xx.c.obj
                0x200003f0                SystemCoreClock
 .data.uwTickFreq
                0x200003f4        0x1 CMakeFiles/uarttest.elf.dir/Drivers/STM32F1xx_HAL_Driver/Src/stm32f1xx_hal.c.obj
                0x200003f4                uwTickFreq
 *fill*         0x200003f5        0x3 
 .data.uwTickPrio
                0x200003f8        0x4 CMakeFiles/uarttest.elf.dir/Drivers/STM32F1xx_HAL_Driver/Src/stm32f1xx_hal.c.obj
                0x200003f8                uwTickPrio
 .data._impure_ptr
                0x200003fc        0x4 c:/progra~2/gnuarm~1/102021~1.10/bin/../lib/gcc/arm-none-eabi/10.3.1/../../../../arm-none-eabi/lib/thumb/v7-m/nofp\libg.a(lib_a-impure.o)
                0x200003fc                _impure_ptr
 .data.impure_data
                0x20000400      0x428 c:/progra~2/gnuarm~1/102021~1.10/bin/../lib/gcc/arm-none-eabi/10.3.1/../../../../arm-none-eabi/lib/thumb/v7-m/nofp\libg.a(lib_a-impure.o)
 .data.__atexit_recursive_mutex
                0x20000828        0x4 c:/progra~2/gnuarm~1/102021~1.10/bin/../lib/gcc/arm-none-eabi/10.3.1/../../../../arm-none-eabi/lib/thumb/v7-m/nofp\libg.a(lib_a-__call_atexit.o)
                0x20000828                __atexit_recursive_mutex
 .data.__global_locale
                0x2000082c      0x16c c:/progra~2/gnuarm~1/102021~1.10/bin/../lib/gcc/arm-none-eabi/10.3.1/../../../../arm-none-eabi/lib/thumb/v7-m/nofp\libg.a(lib_a-locale.o)
                0x2000082c                __global_locale
 .data.__malloc_av_
                0x20000998      0x408 c:/progra~2/gnuarm~1/102021~1.10/bin/../lib/gcc/arm-none-eabi/10.3.1/../../../../arm-none-eabi/lib/thumb/v7-m/nofp\libg.a(lib_a-mallocr.o)
                0x20000998                __malloc_av_
 .data.__malloc_sbrk_base
                0x20000da0        0x4 c:/progra~2/gnuarm~1/102021~1.10/bin/../lib/gcc/arm-none-eabi/10.3.1/../../../../arm-none-eabi/lib/thumb/v7-m/nofp\libg.a(lib_a-mallocr.o)
                0x20000da0                __malloc_sbrk_base
 .data.__malloc_trim_threshold
                0x20000da4        0x4 c:/progra~2/gnuarm~1/102021~1.10/bin/../lib/gcc/arm-none-eabi/10.3.1/../../../../arm-none-eabi/lib/thumb/v7-m/nofp\libg.a(lib_a-mallocr.o)
                0x20000da4                __malloc_trim_threshold
 .data.numempty
                0x20000da8        0x2 c:/progra~2/gnuarm~1/102021~1.10/bin/../lib/gcc/arm-none-eabi/10.3.1/../../../../arm-none-eabi/lib/thumb/v7-m/nofp\libg.a(lib_a-lnumeric.o)
 *(.RamFunc)
 *(.RamFunc*)
                0x20000dac                . = ALIGN (0x4)
 *fill*         0x20000daa        0x2 
                0x20000dac                _edata = .

.igot.plt       0x20000dac        0x0 load address 0x0800e8b4
 .igot.plt      0x20000dac        0x0 c:/progra~2/gnuarm~1/102021~1.10/bin/../lib/gcc/arm-none-eabi/10.3.1/thumb/v7-m/nofp/crtbegin.o
                0x20000dac                . = ALIGN (0x4)

.bss            0x20000db0      0x5d8 load address 0x0800e8b4
                0x20000db0                _sbss = .
                0x20000db0                __bss_start__ = _sbss
 *(.bss)
 .bss           0x20000db0       0x1c c:/progra~2/gnuarm~1/102021~1.10/bin/../lib/gcc/arm-none-eabi/10.3.1/thumb/v7-m/nofp/crtbegin.o
 *(.bss*)
 .bss.BLUETOOH_UART
                0x20000dcc       0x44 CMakeFiles/uarttest.elf.dir/Core/Src/main.c.obj
                0x20000dcc                BLUETOOH_UART
 .bss.SERVO_UART
                0x20000e10       0x44 CMakeFiles/uarttest.elf.dir/Core/Src/main.c.obj
                0x20000e10                SERVO_UART
 .bss.hexRobo   0x20000e54       0x30 CMakeFiles/uarttest.elf.dir/Core/Src/main.c.obj
                0x20000e54                hexRobo
 .bss.huart1    0x20000e84       0x44 CMakeFiles/uarttest.elf.dir/Core/Src/main.c.obj
                0x20000e84                huart1
 .bss.AngleBuf  0x20000ec8       0x24 CMakeFiles/uarttest.elf.dir/Core/Src/stm32f1xx_it.c.obj
                0x20000ec8                AngleBuf
 .bss.BLUETOOH_RX_BUF
                0x20000eec      0x190 CMakeFiles/uarttest.elf.dir/Core/Src/stm32f1xx_it.c.obj
                0x20000eec                BLUETOOH_RX_BUF
 .bss.CMD_BUF   0x2000107c       0x10 CMakeFiles/uarttest.elf.dir/Core/Src/stm32f1xx_it.c.obj
                0x2000107c                CMD_BUF
 .bss.Command_Flag
                0x2000108c        0x4 CMakeFiles/uarttest.elf.dir/Core/Src/stm32f1xx_it.c.obj
                0x2000108c                Command_Flag
 .bss.ConVertAngleBuf
                0x20001090       0x90 CMakeFiles/uarttest.elf.dir/Core/Src/stm32f1xx_it.c.obj
                0x20001090                ConVertAngleBuf
 .bss.SERVO_RX_BUF
                0x20001120      0x190 CMakeFiles/uarttest.elf.dir/Core/Src/stm32f1xx_it.c.obj
                0x20001120                SERVO_RX_BUF
 .bss.isUartRxCompleted
                0x200012b0        0x4 CMakeFiles/uarttest.elf.dir/Core/Src/stm32f1xx_it.c.obj
                0x200012b0                isUartRxCompleted
 .bss.__sbrk_heap_end
                0x200012b4        0x4 CMakeFiles/uarttest.elf.dir/Core/Src/sysmem.c.obj
 .bss.uwTick    0x200012b8        0x4 CMakeFiles/uarttest.elf.dir/Drivers/STM32F1xx_HAL_Driver/Src/stm32f1xx_hal.c.obj
                0x200012b8                uwTick
 .bss.LobotTxBuf
                0x200012bc       0x80 CMakeFiles/uarttest.elf.dir/Servo/Src/Servo.c.obj
                0x200012bc                LobotTxBuf
 .bss.ServoHuart
                0x2000133c        0x4 CMakeFiles/uarttest.elf.dir/Servo/Src/Servo.c.obj
                0x2000133c                ServoHuart
 .bss.__lock___atexit_recursive_mutex
                0x20001340        0x1 c:/progra~2/gnuarm~1/102021~1.10/bin/../lib/gcc/arm-none-eabi/10.3.1/../../../../arm-none-eabi/lib/thumb/v7-m/nofp\libg.a(lib_a-lock.o)
                0x20001340                __lock___atexit_recursive_mutex
 *fill*         0x20001341        0x3 
 .bss.__lock___malloc_recursive_mutex
                0x20001344        0x1 c:/progra~2/gnuarm~1/102021~1.10/bin/../lib/gcc/arm-none-eabi/10.3.1/../../../../arm-none-eabi/lib/thumb/v7-m/nofp\libg.a(lib_a-lock.o)
                0x20001344                __lock___malloc_recursive_mutex
 *fill*         0x20001345        0x3 
 .bss.__lock___sfp_recursive_mutex
                0x20001348        0x1 c:/progra~2/gnuarm~1/102021~1.10/bin/../lib/gcc/arm-none-eabi/10.3.1/../../../../arm-none-eabi/lib/thumb/v7-m/nofp\libg.a(lib_a-lock.o)
                0x20001348                __lock___sfp_recursive_mutex
 *fill*         0x20001349        0x3 
 .bss.__lock___sinit_recursive_mutex
                0x2000134c        0x1 c:/progra~2/gnuarm~1/102021~1.10/bin/../lib/gcc/arm-none-eabi/10.3.1/../../../../arm-none-eabi/lib/thumb/v7-m/nofp\libg.a(lib_a-lock.o)
                0x2000134c                __lock___sinit_recursive_mutex
 *fill*         0x2000134d        0x3 
 .bss.__malloc_current_mallinfo
                0x20001350       0x28 c:/progra~2/gnuarm~1/102021~1.10/bin/../lib/gcc/arm-none-eabi/10.3.1/../../../../arm-none-eabi/lib/thumb/v7-m/nofp\libg.a(lib_a-mallocr.o)
                0x20001350                __malloc_current_mallinfo
 .bss.__malloc_max_sbrked_mem
                0x20001378        0x4 c:/progra~2/gnuarm~1/102021~1.10/bin/../lib/gcc/arm-none-eabi/10.3.1/../../../../arm-none-eabi/lib/thumb/v7-m/nofp\libg.a(lib_a-mallocr.o)
                0x20001378                __malloc_max_sbrked_mem
 .bss.__malloc_max_total_mem
                0x2000137c        0x4 c:/progra~2/gnuarm~1/102021~1.10/bin/../lib/gcc/arm-none-eabi/10.3.1/../../../../arm-none-eabi/lib/thumb/v7-m/nofp\libg.a(lib_a-mallocr.o)
                0x2000137c                __malloc_max_total_mem
 .bss.__malloc_top_pad
                0x20001380        0x4 c:/progra~2/gnuarm~1/102021~1.10/bin/../lib/gcc/arm-none-eabi/10.3.1/../../../../arm-none-eabi/lib/thumb/v7-m/nofp\libg.a(lib_a-mallocr.o)
                0x20001380                __malloc_top_pad
 .bss.errno     0x20001384        0x4 c:/progra~2/gnuarm~1/102021~1.10/bin/../lib/gcc/arm-none-eabi/10.3.1/../../../../arm-none-eabi/lib/thumb/v7-m/nofp\libg.a(lib_a-reent.o)
                0x20001384                errno
 *(COMMON)
                0x20001388                . = ALIGN (0x4)
                0x20001388                _ebss = .
                0x20001388                __bss_end__ = _ebss

._user_heap_stack
                0x20001388      0x600 load address 0x0800e8b4
                0x20001388                . = ALIGN (0x8)
                [!provide]                PROVIDE (end = .)
                0x20001388                PROVIDE (_end = .)
                0x20001588                . = (. + _Min_Heap_Size)
 *fill*         0x20001388      0x200 
                0x20001988                . = (. + _Min_Stack_Size)
 *fill*         0x20001588      0x400 
                0x20001988                . = ALIGN (0x8)

/DISCARD/
 libc.a(*)
 libm.a(*)
 libgcc.a(*)

.ARM.attributes
                0x00000000       0x29
 *(.ARM.attributes)
 .ARM.attributes
                0x00000000       0x1d c:/progra~2/gnuarm~1/102021~1.10/bin/../lib/gcc/arm-none-eabi/10.3.1/thumb/v7-m/nofp/crti.o
 .ARM.attributes
                0x0000001d       0x2d c:/progra~2/gnuarm~1/102021~1.10/bin/../lib/gcc/arm-none-eabi/10.3.1/thumb/v7-m/nofp/crtbegin.o
 .ARM.attributes
                0x0000004a       0x2d CMakeFiles/uarttest.elf.dir/Core/Src/main.c.obj
 .ARM.attributes
                0x00000077       0x2d CMakeFiles/uarttest.elf.dir/Core/Src/stm32f1xx_hal_msp.c.obj
 .ARM.attributes
                0x000000a4       0x2d CMakeFiles/uarttest.elf.dir/Core/Src/stm32f1xx_it.c.obj
 .ARM.attributes
                0x000000d1       0x2d CMakeFiles/uarttest.elf.dir/Core/Src/syscalls.c.obj
 .ARM.attributes
                0x000000fe       0x2d CMakeFiles/uarttest.elf.dir/Core/Src/sysmem.c.obj
 .ARM.attributes
                0x0000012b       0x2d CMakeFiles/uarttest.elf.dir/Core/Src/system_stm32f1xx.c.obj
 .ARM.attributes
                0x00000158       0x21 CMakeFiles/uarttest.elf.dir/Core/Startup/startup_stm32f103zetx.s.obj
 .ARM.attributes
                0x00000179       0x2d CMakeFiles/uarttest.elf.dir/Drivers/STM32F1xx_HAL_Driver/Src/stm32f1xx_hal.c.obj
 .ARM.attributes
                0x000001a6       0x2d CMakeFiles/uarttest.elf.dir/Drivers/STM32F1xx_HAL_Driver/Src/stm32f1xx_hal_cortex.c.obj
 .ARM.attributes
                0x000001d3       0x2d CMakeFiles/uarttest.elf.dir/Drivers/STM32F1xx_HAL_Driver/Src/stm32f1xx_hal_dma.c.obj
 .ARM.attributes
                0x00000200       0x2d CMakeFiles/uarttest.elf.dir/Drivers/STM32F1xx_HAL_Driver/Src/stm32f1xx_hal_gpio.c.obj
 .ARM.attributes
                0x0000022d       0x2d CMakeFiles/uarttest.elf.dir/Drivers/STM32F1xx_HAL_Driver/Src/stm32f1xx_hal_rcc.c.obj
 .ARM.attributes
                0x0000025a       0x2d CMakeFiles/uarttest.elf.dir/Drivers/STM32F1xx_HAL_Driver/Src/stm32f1xx_hal_uart.c.obj
 .ARM.attributes
                0x00000287       0x2d CMakeFiles/uarttest.elf.dir/HexaPod/Src/HexaPod.c.obj
 .ARM.attributes
                0x000002b4       0x2d CMakeFiles/uarttest.elf.dir/Servo/Src/Servo.c.obj
 .ARM.attributes
                0x000002e1       0x1d c:/progra~2/gnuarm~1/102021~1.10/bin/../lib/gcc/arm-none-eabi/10.3.1/thumb/v7-m/nofp\libgcc.a(_arm_addsubdf3.o)
 .ARM.attributes
                0x000002fe       0x1d c:/progra~2/gnuarm~1/102021~1.10/bin/../lib/gcc/arm-none-eabi/10.3.1/thumb/v7-m/nofp\libgcc.a(_arm_muldivdf3.o)
 .ARM.attributes
                0x0000031b       0x1d c:/progra~2/gnuarm~1/102021~1.10/bin/../lib/gcc/arm-none-eabi/10.3.1/thumb/v7-m/nofp\libgcc.a(_arm_fixunsdfsi.o)
 .ARM.attributes
                0x00000338       0x2d c:/progra~2/gnuarm~1/102021~1.10/bin/../lib/gcc/arm-none-eabi/10.3.1/../../../../arm-none-eabi/lib/thumb/v7-m/nofp\libg.a(lib_a-errno.o)
 .ARM.attributes
                0x00000365       0x2d c:/progra~2/gnuarm~1/102021~1.10/bin/../lib/gcc/arm-none-eabi/10.3.1/../../../../arm-none-eabi/lib/thumb/v7-m/nofp\libg.a(lib_a-impure.o)
 .ARM.attributes
                0x00000392       0x2d c:/progra~2/gnuarm~1/102021~1.10/bin/../lib/gcc/arm-none-eabi/10.3.1/../../../../arm-none-eabi/lib/thumb/v7-m/nofp\libg.a(lib_a-init.o)
 .ARM.attributes
                0x000003bf       0x2d c:/progra~2/gnuarm~1/102021~1.10/bin/../lib/gcc/arm-none-eabi/10.3.1/../../../../arm-none-eabi/lib/thumb/v7-m/nofp\libg.a(lib_a-memset.o)
 .ARM.attributes
                0x000003ec       0x2d c:/progra~2/gnuarm~1/102021~1.10/bin/../lib/gcc/arm-none-eabi/10.3.1/../../../../arm-none-eabi/lib/thumb/v7-m/nofp\libg.a(lib_a-sprintf.o)
 .ARM.attributes
                0x00000419       0x2d c:/progra~2/gnuarm~1/102021~1.10/bin/../lib/gcc/arm-none-eabi/10.3.1/../../../../arm-none-eabi/lib/thumb/v7-m/nofp\libg.a(lib_a-sscanf.o)
 .ARM.attributes
                0x00000446       0x2d c:/progra~2/gnuarm~1/102021~1.10/bin/../lib/gcc/arm-none-eabi/10.3.1/../../../../arm-none-eabi/lib/thumb/v7-m/nofp\libg.a(lib_a-stdio.o)
 .ARM.attributes
                0x00000473       0x2d c:/progra~2/gnuarm~1/102021~1.10/bin/../lib/gcc/arm-none-eabi/10.3.1/../../../../arm-none-eabi/lib/thumb/v7-m/nofp\libg.a(lib_a-strlen-stub.o)
 .ARM.attributes
                0x000004a0       0x2d c:/progra~2/gnuarm~1/102021~1.10/bin/../lib/gcc/arm-none-eabi/10.3.1/../../../../arm-none-eabi/lib/thumb/v7-m/nofp\libg.a(lib_a-svfprintf.o)
 .ARM.attributes
                0x000004cd       0x2d c:/progra~2/gnuarm~1/102021~1.10/bin/../lib/gcc/arm-none-eabi/10.3.1/../../../../arm-none-eabi/lib/thumb/v7-m/nofp\libg.a(lib_a-svfscanf.o)
 .ARM.attributes
                0x000004fa       0x2d c:/progra~2/gnuarm~1/102021~1.10/bin/../lib/gcc/arm-none-eabi/10.3.1/../../../../arm-none-eabi/lib/thumb/v7-m/nofp\libg.a(lib_a-writer.o)
 .ARM.attributes
                0x00000527       0x2d c:/progra~2/gnuarm~1/102021~1.10/bin/../lib/gcc/arm-none-eabi/10.3.1/../../../../arm-none-eabi/lib/thumb/v7-m/nofp\libg.a(lib_a-__call_atexit.o)
 .ARM.attributes
                0x00000554       0x2d c:/progra~2/gnuarm~1/102021~1.10/bin/../lib/gcc/arm-none-eabi/10.3.1/../../../../arm-none-eabi/lib/thumb/v7-m/nofp\libg.a(lib_a-atexit.o)
 .ARM.attributes
                0x00000581       0x2d c:/progra~2/gnuarm~1/102021~1.10/bin/../lib/gcc/arm-none-eabi/10.3.1/../../../../arm-none-eabi/lib/thumb/v7-m/nofp\libg.a(lib_a-closer.o)
 .ARM.attributes
                0x000005ae       0x2d c:/progra~2/gnuarm~1/102021~1.10/bin/../lib/gcc/arm-none-eabi/10.3.1/../../../../arm-none-eabi/lib/thumb/v7-m/nofp\libg.a(lib_a-ctype_.o)
 .ARM.attributes
                0x000005db       0x2d c:/progra~2/gnuarm~1/102021~1.10/bin/../lib/gcc/arm-none-eabi/10.3.1/../../../../arm-none-eabi/lib/thumb/v7-m/nofp\libg.a(lib_a-dtoa.o)
 .ARM.attributes
                0x00000608       0x2d c:/progra~2/gnuarm~1/102021~1.10/bin/../lib/gcc/arm-none-eabi/10.3.1/../../../../arm-none-eabi/lib/thumb/v7-m/nofp\libg.a(lib_a-fini.o)
 .ARM.attributes
                0x00000635       0x2d c:/progra~2/gnuarm~1/102021~1.10/bin/../lib/gcc/arm-none-eabi/10.3.1/../../../../arm-none-eabi/lib/thumb/v7-m/nofp\libg.a(lib_a-freer.o)
 .ARM.attributes
                0x00000662       0x2d c:/progra~2/gnuarm~1/102021~1.10/bin/../lib/gcc/arm-none-eabi/10.3.1/../../../../arm-none-eabi/lib/thumb/v7-m/nofp\libg.a(lib_a-iswspace.o)
 .ARM.attributes
                0x0000068f       0x2d c:/progra~2/gnuarm~1/102021~1.10/bin/../lib/gcc/arm-none-eabi/10.3.1/../../../../arm-none-eabi/lib/thumb/v7-m/nofp\libg.a(lib_a-iswspace_l.o)
 .ARM.attributes
                0x000006bc       0x2d c:/progra~2/gnuarm~1/102021~1.10/bin/../lib/gcc/arm-none-eabi/10.3.1/../../../../arm-none-eabi/lib/thumb/v7-m/nofp\libg.a(lib_a-locale.o)
 .ARM.attributes
                0x000006e9       0x2d c:/progra~2/gnuarm~1/102021~1.10/bin/../lib/gcc/arm-none-eabi/10.3.1/../../../../arm-none-eabi/lib/thumb/v7-m/nofp\libg.a(lib_a-localeconv.o)
 .ARM.attributes
                0x00000716       0x2d c:/progra~2/gnuarm~1/102021~1.10/bin/../lib/gcc/arm-none-eabi/10.3.1/../../../../arm-none-eabi/lib/thumb/v7-m/nofp\libg.a(lib_a-lock.o)
 .ARM.attributes
                0x00000743       0x2d c:/progra~2/gnuarm~1/102021~1.10/bin/../lib/gcc/arm-none-eabi/10.3.1/../../../../arm-none-eabi/lib/thumb/v7-m/nofp\libg.a(lib_a-lseekr.o)
 .ARM.attributes
                0x00000770       0x2d c:/progra~2/gnuarm~1/102021~1.10/bin/../lib/gcc/arm-none-eabi/10.3.1/../../../../arm-none-eabi/lib/thumb/v7-m/nofp\libg.a(lib_a-malloc.o)
 .ARM.attributes
                0x0000079d       0x2d c:/progra~2/gnuarm~1/102021~1.10/bin/../lib/gcc/arm-none-eabi/10.3.1/../../../../arm-none-eabi/lib/thumb/v7-m/nofp\libg.a(lib_a-mallocr.o)
 .ARM.attributes
                0x000007ca       0x2d c:/progra~2/gnuarm~1/102021~1.10/bin/../lib/gcc/arm-none-eabi/10.3.1/../../../../arm-none-eabi/lib/thumb/v7-m/nofp\libg.a(lib_a-mbrtowc.o)
 .ARM.attributes
                0x000007f7       0x2d c:/progra~2/gnuarm~1/102021~1.10/bin/../lib/gcc/arm-none-eabi/10.3.1/../../../../arm-none-eabi/lib/thumb/v7-m/nofp\libg.a(lib_a-mbtowc_r.o)
 .ARM.attributes
                0x00000824       0x2d c:/progra~2/gnuarm~1/102021~1.10/bin/../lib/gcc/arm-none-eabi/10.3.1/../../../../arm-none-eabi/lib/thumb/v7-m/nofp\libg.a(lib_a-memchr-stub.o)
 .ARM.attributes
                0x00000851       0x1b c:/progra~2/gnuarm~1/102021~1.10/bin/../lib/gcc/arm-none-eabi/10.3.1/../../../../arm-none-eabi/lib/thumb/v7-m/nofp\libg.a(lib_a-memcpy.o)
 .ARM.attributes
                0x0000086c       0x2d c:/progra~2/gnuarm~1/102021~1.10/bin/../lib/gcc/arm-none-eabi/10.3.1/../../../../arm-none-eabi/lib/thumb/v7-m/nofp\libg.a(lib_a-mlock.o)
 .ARM.attributes
                0x00000899       0x2d c:/progra~2/gnuarm~1/102021~1.10/bin/../lib/gcc/arm-none-eabi/10.3.1/../../../../arm-none-eabi/lib/thumb/v7-m/nofp\libg.a(lib_a-mprec.o)
 .ARM.attributes
                0x000008c6       0x2d c:/progra~2/gnuarm~1/102021~1.10/bin/../lib/gcc/arm-none-eabi/10.3.1/../../../../arm-none-eabi/lib/thumb/v7-m/nofp\libg.a(lib_a-readr.o)
 .ARM.attributes
                0x000008f3       0x2d c:/progra~2/gnuarm~1/102021~1.10/bin/../lib/gcc/arm-none-eabi/10.3.1/../../../../arm-none-eabi/lib/thumb/v7-m/nofp\libg.a(lib_a-realloc.o)
 .ARM.attributes
                0x00000920       0x2d c:/progra~2/gnuarm~1/102021~1.10/bin/../lib/gcc/arm-none-eabi/10.3.1/../../../../arm-none-eabi/lib/thumb/v7-m/nofp\libg.a(lib_a-reallocr.o)
 .ARM.attributes
                0x0000094d       0x2d c:/progra~2/gnuarm~1/102021~1.10/bin/../lib/gcc/arm-none-eabi/10.3.1/../../../../arm-none-eabi/lib/thumb/v7-m/nofp\libg.a(lib_a-reent.o)
 .ARM.attributes
                0x0000097a       0x2d c:/progra~2/gnuarm~1/102021~1.10/bin/../lib/gcc/arm-none-eabi/10.3.1/../../../../arm-none-eabi/lib/thumb/v7-m/nofp\libg.a(lib_a-s_frexp.o)
 .ARM.attributes
                0x000009a7       0x2d c:/progra~2/gnuarm~1/102021~1.10/bin/../lib/gcc/arm-none-eabi/10.3.1/../../../../arm-none-eabi/lib/thumb/v7-m/nofp\libg.a(lib_a-sbrkr.o)
 .ARM.attributes
                0x000009d4       0x2d c:/progra~2/gnuarm~1/102021~1.10/bin/../lib/gcc/arm-none-eabi/10.3.1/../../../../arm-none-eabi/lib/thumb/v7-m/nofp\libg.a(lib_a-sccl.o)
 .ARM.attributes
                0x00000a01       0x2d c:/progra~2/gnuarm~1/102021~1.10/bin/../lib/gcc/arm-none-eabi/10.3.1/../../../../arm-none-eabi/lib/thumb/v7-m/nofp\libg.a(lib_a-sf_nan.o)
 .ARM.attributes
                0x00000a2e       0x2d c:/progra~2/gnuarm~1/102021~1.10/bin/../lib/gcc/arm-none-eabi/10.3.1/../../../../arm-none-eabi/lib/thumb/v7-m/nofp\libg.a(lib_a-strncpy.o)
 .ARM.attributes
                0x00000a5b       0x2d c:/progra~2/gnuarm~1/102021~1.10/bin/../lib/gcc/arm-none-eabi/10.3.1/../../../../arm-none-eabi/lib/thumb/v7-m/nofp\libg.a(lib_a-strtod.o)
 .ARM.attributes
                0x00000a88       0x2d c:/progra~2/gnuarm~1/102021~1.10/bin/../lib/gcc/arm-none-eabi/10.3.1/../../../../arm-none-eabi/lib/thumb/v7-m/nofp\libg.a(lib_a-strtol.o)
 .ARM.attributes
                0x00000ab5       0x2d c:/progra~2/gnuarm~1/102021~1.10/bin/../lib/gcc/arm-none-eabi/10.3.1/../../../../arm-none-eabi/lib/thumb/v7-m/nofp\libg.a(lib_a-strtoll.o)
 .ARM.attributes
                0x00000ae2       0x2d c:/progra~2/gnuarm~1/102021~1.10/bin/../lib/gcc/arm-none-eabi/10.3.1/../../../../arm-none-eabi/lib/thumb/v7-m/nofp\libg.a(lib_a-strtoul.o)
 .ARM.attributes
                0x00000b0f       0x2d c:/progra~2/gnuarm~1/102021~1.10/bin/../lib/gcc/arm-none-eabi/10.3.1/../../../../arm-none-eabi/lib/thumb/v7-m/nofp\libg.a(lib_a-strtoull.o)
 .ARM.attributes
                0x00000b3c       0x2d c:/progra~2/gnuarm~1/102021~1.10/bin/../lib/gcc/arm-none-eabi/10.3.1/../../../../arm-none-eabi/lib/thumb/v7-m/nofp\libg.a(lib_a-svfiprintf.o)
 .ARM.attributes
                0x00000b69       0x2d c:/progra~2/gnuarm~1/102021~1.10/bin/../lib/gcc/arm-none-eabi/10.3.1/../../../../arm-none-eabi/lib/thumb/v7-m/nofp\libg.a(lib_a-svfiscanf.o)
 .ARM.attributes
                0x00000b96       0x2d c:/progra~2/gnuarm~1/102021~1.10/bin/../lib/gcc/arm-none-eabi/10.3.1/../../../../arm-none-eabi/lib/thumb/v7-m/nofp\libg.a(lib_a-ungetc.o)
 .ARM.attributes
                0x00000bc3       0x2d c:/progra~2/gnuarm~1/102021~1.10/bin/../lib/gcc/arm-none-eabi/10.3.1/../../../../arm-none-eabi/lib/thumb/v7-m/nofp\libg.a(lib_a-wctomb_r.o)
 .ARM.attributes
                0x00000bf0       0x2d c:/progra~2/gnuarm~1/102021~1.10/bin/../lib/gcc/arm-none-eabi/10.3.1/../../../../arm-none-eabi/lib/thumb/v7-m/nofp\libg.a(lib_a-__atexit.o)
 .ARM.attributes
                0x00000c1d       0x2d c:/progra~2/gnuarm~1/102021~1.10/bin/../lib/gcc/arm-none-eabi/10.3.1/../../../../arm-none-eabi/lib/thumb/v7-m/nofp\libg.a(lib_a-assert.o)
 .ARM.attributes
                0x00000c4a       0x2d c:/progra~2/gnuarm~1/102021~1.10/bin/../lib/gcc/arm-none-eabi/10.3.1/../../../../arm-none-eabi/lib/thumb/v7-m/nofp\libg.a(lib_a-callocr.o)
 .ARM.attributes
                0x00000c77       0x2d c:/progra~2/gnuarm~1/102021~1.10/bin/../lib/gcc/arm-none-eabi/10.3.1/../../../../arm-none-eabi/lib/thumb/v7-m/nofp\libg.a(lib_a-fflush.o)
 .ARM.attributes
                0x00000ca4       0x2d c:/progra~2/gnuarm~1/102021~1.10/bin/../lib/gcc/arm-none-eabi/10.3.1/../../../../arm-none-eabi/lib/thumb/v7-m/nofp\libg.a(lib_a-findfp.o)
 .ARM.attributes
                0x00000cd1       0x2d c:/progra~2/gnuarm~1/102021~1.10/bin/../lib/gcc/arm-none-eabi/10.3.1/../../../../arm-none-eabi/lib/thumb/v7-m/nofp\libg.a(lib_a-fiprintf.o)
 .ARM.attributes
                0x00000cfe       0x2d c:/progra~2/gnuarm~1/102021~1.10/bin/../lib/gcc/arm-none-eabi/10.3.1/../../../../arm-none-eabi/lib/thumb/v7-m/nofp\libg.a(lib_a-fwalk.o)
 .ARM.attributes
                0x00000d2b       0x2d c:/progra~2/gnuarm~1/102021~1.10/bin/../lib/gcc/arm-none-eabi/10.3.1/../../../../arm-none-eabi/lib/thumb/v7-m/nofp\libg.a(lib_a-gdtoa-gethex.o)
 .ARM.attributes
                0x00000d58       0x2d c:/progra~2/gnuarm~1/102021~1.10/bin/../lib/gcc/arm-none-eabi/10.3.1/../../../../arm-none-eabi/lib/thumb/v7-m/nofp\libg.a(lib_a-gdtoa-hexnan.o)
 .ARM.attributes
                0x00000d85       0x2d c:/progra~2/gnuarm~1/102021~1.10/bin/../lib/gcc/arm-none-eabi/10.3.1/../../../../arm-none-eabi/lib/thumb/v7-m/nofp\libg.a(lib_a-lnumeric.o)
 .ARM.attributes
                0x00000db2       0x2d c:/progra~2/gnuarm~1/102021~1.10/bin/../lib/gcc/arm-none-eabi/10.3.1/../../../../arm-none-eabi/lib/thumb/v7-m/nofp\libg.a(lib_a-memmove.o)
 .ARM.attributes
                0x00000ddf       0x2d c:/progra~2/gnuarm~1/102021~1.10/bin/../lib/gcc/arm-none-eabi/10.3.1/../../../../arm-none-eabi/lib/thumb/v7-m/nofp\libg.a(lib_a-s_nan.o)
 .ARM.attributes
                0x00000e0c       0x2d c:/progra~2/gnuarm~1/102021~1.10/bin/../lib/gcc/arm-none-eabi/10.3.1/../../../../arm-none-eabi/lib/thumb/v7-m/nofp\libg.a(lib_a-strncmp.o)
 .ARM.attributes
                0x00000e39       0x2d c:/progra~2/gnuarm~1/102021~1.10/bin/../lib/gcc/arm-none-eabi/10.3.1/../../../../arm-none-eabi/lib/thumb/v7-m/nofp\libg.a(lib_a-vfiprintf.o)
 .ARM.attributes
                0x00000e66       0x2d c:/progra~2/gnuarm~1/102021~1.10/bin/../lib/gcc/arm-none-eabi/10.3.1/../../../../arm-none-eabi/lib/thumb/v7-m/nofp\libg.a(lib_a-wsetup.o)
 .ARM.attributes
                0x00000e93       0x2d c:/progra~2/gnuarm~1/102021~1.10/bin/../lib/gcc/arm-none-eabi/10.3.1/../../../../arm-none-eabi/lib/thumb/v7-m/nofp\libg.a(lib_a-abort.o)
 .ARM.attributes
                0x00000ec0       0x2d c:/progra~2/gnuarm~1/102021~1.10/bin/../lib/gcc/arm-none-eabi/10.3.1/../../../../arm-none-eabi/lib/thumb/v7-m/nofp\libg.a(lib_a-fclose.o)
 .ARM.attributes
                0x00000eed       0x2d c:/progra~2/gnuarm~1/102021~1.10/bin/../lib/gcc/arm-none-eabi/10.3.1/../../../../arm-none-eabi/lib/thumb/v7-m/nofp\libg.a(lib_a-fputwc.o)
 .ARM.attributes
                0x00000f1a       0x2d c:/progra~2/gnuarm~1/102021~1.10/bin/../lib/gcc/arm-none-eabi/10.3.1/../../../../arm-none-eabi/lib/thumb/v7-m/nofp\libg.a(lib_a-fvwrite.o)
 .ARM.attributes
                0x00000f47       0x2d c:/progra~2/gnuarm~1/102021~1.10/bin/../lib/gcc/arm-none-eabi/10.3.1/../../../../arm-none-eabi/lib/thumb/v7-m/nofp\libg.a(lib_a-makebuf.o)
 .ARM.attributes
                0x00000f74       0x2d c:/progra~2/gnuarm~1/102021~1.10/bin/../lib/gcc/arm-none-eabi/10.3.1/../../../../arm-none-eabi/lib/thumb/v7-m/nofp\libg.a(lib_a-signal.o)
 .ARM.attributes
                0x00000fa1       0x2d c:/progra~2/gnuarm~1/102021~1.10/bin/../lib/gcc/arm-none-eabi/10.3.1/../../../../arm-none-eabi/lib/thumb/v7-m/nofp\libg.a(lib_a-signalr.o)
 .ARM.attributes